2025-10-25T20:48:58.5499490Z ##[debug]Starting: gates
2025-10-25T20:48:58.5522018Z ##[debug]Cleaning runner temp folder: /home/runner/work/_temp
2025-10-25T20:48:58.5649496Z ##[debug]Starting: Set up job
2025-10-25T20:48:58.5651314Z Current runner version: '2.329.0'
2025-10-25T20:48:58.5682104Z ##[group]Runner Image Provisioner
2025-10-25T20:48:58.5683681Z Hosted Compute Agent
2025-10-25T20:48:58.5684704Z Version: 20250912.392
2025-10-25T20:48:58.5685735Z Commit: d921fda672a98b64f4f82364647e2f10b2267d0b
2025-10-25T20:48:58.5687058Z Build Date: 2025-09-12T15:23:14Z
2025-10-25T20:48:58.5688073Z ##[endgroup]
2025-10-25T20:48:58.5688933Z ##[group]Operating System
2025-10-25T20:48:58.5690052Z Ubuntu
2025-10-25T20:48:58.5690948Z 24.04.3
2025-10-25T20:48:58.5691738Z LTS
2025-10-25T20:48:58.5692777Z ##[endgroup]
2025-10-25T20:48:58.5694086Z ##[group]Runner Image
2025-10-25T20:48:58.5695167Z Image: ubuntu-24.04
2025-10-25T20:48:58.5696231Z Version: 20250929.60.1
2025-10-25T20:48:58.5698186Z Included Software: https://github.com/actions/runner-images/blob/ubuntu24/20250929.60/images/ubuntu/Ubuntu2404-Readme.md
2025-10-25T20:48:58.5701456Z Image Release: https://github.com/actions/runner-images/releases/tag/ubuntu24%2F20250929.60
2025-10-25T20:48:58.5703472Z ##[endgroup]
2025-10-25T20:48:58.5705530Z ##[group]GITHUB_TOKEN Permissions
2025-10-25T20:48:58.5708592Z Contents: read
2025-10-25T20:48:58.5709730Z Metadata: read
2025-10-25T20:48:58.5710691Z ##[endgroup]
2025-10-25T20:48:58.5714038Z Secret source: Actions
2025-10-25T20:48:58.5716029Z ##[debug]Primary repository: edenplumbinginc-svg/Eden_erp
2025-10-25T20:48:58.5717475Z Prepare workflow directory
2025-10-25T20:48:58.5799154Z ##[debug]Creating pipeline directory: '/home/runner/work/Eden_erp'
2025-10-25T20:48:58.5802676Z ##[debug]Creating workspace directory: '/home/runner/work/Eden_erp/Eden_erp'
2025-10-25T20:48:58.5804763Z ##[debug]Update context data
2025-10-25T20:48:58.5808224Z ##[debug]Evaluating job-level environment variables
2025-10-25T20:48:58.6088900Z ##[debug]Evaluating job container
2025-10-25T20:48:58.6094934Z ##[debug]Evaluating job service containers
2025-10-25T20:48:58.6098739Z ##[debug]Evaluating job defaults
2025-10-25T20:48:58.6135389Z Prepare all required actions
2025-10-25T20:48:58.6191464Z Getting action download info
2025-10-25T20:48:58.9660790Z Download action repository 'actions/checkout@v4' (SHA:08eba0b27e820071cde6df949e0beb9ba4906955)
2025-10-25T20:48:58.9684802Z ##[debug]Copied action archive '/opt/actionarchivecache/actions_checkout/08eba0b27e820071cde6df949e0beb9ba4906955.tar.gz' to '/home/runner/work/_actions/_temp_f649b655-1412-4057-afc6-8c9ab82f8d27/cbb7bca1-4fc6-4f6a-9fd1-5f672234ab6b.tar.gz'
2025-10-25T20:48:59.1200201Z ##[debug]Unwrap 'actions-checkout-08eba0b' to '/home/runner/work/_actions/actions/checkout/v4'
2025-10-25T20:48:59.1340502Z ##[debug]Archive '/home/runner/work/_actions/_temp_f649b655-1412-4057-afc6-8c9ab82f8d27/cbb7bca1-4fc6-4f6a-9fd1-5f672234ab6b.tar.gz' has been unzipped into '/home/runner/work/_actions/actions/checkout/v4'.
2025-10-25T20:48:59.1448132Z Download action repository 'actions/setup-node@v4' (SHA:49933ea5288caeca8642d1e84afbd3f7d6820020)
2025-10-25T20:48:59.1500824Z ##[debug]Copied action archive '/opt/actionarchivecache/actions_setup-node/49933ea5288caeca8642d1e84afbd3f7d6820020.tar.gz' to '/home/runner/work/_actions/_temp_7e5c1bcf-ba85-42a9-b918-7a2c63a98e48/efa25f90-d9c1-44c7-b619-a599923930cb.tar.gz'
2025-10-25T20:48:59.2107490Z ##[debug]Unwrap 'actions-setup-node-49933ea' to '/home/runner/work/_actions/actions/setup-node/v4'
2025-10-25T20:48:59.2373168Z ##[debug]Archive '/home/runner/work/_actions/_temp_7e5c1bcf-ba85-42a9-b918-7a2c63a98e48/efa25f90-d9c1-44c7-b619-a599923930cb.tar.gz' has been unzipped into '/home/runner/work/_actions/actions/setup-node/v4'.
2025-10-25T20:48:59.2528250Z Download action repository 'actions/upload-artifact@v4' (SHA:ea165f8d65b6e75b540449e92b4886f43607fa02)
2025-10-25T20:48:59.2584614Z ##[debug]Copied action archive '/opt/actionarchivecache/actions_upload-artifact/ea165f8d65b6e75b540449e92b4886f43607fa02.tar.gz' to '/home/runner/work/_actions/_temp_bd495559-422b-41f7-ae43-c8258fd3a632/081c2b32-e5de-4129-a73a-63b27ece0caa.tar.gz'
2025-10-25T20:48:59.3335635Z ##[debug]Unwrap 'actions-upload-artifact-ea165f8' to '/home/runner/work/_actions/actions/upload-artifact/v4'
2025-10-25T20:48:59.3706652Z ##[debug]Archive '/home/runner/work/_actions/_temp_bd495559-422b-41f7-ae43-c8258fd3a632/081c2b32-e5de-4129-a73a-63b27ece0caa.tar.gz' has been unzipped into '/home/runner/work/_actions/actions/upload-artifact/v4'.
2025-10-25T20:48:59.3784712Z ##[debug]Action 'actions/upload-artifact@v4' already downloaded at '/home/runner/work/_actions/actions/upload-artifact/v4'.
2025-10-25T20:48:59.3800941Z ##[debug]action.yml for action: '/home/runner/work/_actions/actions/checkout/v4/action.yml'.
2025-10-25T20:48:59.4371843Z ##[debug]action.yml for action: '/home/runner/work/_actions/actions/setup-node/v4/action.yml'.
2025-10-25T20:48:59.4435288Z ##[debug]action.yml for action: '/home/runner/work/_actions/actions/upload-artifact/v4/action.yml'.
2025-10-25T20:48:59.4482329Z ##[debug]action.yml for action: '/home/runner/work/_actions/actions/upload-artifact/v4/action.yml'.
2025-10-25T20:48:59.4601062Z ##[debug]Set step '__actions_checkout' display name to: 'Checkout'
2025-10-25T20:48:59.4604499Z ##[debug]Set step '__actions_setup-node' display name to: 'Setup Node'
2025-10-25T20:48:59.4606408Z ##[debug]Set step '__run' display name to: 'Install dependencies'
2025-10-25T20:48:59.4608106Z ##[debug]Set step '__run_2' display name to: 'Build (all)'
2025-10-25T20:48:59.4609800Z ##[debug]Set step '__run_3' display name to: 'UI coverage'
2025-10-25T20:48:59.4611477Z ##[debug]Set step '__run_4' display name to: 'Install Playwright'
2025-10-25T20:48:59.4613160Z ##[debug]Set step '__run_5' display name to: 'Start preview server'
2025-10-25T20:48:59.4615552Z ##[debug]Set step '__run_6' display name to: 'Smoke navigation (contract-driven)'
2025-10-25T20:48:59.4617476Z ##[debug]Set step '__actions_upload-artifact' display name to: 'Upload Playwright report'
2025-10-25T20:48:59.4619565Z ##[debug]Set step '__actions_upload-artifact_2' display name to: 'Upload UI gaps (if any)'
2025-10-25T20:48:59.4620542Z Complete job name: gates
2025-10-25T20:48:59.4669678Z ##[debug]Collect running processes for tracking orphan processes.
2025-10-25T20:48:59.4858914Z ##[debug]Finishing: Set up job
2025-10-25T20:48:59.4979335Z ##[debug]Evaluating condition for step: 'Checkout'
2025-10-25T20:48:59.5015730Z ##[debug]Evaluating: success()
2025-10-25T20:48:59.5021368Z ##[debug]Evaluating success:
2025-10-25T20:48:59.5037390Z ##[debug]=> true
2025-10-25T20:48:59.5044038Z ##[debug]Result: true
2025-10-25T20:48:59.5067369Z ##[debug]Starting: Checkout
2025-10-25T20:48:59.5138531Z ##[debug]Register post job cleanup for action: actions/checkout@v4
2025-10-25T20:48:59.5224369Z ##[debug]Loading inputs
2025-10-25T20:48:59.5234095Z ##[debug]Evaluating: github.repository
2025-10-25T20:48:59.5235356Z ##[debug]Evaluating Index:
2025-10-25T20:48:59.5237364Z ##[debug]..Evaluating github:
2025-10-25T20:48:59.5238695Z ##[debug]..=> Object
2025-10-25T20:48:59.5244693Z ##[debug]..Evaluating String:
2025-10-25T20:48:59.5245667Z ##[debug]..=> 'repository'
2025-10-25T20:48:59.5249983Z ##[debug]=> 'edenplumbinginc-svg/Eden_erp'
2025-10-25T20:48:59.5251704Z ##[debug]Result: 'edenplumbinginc-svg/Eden_erp'
2025-10-25T20:48:59.5255419Z ##[debug]Evaluating: github.token
2025-10-25T20:48:59.5256020Z ##[debug]Evaluating Index:
2025-10-25T20:48:59.5256550Z ##[debug]..Evaluating github:
2025-10-25T20:48:59.5257098Z ##[debug]..=> Object
2025-10-25T20:48:59.5257592Z ##[debug]..Evaluating String:
2025-10-25T20:48:59.5258115Z ##[debug]..=> 'token'
2025-10-25T20:48:59.5259023Z ##[debug]=> '***'
2025-10-25T20:48:59.5259672Z ##[debug]Result: '***'
2025-10-25T20:48:59.5276782Z ##[debug]Loading env
2025-10-25T20:48:59.5367346Z ##[group]Run actions/checkout@v4
2025-10-25T20:48:59.5368680Z with:
2025-10-25T20:48:59.5369546Z   repository: edenplumbinginc-svg/Eden_erp
2025-10-25T20:48:59.5370960Z   token: ***
2025-10-25T20:48:59.5372159Z   ssh-strict: true
2025-10-25T20:48:59.5373011Z   ssh-user: git
2025-10-25T20:48:59.5374185Z   persist-credentials: true
2025-10-25T20:48:59.5375113Z   clean: true
2025-10-25T20:48:59.5375966Z   sparse-checkout-cone-mode: true
2025-10-25T20:48:59.5377032Z   fetch-depth: 1
2025-10-25T20:48:59.5377835Z   fetch-tags: false
2025-10-25T20:48:59.5378743Z   show-progress: true
2025-10-25T20:48:59.5379653Z   lfs: false
2025-10-25T20:48:59.5380488Z   submodules: false
2025-10-25T20:48:59.5381380Z   set-safe-directory: true
2025-10-25T20:48:59.5382721Z ##[endgroup]
2025-10-25T20:48:59.7362580Z ##[debug]GITHUB_WORKSPACE = '/home/runner/work/Eden_erp/Eden_erp'
2025-10-25T20:48:59.7366829Z ##[debug]qualified repository = 'edenplumbinginc-svg/Eden_erp'
2025-10-25T20:48:59.7368642Z ##[debug]ref = 'refs/pull/4/merge'
2025-10-25T20:48:59.7370313Z ##[debug]commit = 'ab5e4eb60beaed3d19b21645b26aca2f0b21aab9'
2025-10-25T20:48:59.7372006Z ##[debug]clean = true
2025-10-25T20:48:59.7373567Z ##[debug]filter = undefined
2025-10-25T20:48:59.7375039Z ##[debug]fetch depth = 1
2025-10-25T20:48:59.7376413Z ##[debug]fetch tags = false
2025-10-25T20:48:59.7377986Z ##[debug]show progress = true
2025-10-25T20:48:59.7379027Z ##[debug]lfs = false
2025-10-25T20:48:59.7379770Z ##[debug]submodules = false
2025-10-25T20:48:59.7381186Z ##[debug]recursive submodules = false
2025-10-25T20:48:59.7382850Z ##[debug]GitHub Host URL = 
2025-10-25T20:48:59.7385807Z ::add-matcher::/home/runner/work/_actions/actions/checkout/v4/dist/problem-matcher.json
2025-10-25T20:48:59.7491666Z ##[debug]Added matchers: 'checkout-git'. Problem matchers scan action output for known warning or error strings and report these inline.
2025-10-25T20:48:59.7499394Z Syncing repository: edenplumbinginc-svg/Eden_erp
2025-10-25T20:48:59.7501596Z ::group::Getting Git version info
2025-10-25T20:48:59.7503768Z ##[group]Getting Git version info
2025-10-25T20:48:59.7505055Z Working directory is '/home/runner/work/Eden_erp/Eden_erp'
2025-10-25T20:48:59.7506832Z ##[debug]Getting git version
2025-10-25T20:48:59.7507835Z [command]/usr/bin/git version
2025-10-25T20:48:59.7508855Z git version 2.51.0
2025-10-25T20:48:59.7510201Z ##[debug]0
2025-10-25T20:48:59.7511502Z ##[debug]git version 2.51.0
2025-10-25T20:48:59.7512344Z ##[debug]
2025-10-25T20:48:59.7514566Z ##[debug]Set git useragent to: git/2.51.0 (github-actions-checkout)
2025-10-25T20:48:59.7516501Z ::endgroup::
2025-10-25T20:48:59.7517319Z ##[endgroup]
2025-10-25T20:48:59.7521762Z ::add-mask::***
2025-10-25T20:48:59.7525002Z Temporarily overriding HOME='/home/runner/work/_temp/55672aaf-6dbe-44cf-af90-6efb46a10638' before making global git config changes
2025-10-25T20:48:59.7527647Z Adding repository directory to the temporary git global config as a safe directory
2025-10-25T20:48:59.7529762Z [command]/usr/bin/git config --global --add safe.directory /home/runner/work/Eden_erp/Eden_erp
2025-10-25T20:48:59.7531851Z ##[debug]0
2025-10-25T20:48:59.7533075Z ##[debug]
2025-10-25T20:48:59.7534502Z Deleting the contents of '/home/runner/work/Eden_erp/Eden_erp'
2025-10-25T20:48:59.7536498Z ::group::Initializing the repository
2025-10-25T20:48:59.7537606Z ##[group]Initializing the repository
2025-10-25T20:48:59.7538821Z [command]/usr/bin/git init /home/runner/work/Eden_erp/Eden_erp
2025-10-25T20:48:59.7540456Z hint: Using 'master' as the name for the initial branch. This default branch name
2025-10-25T20:48:59.7542198Z hint: is subject to change. To configure the initial branch name to use in all
2025-10-25T20:48:59.7544216Z hint: of your new repositories, which will suppress this warning, call:
2025-10-25T20:48:59.7545536Z hint:
2025-10-25T20:48:59.7546451Z hint: 	git config --global init.defaultBranch <name>
2025-10-25T20:48:59.7547566Z hint:
2025-10-25T20:48:59.7548617Z hint: Names commonly chosen instead of 'master' are 'main', 'trunk' and
2025-10-25T20:48:59.7550297Z hint: 'development'. The just-created branch can be renamed via this command:
2025-10-25T20:48:59.7551655Z hint:
2025-10-25T20:48:59.7552521Z hint: 	git branch -m <name>
2025-10-25T20:48:59.7554112Z hint:
2025-10-25T20:48:59.7555327Z hint: Disable this message with "git config set advice.defaultBranchName false"
2025-10-25T20:48:59.7557172Z Initialized empty Git repository in /home/runner/work/Eden_erp/Eden_erp/.git/
2025-10-25T20:48:59.7559126Z ##[debug]0
2025-10-25T20:48:59.7560914Z ##[debug]Initialized empty Git repository in /home/runner/work/Eden_erp/Eden_erp/.git/
2025-10-25T20:48:59.7562368Z ##[debug]
2025-10-25T20:48:59.7564084Z [command]/usr/bin/git remote add origin https://github.com/edenplumbinginc-svg/Eden_erp
2025-10-25T20:48:59.7566172Z ##[debug]0
2025-10-25T20:48:59.7567427Z ##[debug]
2025-10-25T20:48:59.7568853Z ::endgroup::
2025-10-25T20:48:59.7569613Z ##[endgroup]
2025-10-25T20:48:59.7571011Z ::group::Disabling automatic garbage collection
2025-10-25T20:48:59.7572201Z ##[group]Disabling automatic garbage collection
2025-10-25T20:48:59.7573693Z [command]/usr/bin/git config --local gc.auto 0
2025-10-25T20:48:59.7575339Z ##[debug]0
2025-10-25T20:48:59.7576596Z ##[debug]
2025-10-25T20:48:59.7577929Z ::endgroup::
2025-10-25T20:48:59.7578704Z ##[endgroup]
2025-10-25T20:48:59.7579490Z ::group::Setting up auth
2025-10-25T20:48:59.7579987Z ##[group]Setting up auth
2025-10-25T20:48:59.7581289Z [command]/usr/bin/git config --local --name-only --get-regexp core\.sshCommand
2025-10-25T20:48:59.7583193Z ##[debug]1
2025-10-25T20:48:59.7584739Z ##[debug]
2025-10-25T20:48:59.7586815Z [command]/usr/bin/git submodule foreach --recursive sh -c "git config --local --name-only --get-regexp 'core\.sshCommand' && git config --local --unset-all 'core.sshCommand' || :"
2025-10-25T20:48:59.7597661Z ##[debug]0
2025-10-25T20:48:59.7600900Z ##[debug]
2025-10-25T20:48:59.7605246Z [command]/usr/bin/git config --local --name-only --get-regexp http\.https\:\/\/github\.com\/\.extraheader
2025-10-25T20:48:59.7633511Z ##[debug]1
2025-10-25T20:48:59.7636869Z ##[debug]
2025-10-25T20:48:59.7641698Z [command]/usr/bin/git submodule foreach --recursive sh -c "git config --local --name-only --get-regexp 'http\.https\:\/\/github\.com\/\.extraheader' && git config --local --unset-all 'http.https://github.com/.extraheader' || :"
2025-10-25T20:48:59.7891879Z ##[debug]0
2025-10-25T20:48:59.7896174Z ##[debug]
2025-10-25T20:48:59.7897547Z [command]/usr/bin/git config --local http.https://github.com/.extraheader AUTHORIZATION: basic ***
2025-10-25T20:48:59.7938782Z ##[debug]0
2025-10-25T20:48:59.7941860Z ##[debug]
2025-10-25T20:48:59.7948701Z ::endgroup::
2025-10-25T20:48:59.7949510Z ##[endgroup]
2025-10-25T20:48:59.7952774Z ::group::Fetching the repository
2025-10-25T20:48:59.7954354Z ##[group]Fetching the repository
2025-10-25T20:48:59.7960843Z [command]/usr/bin/git -c protocol.version=2 fetch --no-tags --prune --no-recurse-submodules --depth=1 origin +ab5e4eb60beaed3d19b21645b26aca2f0b21aab9:refs/remotes/pull/4/merge
2025-10-25T20:49:00.4027377Z From https://github.com/edenplumbinginc-svg/Eden_erp
2025-10-25T20:49:00.4036093Z  * [new ref]         ab5e4eb60beaed3d19b21645b26aca2f0b21aab9 -> pull/4/merge
2025-10-25T20:49:00.4077613Z ##[debug]0
2025-10-25T20:49:00.4085054Z ##[debug]
2025-10-25T20:49:00.4088344Z ::endgroup::
2025-10-25T20:49:00.4088952Z ##[endgroup]
2025-10-25T20:49:00.4089971Z ::group::Determining the checkout info
2025-10-25T20:49:00.4090749Z ##[group]Determining the checkout info
2025-10-25T20:49:00.4091879Z ::endgroup::
2025-10-25T20:49:00.4092546Z ##[endgroup]
2025-10-25T20:49:00.4093928Z [command]/usr/bin/git sparse-checkout disable
2025-10-25T20:49:00.4176690Z ##[debug]0
2025-10-25T20:49:00.4180077Z ##[debug]
2025-10-25T20:49:00.4181756Z [command]/usr/bin/git config --local --unset-all extensions.worktreeConfig
2025-10-25T20:49:00.4226394Z ##[debug]0
2025-10-25T20:49:00.4237216Z ##[debug]
2025-10-25T20:49:00.4239230Z ::group::Checking out the ref
2025-10-25T20:49:00.4240598Z ##[group]Checking out the ref
2025-10-25T20:49:00.4242348Z [command]/usr/bin/git checkout --progress --force refs/remotes/pull/4/merge
2025-10-25T20:49:00.4940551Z Note: switching to 'refs/remotes/pull/4/merge'.
2025-10-25T20:49:00.4942043Z 
2025-10-25T20:49:00.4942983Z You are in 'detached HEAD' state. You can look around, make experimental
2025-10-25T20:49:00.4945311Z changes and commit them, and you can discard any commits you make in this
2025-10-25T20:49:00.4947501Z state without impacting any branches by switching back to a branch.
2025-10-25T20:49:00.4948891Z 
2025-10-25T20:49:00.4949811Z If you want to create a new branch to retain commits you create, you may
2025-10-25T20:49:00.4952204Z do so (now or later) by using -c with the switch command. Example:
2025-10-25T20:49:00.4953547Z 
2025-10-25T20:49:00.4954219Z   git switch -c <new-branch-name>
2025-10-25T20:49:00.4955187Z 
2025-10-25T20:49:00.4955828Z Or undo this operation with:
2025-10-25T20:49:00.4956674Z 
2025-10-25T20:49:00.4957281Z   git switch -
2025-10-25T20:49:00.4958073Z 
2025-10-25T20:49:00.4960641Z Turn off this advice by setting config variable advice.detachedHead to false
2025-10-25T20:49:00.4962035Z 
2025-10-25T20:49:00.4963661Z HEAD is now at ab5e4eb Merge fd9531aca127fcf57a99fb1bf6a5fd7b3129ae69 into 16eeb733fce37696e1ae51bdd5b688f4b6cafe36
2025-10-25T20:49:00.5061149Z ##[debug]0
2025-10-25T20:49:00.5083632Z ##[debug]
2025-10-25T20:49:00.5085837Z ::endgroup::
2025-10-25T20:49:00.5087026Z ##[endgroup]
2025-10-25T20:49:00.5089068Z ##[debug]0
2025-10-25T20:49:00.5091281Z ##[debug]commit ab5e4eb60beaed3d19b21645b26aca2f0b21aab9
2025-10-25T20:49:00.5094016Z ##[debug]Author: edenplumbinginc-svg <***>
2025-10-25T20:49:00.5095631Z ##[debug]Date:   Sat Oct 25 13:05:23 2025 -0400
2025-10-25T20:49:00.5097076Z ##[debug]
2025-10-25T20:49:00.5098969Z ##[debug]    Merge fd9531aca127fcf57a99fb1bf6a5fd7b3129ae69 into 16eeb733fce37696e1ae51bdd5b688f4b6cafe36
2025-10-25T20:49:00.5101092Z ##[debug]
2025-10-25T20:49:00.5102364Z [command]/usr/bin/git log -1 --format=%H
2025-10-25T20:49:00.5104065Z ab5e4eb60beaed3d19b21645b26aca2f0b21aab9
2025-10-25T20:49:00.5106246Z ##[debug]0
2025-10-25T20:49:00.5108219Z ##[debug]ab5e4eb60beaed3d19b21645b26aca2f0b21aab9
2025-10-25T20:49:00.5109670Z ##[debug]
2025-10-25T20:49:00.5111579Z ##[debug]Unsetting HOME override
2025-10-25T20:49:00.5117522Z ::remove-matcher owner=checkout-git::
2025-10-25T20:49:00.5131589Z ##[debug]Removed matchers: 'checkout-git'
2025-10-25T20:49:00.5155005Z ##[debug]Node Action run completed with exit code 0
2025-10-25T20:49:00.5190821Z ##[debug]Save intra-action state isPost = true
2025-10-25T20:49:00.5192086Z ##[debug]Save intra-action state setSafeDirectory = true
2025-10-25T20:49:00.5193596Z ##[debug]Save intra-action state repositoryPath = /home/runner/work/Eden_erp/Eden_erp
2025-10-25T20:49:00.5198460Z ##[debug]Set output commit = ab5e4eb60beaed3d19b21645b26aca2f0b21aab9
2025-10-25T20:49:00.5199704Z ##[debug]Set output ref = refs/pull/4/merge
2025-10-25T20:49:00.5205904Z ##[debug]Finishing: Checkout
2025-10-25T20:49:00.5223981Z ##[debug]Evaluating condition for step: 'Setup Node'
2025-10-25T20:49:00.5228468Z ##[debug]Evaluating: success()
2025-10-25T20:49:00.5229743Z ##[debug]Evaluating success:
2025-10-25T20:49:00.5231273Z ##[debug]=> true
2025-10-25T20:49:00.5232646Z ##[debug]Result: true
2025-10-25T20:49:00.5234557Z ##[debug]Starting: Setup Node
2025-10-25T20:49:00.5276117Z ##[debug]Register post job cleanup for action: actions/setup-node@v4
2025-10-25T20:49:00.5305313Z ##[debug]Loading inputs
2025-10-25T20:49:00.5332672Z ##[debug]Evaluating: (((github.server_url == 'https://github.com') && github.token) || '')
2025-10-25T20:49:00.5334328Z ##[debug]Evaluating Or:
2025-10-25T20:49:00.5336950Z ##[debug]..Evaluating And:
2025-10-25T20:49:00.5339320Z ##[debug]....Evaluating Equal:
2025-10-25T20:49:00.5340979Z ##[debug]......Evaluating Index:
2025-10-25T20:49:00.5342188Z ##[debug]........Evaluating github:
2025-10-25T20:49:00.5344061Z ##[debug]........=> Object
2025-10-25T20:49:00.5345490Z ##[debug]........Evaluating String:
2025-10-25T20:49:00.5346703Z ##[debug]........=> 'server_url'
2025-10-25T20:49:00.5347640Z ##[debug]......=> 'https://github.com'
2025-10-25T20:49:00.5348549Z ##[debug]......Evaluating String:
2025-10-25T20:49:00.5349622Z ##[debug]......=> 'https://github.com'
2025-10-25T20:49:00.5354280Z ##[debug]....=> true
2025-10-25T20:49:00.5355407Z ##[debug]....Evaluating Index:
2025-10-25T20:49:00.5356262Z ##[debug]......Evaluating github:
2025-10-25T20:49:00.5357182Z ##[debug]......=> Object
2025-10-25T20:49:00.5358007Z ##[debug]......Evaluating String:
2025-10-25T20:49:00.5358839Z ##[debug]......=> 'token'
2025-10-25T20:49:00.5359935Z ##[debug]....=> '***'
2025-10-25T20:49:00.5360885Z ##[debug]..=> '***'
2025-10-25T20:49:00.5362026Z ##[debug]=> '***'
2025-10-25T20:49:00.5368041Z ##[debug]Expanded: ((('https://github.com' == 'https://github.com') && '***') || '')
2025-10-25T20:49:00.5369341Z ##[debug]Result: '***'
2025-10-25T20:49:00.5374244Z ##[debug]Loading env
2025-10-25T20:49:00.5386536Z ##[group]Run actions/setup-node@v4
2025-10-25T20:49:00.5387498Z with:
2025-10-25T20:49:00.5388311Z   node-version: 20
2025-10-25T20:49:00.5389144Z   cache: npm
2025-10-25T20:49:00.5389981Z   always-auth: false
2025-10-25T20:49:00.5390827Z   check-latest: false
2025-10-25T20:49:00.5391835Z   token: ***
2025-10-25T20:49:00.5392661Z ##[endgroup]
2025-10-25T20:49:00.7195155Z ##[debug]isExplicit: 
2025-10-25T20:49:00.7197519Z ##[debug]explicit? false
2025-10-25T20:49:00.7211687Z ##[debug]isExplicit: 18.20.8
2025-10-25T20:49:00.7217286Z ##[debug]explicit? true
2025-10-25T20:49:00.7230699Z ##[debug]isExplicit: 20.19.5
2025-10-25T20:49:00.7232998Z ##[debug]explicit? true
2025-10-25T20:49:00.7241061Z ##[debug]isExplicit: 22.20.0
2025-10-25T20:49:00.7246005Z ##[debug]explicit? true
2025-10-25T20:49:00.7252259Z ##[debug]evaluating 3 versions
2025-10-25T20:49:00.7295607Z ##[debug]matched: 20.19.5
2025-10-25T20:49:00.7302923Z ##[debug]checking cache: /opt/hostedtoolcache/node/20.19.5/x64
2025-10-25T20:49:00.7310386Z ##[debug]Found tool in cache node 20.19.5 x64
2025-10-25T20:49:00.7317751Z Found in cache @ /opt/hostedtoolcache/node/20.19.5/x64
2025-10-25T20:49:00.7330439Z ::group::Environment details
2025-10-25T20:49:00.7331875Z ##[group]Environment details
2025-10-25T20:49:01.1801236Z node: v20.19.5
2025-10-25T20:49:01.1803033Z npm: 10.8.2
2025-10-25T20:49:01.1804798Z yarn: 1.22.22
2025-10-25T20:49:01.1806929Z ::endgroup::
2025-10-25T20:49:01.1808038Z ##[endgroup]
2025-10-25T20:49:01.1834258Z [command]/opt/hostedtoolcache/node/20.19.5/x64/bin/npm config get cache
2025-10-25T20:49:01.3009526Z /home/runner/.npm
2025-10-25T20:49:01.3075836Z ##[debug]npm's cache folder "/home/runner/.npm" configured for the root directory
2025-10-25T20:49:01.3081286Z ##[debug]followSymbolicLinks 'true'
2025-10-25T20:49:01.3110364Z ##[debug]followSymbolicLinks 'true'
2025-10-25T20:49:01.3114230Z ##[debug]implicitDescendants 'true'
2025-10-25T20:49:01.3117084Z ##[debug]matchDirectories 'true'
2025-10-25T20:49:01.3119720Z ##[debug]omitBrokenSymbolicLinks 'true'
2025-10-25T20:49:01.3122175Z ##[debug]excludeHiddenFiles 'false'
2025-10-25T20:49:01.3126047Z ##[debug]Search path '/home/runner/work/Eden_erp/Eden_erp/package-lock.json'
2025-10-25T20:49:01.3130576Z ##[debug]/home/runner/work/Eden_erp/Eden_erp/package-lock.json
2025-10-25T20:49:01.3185272Z ##[debug]Found 1 files to hash.
2025-10-25T20:49:01.3189613Z ##[debug]primary key is node-cache-Linux-x64-npm-49cb63e7587deb417dc5ae7166b674cd36187e669c59f0e8fa3010cccc2d772a
2025-10-25T20:49:01.3194338Z ##[debug]Cache service version: v2
2025-10-25T20:49:01.3198179Z ##[debug]Resolved Keys:
2025-10-25T20:49:01.3201892Z ##[debug]["node-cache-Linux-x64-npm-49cb63e7587deb417dc5ae7166b674cd36187e669c59f0e8fa3010cccc2d772a"]
2025-10-25T20:49:01.3206223Z ##[debug]Checking zstd --quiet --version
2025-10-25T20:49:01.3260663Z ##[debug]1.5.7
2025-10-25T20:49:01.3264853Z ##[debug]zstd version: 1.5.7
2025-10-25T20:49:01.3276423Z ##[debug][Request] GetCacheEntryDownloadURL https://results-receiver.actions.githubusercontent.com/twirp/github.actions.results.api.v1.CacheService/GetCacheEntryDownloadURL
2025-10-25T20:49:01.4679936Z ##[debug][Response] - 200
2025-10-25T20:49:01.4684123Z ##[debug]Headers: {
2025-10-25T20:49:01.4685507Z ##[debug]  "content-length": "56",
2025-10-25T20:49:01.4687738Z ##[debug]  "content-type": "application/json",
2025-10-25T20:49:01.4690258Z ##[debug]  "date": "Sat, 25 Oct 2025 20:49:01 GMT",
2025-10-25T20:49:01.4692266Z ##[debug]  "x-github-backend": "Kubernetes",
2025-10-25T20:49:01.4701941Z ##[debug]  "x-github-request-id": "8412:10ABCC:368127:518434:68FD37BD"
2025-10-25T20:49:01.4704360Z ##[debug]}
2025-10-25T20:49:01.4706384Z ##[debug]Body: {
2025-10-25T20:49:01.4707649Z ##[debug]  "ok": false,
2025-10-25T20:49:01.4709069Z ##[debug]  "signed_download_url": "",
2025-10-25T20:49:01.4710709Z ##[debug]  "matched_key": ""
2025-10-25T20:49:01.4712077Z ##[debug]}
2025-10-25T20:49:01.4719190Z ##[debug]Cache not found for version 04d00cc68e25ee34fd8b04095d0a46a28244d98af53e6925e47ed311d487b1d6 of keys: node-cache-Linux-x64-npm-49cb63e7587deb417dc5ae7166b674cd36187e669c59f0e8fa3010cccc2d772a
2025-10-25T20:49:01.4725971Z npm cache is not found
2025-10-25T20:49:01.4736473Z ##[add-matcher]/home/runner/work/_actions/actions/setup-node/v4/.github/tsc.json
2025-10-25T20:49:01.4763452Z ##[debug]Added matchers: 'tsc'. Problem matchers scan action output for known warning or error strings and report these inline.
2025-10-25T20:49:01.4769181Z ##[add-matcher]/home/runner/work/_actions/actions/setup-node/v4/.github/eslint-stylish.json
2025-10-25T20:49:01.4782128Z ##[debug]Added matchers: 'eslint-stylish'. Problem matchers scan action output for known warning or error strings and report these inline.
2025-10-25T20:49:01.4789053Z ##[add-matcher]/home/runner/work/_actions/actions/setup-node/v4/.github/eslint-compact.json
2025-10-25T20:49:01.4796878Z ##[debug]Added matchers: 'eslint-compact'. Problem matchers scan action output for known warning or error strings and report these inline.
2025-10-25T20:49:01.4819894Z ##[debug]Node Action run completed with exit code 0
2025-10-25T20:49:01.4826543Z ##[debug]Save intra-action state SETUP_NODE_CACHE_PACKAGE_MANAGER = npm
2025-10-25T20:49:01.4828402Z ##[debug]Save intra-action state CACHE_PATHS = ["/home/runner/.npm"]
2025-10-25T20:49:01.4831608Z ##[debug]Save intra-action state CACHE_KEY = node-cache-Linux-x64-npm-49cb63e7587deb417dc5ae7166b674cd36187e669c59f0e8fa3010cccc2d772a
2025-10-25T20:49:01.4835447Z ##[debug]Set output node-version = v20.19.5
2025-10-25T20:49:01.4836733Z ##[debug]Set output cache-hit = false
2025-10-25T20:49:01.4838500Z ##[debug]Finishing: Setup Node
2025-10-25T20:49:01.4859791Z ##[debug]Evaluating condition for step: 'Install dependencies'
2025-10-25T20:49:01.4862716Z ##[debug]Evaluating: success()
2025-10-25T20:49:01.4864429Z ##[debug]Evaluating success:
2025-10-25T20:49:01.4865738Z ##[debug]=> true
2025-10-25T20:49:01.4866920Z ##[debug]Result: true
2025-10-25T20:49:01.4868640Z ##[debug]Starting: Install dependencies
2025-10-25T20:49:01.4891743Z ##[debug]Loading inputs
2025-10-25T20:49:01.4894264Z ##[debug]Loading env
2025-10-25T20:49:01.4918316Z ##[group]Run npm ci
2025-10-25T20:49:01.4919164Z [36;1mnpm ci[0m
2025-10-25T20:49:01.4965106Z shell: /usr/bin/bash -e {0}
2025-10-25T20:49:01.4966067Z ##[endgroup]
2025-10-25T20:49:01.5037960Z ##[debug]/usr/bin/bash -e /home/runner/work/_temp/4f799b2e-f503-47c2-a02e-c2ca7323e4ae.sh
2025-10-25T20:49:07.2329844Z npm warn deprecated inflight@1.0.6: This module is not supported, and leaks memory. Do not use it. Check out lru-cache if you want a good and tested way to coalesce async requests by a key value, which is much more comprehensive and powerful.
2025-10-25T20:49:07.3464822Z npm warn deprecated glob@7.2.3: Glob versions prior to v9 are no longer supported
2025-10-25T20:49:08.5645406Z npm warn deprecated @esbuild-kit/esm-loader@2.6.5: Merged into tsx: https://tsx.is
2025-10-25T20:49:08.5910698Z npm warn deprecated @esbuild-kit/core-utils@3.3.2: Merged into tsx: https://tsx.is
2025-10-25T20:49:12.6784806Z 
2025-10-25T20:49:12.6787148Z added 544 packages, and audited 545 packages in 11s
2025-10-25T20:49:12.6787857Z 
2025-10-25T20:49:12.6789627Z 60 packages are looking for funding
2025-10-25T20:49:12.6791330Z   run `npm fund` for details
2025-10-25T20:49:12.7017600Z 
2025-10-25T20:49:12.7018704Z 4 moderate severity vulnerabilities
2025-10-25T20:49:12.7020791Z 
2025-10-25T20:49:12.7023895Z To address all issues (including breaking changes), run:
2025-10-25T20:49:12.7024516Z   npm audit fix --force
2025-10-25T20:49:12.7024750Z 
2025-10-25T20:49:12.7024957Z Run `npm audit` for details.
2025-10-25T20:49:12.7288377Z ##[debug]Finishing: Install dependencies
2025-10-25T20:49:12.7298950Z ##[debug]Evaluating condition for step: 'Build (all)'
2025-10-25T20:49:12.7300731Z ##[debug]Evaluating: success()
2025-10-25T20:49:12.7301197Z ##[debug]Evaluating success:
2025-10-25T20:49:12.7301615Z ##[debug]=> true
2025-10-25T20:49:12.7302068Z ##[debug]Result: true
2025-10-25T20:49:12.7302973Z ##[debug]Starting: Build (all)
2025-10-25T20:49:12.7320103Z ##[debug]Loading inputs
2025-10-25T20:49:12.7321161Z ##[debug]Loading env
2025-10-25T20:49:12.7329666Z ##[group]Run npm run build -w apps/coordination_ui || npm run build
2025-10-25T20:49:12.7330135Z [36;1mnpm run build -w apps/coordination_ui || npm run build[0m
2025-10-25T20:49:12.7363395Z shell: /usr/bin/bash -e {0}
2025-10-25T20:49:12.7363672Z ##[endgroup]
2025-10-25T20:49:12.7396771Z ##[debug]/usr/bin/bash -e /home/runner/work/_temp/efd1109b-4f0d-4ce2-8b17-42f33e89c2be.sh
2025-10-25T20:49:12.8682508Z npm error No workspaces found:
2025-10-25T20:49:12.8685934Z npm error   --workspace=apps/coordination_ui
2025-10-25T20:49:12.8702115Z npm error A complete log of this run can be found in: /home/runner/.npm/_logs/2025-10-25T20_49_12_802Z-debug-0.log
2025-10-25T20:49:12.9846025Z 
2025-10-25T20:49:12.9848136Z > eden_erp@0.1.0 build
2025-10-25T20:49:12.9849028Z > npm install && cd apps/coordination_ui && npm install && npm run build
2025-10-25T20:49:12.9849608Z 
2025-10-25T20:49:14.4854054Z 
2025-10-25T20:49:14.4855863Z up to date, audited 545 packages in 1s
2025-10-25T20:49:14.4856739Z 
2025-10-25T20:49:14.4857033Z 60 packages are looking for funding
2025-10-25T20:49:14.4857825Z   run `npm fund` for details
2025-10-25T20:49:14.5334152Z 
2025-10-25T20:49:14.5352788Z 4 moderate severity vulnerabilities
2025-10-25T20:49:14.5353570Z 
2025-10-25T20:49:14.5354200Z To address all issues (including breaking changes), run:
2025-10-25T20:49:14.5355003Z   npm audit fix --force
2025-10-25T20:49:14.5355440Z 
2025-10-25T20:49:14.5355834Z Run `npm audit` for details.
2025-10-25T20:49:22.6092711Z 
2025-10-25T20:49:22.6095544Z added 109 packages, and audited 110 packages in 8s
2025-10-25T20:49:22.6096005Z 
2025-10-25T20:49:22.6096316Z 20 packages are looking for funding
2025-10-25T20:49:22.6096830Z   run `npm fund` for details
2025-10-25T20:49:22.6184197Z 
2025-10-25T20:49:22.6188602Z 2 moderate severity vulnerabilities
2025-10-25T20:49:22.6200706Z 
2025-10-25T20:49:22.6201186Z To address all issues (including breaking changes), run:
2025-10-25T20:49:22.6201784Z   npm audit fix --force
2025-10-25T20:49:22.6202043Z 
2025-10-25T20:49:22.6202236Z Run `npm audit` for details.
2025-10-25T20:49:22.7467810Z 
2025-10-25T20:49:22.7469474Z > coordination-ui@0.1.0 prebuild
2025-10-25T20:49:22.7470829Z > node ../../scripts/generate-showcase.js
2025-10-25T20:49:22.7472437Z 
2025-10-25T20:49:22.7943074Z ✅ Wrote /home/runner/work/Eden_erp/Eden_erp/apps/coordination_ui/src/showcase/routes.json with 24 routes.
2025-10-25T20:49:22.7984488Z 
2025-10-25T20:49:22.7985478Z > coordination-ui@0.1.0 build
2025-10-25T20:49:22.7986118Z > vite build
2025-10-25T20:49:22.7986623Z 
2025-10-25T20:49:22.9916662Z [33mThe CJS build of Vite's Node API is deprecated. See https://vite.dev/guide/troubleshooting.html#vite-cjs-node-api-deprecated for more details.[39m
2025-10-25T20:49:23.0199052Z [36mvite v5.4.21 [32mbuilding for production...[36m[39m
2025-10-25T20:49:23.0698571Z transforming...
2025-10-25T20:49:29.3174568Z [32m✓[39m 1816 modules transformed.
2025-10-25T20:49:29.7262195Z rendering chunks...
2025-10-25T20:49:30.0673444Z computing gzip size...
2025-10-25T20:49:30.0986808Z [2mdist/[22m[32mindex.html                 [39m[1m[2m    0.66 kB[22m[1m[22m[2m │ gzip:   0.37 kB[22m
2025-10-25T20:49:30.0988219Z [33m
2025-10-25T20:49:30.0989055Z (!) Some chunks are larger than 500 kB after minification. Consider:
2025-10-25T20:49:30.0990049Z - Using dynamic import() to code-split the application
2025-10-25T20:49:30.0991692Z - Use build.rollupOptions.output.manualChunks to improve chunking: https://rollupjs.org/configuration-options/#output-manualchunks
2025-10-25T20:49:30.0994018Z - Adjust chunk size limit for this warning via build.chunkSizeWarningLimit.[39m
2025-10-25T20:49:30.0996556Z [2mdist/[22m[2massets/[22m[35mindex-BxHcjE4B.css  [39m[1m[2m   17.96 kB[22m[1m[22m[2m │ gzip:   4.20 kB[22m
2025-10-25T20:49:30.0997926Z [2mdist/[22m[2massets/[22m[36mroutes-Di_KjAy7.js  [39m[1m[2m    1.03 kB[22m[1m[22m[2m │ gzip:   0.31 kB[22m
2025-10-25T20:49:30.0999218Z [2mdist/[22m[2massets/[22m[36mindex-hFjRaEDr.js   [39m[1m[33m1,087.08 kB[39m[22m[2m │ gzip: 317.80 kB[22m
2025-10-25T20:49:30.0999906Z [32m✓ built in 7.05s[39m
2025-10-25T20:49:30.1655113Z ##[debug]Finishing: Build (all)
2025-10-25T20:49:30.1665832Z ##[debug]Evaluating condition for step: 'UI coverage'
2025-10-25T20:49:30.1668001Z ##[debug]Evaluating: success()
2025-10-25T20:49:30.1668606Z ##[debug]Evaluating success:
2025-10-25T20:49:30.1669255Z ##[debug]=> true
2025-10-25T20:49:30.1669838Z ##[debug]Result: true
2025-10-25T20:49:30.1670784Z ##[debug]Starting: UI coverage
2025-10-25T20:49:30.1685545Z ##[debug]Loading inputs
2025-10-25T20:49:30.1686993Z ##[debug]Loading env
2025-10-25T20:49:30.1694200Z ##[group]Run npm run check:ui
2025-10-25T20:49:30.1694658Z [36;1mnpm run check:ui[0m
2025-10-25T20:49:30.1742577Z shell: /usr/bin/bash -e {0}
2025-10-25T20:49:30.1742982Z ##[endgroup]
2025-10-25T20:49:30.1790725Z ##[debug]/usr/bin/bash -e /home/runner/work/_temp/90c59550-3a12-460b-ad78-ada077bb3086.sh
2025-10-25T20:49:30.3010185Z 
2025-10-25T20:49:30.3012097Z > eden_erp@0.1.0 check:ui
2025-10-25T20:49:30.3016221Z > node scripts/check-ui-coverage.js
2025-10-25T20:49:30.3016563Z 
2025-10-25T20:49:30.3470163Z 🔍 Checking UI coverage against contract...
2025-10-25T20:49:30.3471885Z 
2025-10-25T20:49:30.3477336Z 📦 Resource: incidents
2025-10-25T20:49:30.3481687Z    ✅ /incidents → pages/IncidentsPage.jsx
2025-10-25T20:49:30.3485489Z    ✅ /incidents/[id] → pages/IncidentDetail.jsx
2025-10-25T20:49:30.3485862Z 
2025-10-25T20:49:30.3487032Z 📦 Resource: velocity
2025-10-25T20:49:30.3487603Z    ✅ /velocity → pages/Velocity.jsx
2025-10-25T20:49:30.3487896Z 
2025-10-25T20:49:30.3497171Z 📦 Resource: profile
2025-10-25T20:49:30.3500024Z    ✅ /profile → pages/ProfilePage.jsx
2025-10-25T20:49:30.3500812Z 
2025-10-25T20:49:30.3504474Z 📦 Resource: dashboard
2025-10-25T20:49:30.3506796Z    ✅ /dashboard → pages/DashboardPage.jsx
2025-10-25T20:49:30.3508655Z 
2025-10-25T20:49:30.3510396Z 📦 Resource: projects
2025-10-25T20:49:30.3512625Z    ✅ /projects-delta → pages/SimpleProjectsPage.jsx
2025-10-25T20:49:30.3550056Z    ✅ /project/[id] → pages/ProjectDetail.jsx
2025-10-25T20:49:30.3551644Z 
2025-10-25T20:49:30.3552002Z 📦 Resource: tasks
2025-10-25T20:49:30.3552599Z    ✅ /alltasks → components/AllTasksView.jsx
2025-10-25T20:49:30.3553593Z    ✅ /tasks-delta → pages/SimpleTasksPage.jsx
2025-10-25T20:49:30.3554275Z    ✅ /tasks/new → pages/CreateTaskPage.jsx
2025-10-25T20:49:30.3554852Z    ✅ /task/[id] → pages/TaskDetail.jsx
2025-10-25T20:49:30.3555151Z 
2025-10-25T20:49:30.3555363Z 📦 Resource: reports
2025-10-25T20:49:30.3555846Z    ✅ /reports → pages/ReportsPage.tsx
2025-10-25T20:49:30.3559598Z 
2025-10-25T20:49:30.3559952Z 📦 Resource: leaderboard
2025-10-25T20:49:30.3560729Z    ✅ /leaderboard → pages/PerformanceLeaderboardPage.jsx
2025-10-25T20:49:30.3561147Z 
2025-10-25T20:49:30.3561393Z 📦 Resource: admin_rbac
2025-10-25T20:49:30.3561933Z    ✅ /admin/rbac → pages/AdminRbacPage.jsx
2025-10-25T20:49:30.3562270Z 
2025-10-25T20:49:30.3562555Z 📦 Resource: admin_decisions
2025-10-25T20:49:30.3563428Z    ✅ /admin/decisions → pages/admin/DecisionsPage.jsx
2025-10-25T20:49:30.3563836Z 
2025-10-25T20:49:30.3564156Z 📦 Resource: admin_court_flow
2025-10-25T20:49:30.3565308Z    ✅ /admin/court-flow → pages/admin/CourtFlowPage.jsx
2025-10-25T20:49:30.3565703Z 
2025-10-25T20:49:30.3565915Z 📦 Resource: auth
2025-10-25T20:49:30.3566377Z    ✅ /login → pages/LoginPage.jsx
2025-10-25T20:49:30.3566936Z    ✅ /signup → pages/SignupPage.jsx
2025-10-25T20:49:30.3567230Z 
2025-10-25T20:49:30.3567515Z 📦 Resource: guest
2025-10-25T20:49:30.3567977Z    ✅ /guest → pages/GuestView.jsx
2025-10-25T20:49:30.3568242Z 
2025-10-25T20:49:30.3568424Z 📦 Resource: audit
2025-10-25T20:49:30.3568853Z    ✅ /audit-log → pages/AuditLogViewer.jsx
2025-10-25T20:49:30.3569144Z 
2025-10-25T20:49:30.3569332Z 📦 Resource: team
2025-10-25T20:49:30.3569901Z    ✅ /team → pages/TeamOverview.jsx
2025-10-25T20:49:30.3570188Z 
2025-10-25T20:49:30.3570402Z 📦 Resource: archive
2025-10-25T20:49:30.3570816Z    ✅ /archive → pages/ArchiveView.jsx
2025-10-25T20:49:30.3571073Z 
2025-10-25T20:49:30.3571261Z 📦 Resource: intake
2025-10-25T20:49:30.3572238Z    ✅ /intake → pages/IntakeQueue.jsx
2025-10-25T20:49:30.3573458Z 
2025-10-25T20:49:30.3574006Z 📦 Resource: request_project
2025-10-25T20:49:30.3574823Z    ✅ /request-project → pages/ProjectRequestForm.jsx
2025-10-25T20:49:30.3575210Z 
2025-10-25T20:49:30.3575658Z ━━━━━━━━━━━━━━━━━━━━━━━━━━━━━━━━━━━━━━━━━━━━━━━━━━━━━━━━━━━━
2025-10-25T20:49:30.3575997Z 
2025-10-25T20:49:30.3576215Z 📊 Coverage Summary:
2025-10-25T20:49:30.3576426Z 
2025-10-25T20:49:30.3576628Z    ✅ Found:   24 pages
2025-10-25T20:49:30.3577024Z    ❌ Missing: 0 pages
2025-10-25T20:49:30.3577249Z 
2025-10-25T20:49:30.3577517Z ✅ UI coverage check PASSED
2025-10-25T20:49:30.3577922Z    All required pages exist!
2025-10-25T20:49:30.3578183Z 
2025-10-25T20:49:30.3666303Z ##[debug]Finishing: UI coverage
2025-10-25T20:49:30.3673067Z ##[debug]Evaluating condition for step: 'Install Playwright'
2025-10-25T20:49:30.3675342Z ##[debug]Evaluating: success()
2025-10-25T20:49:30.3675711Z ##[debug]Evaluating success:
2025-10-25T20:49:30.3676126Z ##[debug]=> true
2025-10-25T20:49:30.3676478Z ##[debug]Result: true
2025-10-25T20:49:30.3677051Z ##[debug]Starting: Install Playwright
2025-10-25T20:49:30.3686084Z ##[debug]Loading inputs
2025-10-25T20:49:30.3687002Z ##[debug]Loading env
2025-10-25T20:49:30.3690497Z ##[group]Run npx playwright install --with-deps
2025-10-25T20:49:30.3690845Z [36;1mnpx playwright install --with-deps[0m
2025-10-25T20:49:30.3722819Z shell: /usr/bin/bash -e {0}
2025-10-25T20:49:30.3723070Z ##[endgroup]
2025-10-25T20:49:30.3755698Z ##[debug]/usr/bin/bash -e /home/runner/work/_temp/1712f178-dfd6-4b0d-ac43-b2d4ee513965.sh
2025-10-25T20:49:31.3463700Z Installing dependencies...
2025-10-25T20:49:31.3538015Z Switching to root user to install dependencies...
2025-10-25T20:49:31.4895089Z Get:1 file:/etc/apt/apt-mirrors.txt Mirrorlist [144 B]
2025-10-25T20:49:31.5681641Z Hit:2 http://azure.archive.ubuntu.com/ubuntu noble InRelease
2025-10-25T20:49:31.5696981Z Get:6 https://packages.microsoft.com/repos/azure-cli noble InRelease [3564 B]
2025-10-25T20:49:31.5725449Z Get:7 https://packages.microsoft.com/ubuntu/24.04/prod noble InRelease [3600 B]
2025-10-25T20:49:31.5733717Z Get:3 http://azure.archive.ubuntu.com/ubuntu noble-updates InRelease [126 kB]
2025-10-25T20:49:31.5887150Z Get:4 http://azure.archive.ubuntu.com/ubuntu noble-backports InRelease [126 kB]
2025-10-25T20:49:31.5919750Z Get:5 http://azure.archive.ubuntu.com/ubuntu noble-security InRelease [126 kB]
2025-10-25T20:49:31.7218384Z Get:8 https://packages.microsoft.com/repos/azure-cli noble/main amd64 Packages [1629 B]
2025-10-25T20:49:31.7600487Z Get:9 https://packages.microsoft.com/ubuntu/24.04/prod noble/main amd64 Packages [64.1 kB]
2025-10-25T20:49:31.7684114Z Get:10 https://packages.microsoft.com/ubuntu/24.04/prod noble/main armhf Packages [11.0 kB]
2025-10-25T20:49:31.7708326Z Get:11 https://packages.microsoft.com/ubuntu/24.04/prod noble/main arm64 Packages [46.4 kB]
2025-10-25T20:49:31.8282384Z Get:12 http://azure.archive.ubuntu.com/ubuntu noble-updates/main amd64 Packages [1541 kB]
2025-10-25T20:49:31.8421572Z Get:13 http://azure.archive.ubuntu.com/ubuntu noble-updates/main Translation-en [292 kB]
2025-10-25T20:49:31.8486670Z Get:14 http://azure.archive.ubuntu.com/ubuntu noble-updates/main amd64 Components [175 kB]
2025-10-25T20:49:31.8510102Z Get:15 http://azure.archive.ubuntu.com/ubuntu noble-updates/main amd64 c-n-f Metadata [15.4 kB]
2025-10-25T20:49:31.8541216Z Get:16 http://azure.archive.ubuntu.com/ubuntu noble-updates/universe amd64 Packages [1496 kB]
2025-10-25T20:49:31.8653092Z Get:17 http://azure.archive.ubuntu.com/ubuntu noble-updates/universe Translation-en [301 kB]
2025-10-25T20:49:31.8670690Z Get:18 http://azure.archive.ubuntu.com/ubuntu noble-updates/universe amd64 Components [377 kB]
2025-10-25T20:49:31.8720071Z Get:19 http://azure.archive.ubuntu.com/ubuntu noble-updates/universe amd64 c-n-f Metadata [31.3 kB]
2025-10-25T20:49:31.8796387Z Get:20 http://azure.archive.ubuntu.com/ubuntu noble-updates/restricted amd64 Packages [2170 kB]
2025-10-25T20:49:31.9065150Z Get:21 http://azure.archive.ubuntu.com/ubuntu noble-updates/restricted Translation-en [489 kB]
2025-10-25T20:49:31.9548873Z Get:22 http://azure.archive.ubuntu.com/ubuntu noble-updates/restricted amd64 Components [212 B]
2025-10-25T20:49:31.9634697Z Get:23 http://azure.archive.ubuntu.com/ubuntu noble-updates/restricted amd64 c-n-f Metadata [516 B]
2025-10-25T20:49:31.9636478Z Get:24 http://azure.archive.ubuntu.com/ubuntu noble-updates/multiverse amd64 Packages [30.3 kB]
2025-10-25T20:49:31.9641958Z Get:25 http://azure.archive.ubuntu.com/ubuntu noble-updates/multiverse Translation-en [5564 B]
2025-10-25T20:49:31.9643850Z Get:26 http://azure.archive.ubuntu.com/ubuntu noble-updates/multiverse amd64 Components [940 B]
2025-10-25T20:49:31.9645726Z Get:27 http://azure.archive.ubuntu.com/ubuntu noble-updates/multiverse amd64 c-n-f Metadata [484 B]
2025-10-25T20:49:31.9647337Z Get:28 http://azure.archive.ubuntu.com/ubuntu noble-backports/main amd64 Components [7124 B]
2025-10-25T20:49:31.9653808Z Get:29 http://azure.archive.ubuntu.com/ubuntu noble-backports/universe amd64 Components [11.0 kB]
2025-10-25T20:49:31.9666325Z Get:30 http://azure.archive.ubuntu.com/ubuntu noble-backports/restricted amd64 Components [212 B]
2025-10-25T20:49:31.9685295Z Get:31 http://azure.archive.ubuntu.com/ubuntu noble-backports/multiverse amd64 Components [212 B]
2025-10-25T20:49:31.9714652Z Get:32 http://azure.archive.ubuntu.com/ubuntu noble-security/main amd64 Packages [1260 kB]
2025-10-25T20:49:31.9765242Z Get:33 http://azure.archive.ubuntu.com/ubuntu noble-security/main Translation-en [208 kB]
2025-10-25T20:49:31.9794999Z Get:34 http://azure.archive.ubuntu.com/ubuntu noble-security/main amd64 Components [21.5 kB]
2025-10-25T20:49:31.9804755Z Get:35 http://azure.archive.ubuntu.com/ubuntu noble-security/main amd64 c-n-f Metadata [8984 B]
2025-10-25T20:49:32.0274258Z Get:36 http://azure.archive.ubuntu.com/ubuntu noble-security/universe amd64 Packages [904 kB]
2025-10-25T20:49:32.0334749Z Get:37 http://azure.archive.ubuntu.com/ubuntu noble-security/universe Translation-en [202 kB]
2025-10-25T20:49:32.0361118Z Get:38 http://azure.archive.ubuntu.com/ubuntu noble-security/universe amd64 Components [52.2 kB]
2025-10-25T20:49:32.0378006Z Get:39 http://azure.archive.ubuntu.com/ubuntu noble-security/universe amd64 c-n-f Metadata [19.3 kB]
2025-10-25T20:49:32.0414618Z Get:40 http://azure.archive.ubuntu.com/ubuntu noble-security/restricted amd64 Packages [2069 kB]
2025-10-25T20:49:32.0502713Z Get:41 http://azure.archive.ubuntu.com/ubuntu noble-security/restricted Translation-en [468 kB]
2025-10-25T20:49:32.0541398Z Get:42 http://azure.archive.ubuntu.com/ubuntu noble-security/restricted amd64 Components [208 B]
2025-10-25T20:49:32.0558872Z Get:43 http://azure.archive.ubuntu.com/ubuntu noble-security/restricted amd64 c-n-f Metadata [500 B]
2025-10-25T20:49:32.0581647Z Get:44 http://azure.archive.ubuntu.com/ubuntu noble-security/multiverse amd64 Packages [27.4 kB]
2025-10-25T20:49:32.0592976Z Get:45 http://azure.archive.ubuntu.com/ubuntu noble-security/multiverse Translation-en [5708 B]
2025-10-25T20:49:32.0637599Z Get:46 http://azure.archive.ubuntu.com/ubuntu noble-security/multiverse amd64 Components [208 B]
2025-10-25T20:49:32.0689287Z Get:47 http://azure.archive.ubuntu.com/ubuntu noble-security/multiverse amd64 c-n-f Metadata [384 B]
2025-10-25T20:49:40.8558037Z Fetched 12.7 MB in 2s (7264 kB/s)
2025-10-25T20:49:41.6377576Z Reading package lists...
2025-10-25T20:49:41.6647318Z Reading package lists...
2025-10-25T20:49:41.8820776Z Building dependency tree...
2025-10-25T20:49:41.8829148Z Reading state information...
2025-10-25T20:49:41.9050796Z libasound2t64 is already the newest version (1.2.11-1ubuntu0.1).
2025-10-25T20:49:41.9067001Z libasound2t64 set to manually installed.
2025-10-25T20:49:41.9067790Z libatk-bridge2.0-0t64 is already the newest version (2.52.0-1build1).
2025-10-25T20:49:41.9068517Z libatk-bridge2.0-0t64 set to manually installed.
2025-10-25T20:49:41.9069241Z libatk1.0-0t64 is already the newest version (2.52.0-1build1).
2025-10-25T20:49:41.9069874Z libatk1.0-0t64 set to manually installed.
2025-10-25T20:49:41.9070539Z libatspi2.0-0t64 is already the newest version (2.52.0-1build1).
2025-10-25T20:49:41.9071185Z libatspi2.0-0t64 set to manually installed.
2025-10-25T20:49:41.9071815Z libcairo2 is already the newest version (1.18.0-3build1).
2025-10-25T20:49:41.9072397Z libcairo2 set to manually installed.
2025-10-25T20:49:41.9073035Z libcups2t64 is already the newest version (2.4.7-1.2ubuntu7.4).
2025-10-25T20:49:41.9073818Z libcups2t64 set to manually installed.
2025-10-25T20:49:41.9074462Z libdbus-1-3 is already the newest version (1.14.10-4ubuntu4.1).
2025-10-25T20:49:41.9075073Z libdbus-1-3 set to manually installed.
2025-10-25T20:49:41.9075728Z libdrm2 is already the newest version (2.4.122-1~ubuntu0.24.04.1).
2025-10-25T20:49:41.9076812Z libdrm2 set to manually installed.
2025-10-25T20:49:41.9077462Z libgbm1 is already the newest version (25.0.7-0ubuntu0.24.04.2).
2025-10-25T20:49:41.9078070Z libgbm1 set to manually installed.
2025-10-25T20:49:41.9078715Z libglib2.0-0t64 is already the newest version (2.80.0-6ubuntu3.4).
2025-10-25T20:49:41.9079364Z libglib2.0-0t64 set to manually installed.
2025-10-25T20:49:41.9080001Z libnspr4 is already the newest version (2:4.35-1.1build1).
2025-10-25T20:49:41.9080585Z libnspr4 set to manually installed.
2025-10-25T20:49:41.9081161Z libnss3 is already the newest version (2:3.98-1build1).
2025-10-25T20:49:41.9081718Z libnss3 set to manually installed.
2025-10-25T20:49:41.9082343Z libpango-1.0-0 is already the newest version (1.52.1+ds-1build1).
2025-10-25T20:49:41.9082973Z libpango-1.0-0 set to manually installed.
2025-10-25T20:49:41.9083877Z libx11-6 is already the newest version (2:1.8.7-1build1).
2025-10-25T20:49:41.9084442Z libx11-6 set to manually installed.
2025-10-25T20:49:41.9085013Z libxcb1 is already the newest version (1.15-1ubuntu2).
2025-10-25T20:49:41.9085622Z libxcb1 set to manually installed.
2025-10-25T20:49:41.9086256Z libxcomposite1 is already the newest version (1:0.4.5-1build3).
2025-10-25T20:49:41.9086904Z libxcomposite1 set to manually installed.
2025-10-25T20:49:41.9087568Z libxdamage1 is already the newest version (1:1.1.6-1build1).
2025-10-25T20:49:41.9088175Z libxdamage1 set to manually installed.
2025-10-25T20:49:41.9088782Z libxext6 is already the newest version (2:1.3.4-1build2).
2025-10-25T20:49:41.9089362Z libxext6 set to manually installed.
2025-10-25T20:49:41.9089973Z libxfixes3 is already the newest version (1:6.0.0-2build1).
2025-10-25T20:49:41.9090576Z libxfixes3 set to manually installed.
2025-10-25T20:49:41.9091201Z libxkbcommon0 is already the newest version (1.6.0-1build1).
2025-10-25T20:49:41.9091820Z libxkbcommon0 set to manually installed.
2025-10-25T20:49:41.9092459Z libxrandr2 is already the newest version (2:1.5.2-2build1).
2025-10-25T20:49:41.9093067Z libxrandr2 set to manually installed.
2025-10-25T20:49:41.9093878Z libcairo-gobject2 is already the newest version (1.18.0-3build1).
2025-10-25T20:49:41.9094557Z libcairo-gobject2 set to manually installed.
2025-10-25T20:49:41.9095262Z libfontconfig1 is already the newest version (2.15.0-1.1ubuntu2).
2025-10-25T20:49:41.9096171Z libfontconfig1 set to manually installed.
2025-10-25T20:49:41.9096865Z libfreetype6 is already the newest version (2.13.2+dfsg-1build3).
2025-10-25T20:49:41.9097508Z libfreetype6 set to manually installed.
2025-10-25T20:49:41.9098263Z libgdk-pixbuf-2.0-0 is already the newest version (2.42.10+dfsg-3ubuntu3.2).
2025-10-25T20:49:41.9099013Z libgdk-pixbuf-2.0-0 set to manually installed.
2025-10-25T20:49:41.9099724Z libgtk-3-0t64 is already the newest version (3.24.41-4ubuntu1.3).
2025-10-25T20:49:41.9100322Z libgtk-3-0t64 set to manually installed.
2025-10-25T20:49:41.9100957Z libpangocairo-1.0-0 is already the newest version (1.52.1+ds-1build1).
2025-10-25T20:49:41.9101585Z libpangocairo-1.0-0 set to manually installed.
2025-10-25T20:49:41.9102169Z libx11-xcb1 is already the newest version (2:1.8.7-1build1).
2025-10-25T20:49:41.9102708Z libx11-xcb1 set to manually installed.
2025-10-25T20:49:41.9103407Z libxcb-shm0 is already the newest version (1.15-1ubuntu2).
2025-10-25T20:49:41.9103981Z libxcb-shm0 set to manually installed.
2025-10-25T20:49:41.9104590Z libxcursor1 is already the newest version (1:1.2.1-1build1).
2025-10-25T20:49:41.9105132Z libxcursor1 set to manually installed.
2025-10-25T20:49:41.9105652Z libxi6 is already the newest version (2:1.8.1-1build1).
2025-10-25T20:49:41.9106140Z libxi6 set to manually installed.
2025-10-25T20:49:41.9106694Z libxrender1 is already the newest version (1:0.9.10-1.1build1).
2025-10-25T20:49:41.9107243Z libxrender1 set to manually installed.
2025-10-25T20:49:41.9107784Z libicu74 is already the newest version (74.2-1ubuntu3.1).
2025-10-25T20:49:41.9108429Z libatomic1 is already the newest version (14.2.0-4ubuntu2~24.04).
2025-10-25T20:49:41.9109175Z libatomic1 set to manually installed.
2025-10-25T20:49:41.9109739Z libenchant-2-2 is already the newest version (2.3.3-2build2).
2025-10-25T20:49:41.9110294Z libenchant-2-2 set to manually installed.
2025-10-25T20:49:41.9110846Z libepoxy0 is already the newest version (1.5.10-1build1).
2025-10-25T20:49:41.9111366Z libepoxy0 set to manually installed.
2025-10-25T20:49:41.9111946Z libgstreamer1.0-0 is already the newest version (1.24.2-1ubuntu0.1).
2025-10-25T20:49:41.9112544Z libgstreamer1.0-0 set to manually installed.
2025-10-25T20:49:41.9113122Z libharfbuzz0b is already the newest version (8.3.0-2build2).
2025-10-25T20:49:41.9113813Z libharfbuzz0b set to manually installed.
2025-10-25T20:49:41.9114374Z libjpeg-turbo8 is already the newest version (2.1.5-2ubuntu2).
2025-10-25T20:49:41.9114912Z libjpeg-turbo8 set to manually installed.
2025-10-25T20:49:41.9115447Z liblcms2-2 is already the newest version (2.14-2build1).
2025-10-25T20:49:41.9115937Z liblcms2-2 set to manually installed.
2025-10-25T20:49:42.0890112Z libpng16-16t64 is already the newest version (1.6.43-5build1).
2025-10-25T20:49:42.0898803Z libpng16-16t64 set to manually installed.
2025-10-25T20:49:42.0899537Z libwayland-client0 is already the newest version (1.22.0-2.1build1).
2025-10-25T20:49:42.0900259Z libwayland-client0 set to manually installed.
2025-10-25T20:49:42.0901030Z libwayland-egl1 is already the newest version (1.22.0-2.1build1).
2025-10-25T20:49:42.0901721Z libwayland-egl1 set to manually installed.
2025-10-25T20:49:42.0902497Z libwayland-server0 is already the newest version (1.22.0-2.1build1).
2025-10-25T20:49:42.0903602Z libwayland-server0 set to manually installed.
2025-10-25T20:49:42.0904403Z libwebp7 is already the newest version (1.3.2-0.4build3).
2025-10-25T20:49:42.0904995Z libwebp7 set to manually installed.
2025-10-25T20:49:42.0905627Z libwebpdemux2 is already the newest version (1.3.2-0.4build3).
2025-10-25T20:49:42.0906509Z libwebpdemux2 set to manually installed.
2025-10-25T20:49:42.0907211Z libxml2 is already the newest version (2.9.14+dfsg-1.3ubuntu3.5).
2025-10-25T20:49:42.0907864Z libxml2 set to manually installed.
2025-10-25T20:49:42.0908541Z libxslt1.1 is already the newest version (1.1.39-0exp1ubuntu0.24.04.2).
2025-10-25T20:49:42.0909199Z libxslt1.1 set to manually installed.
2025-10-25T20:49:42.0910248Z xvfb is already the newest version (2:21.1.12-1ubuntu1.4).
2025-10-25T20:49:42.0912488Z fonts-noto-color-emoji is already the newest version (2.047-0ubuntu0.24.04.1).
2025-10-25T20:49:42.0913721Z fonts-liberation is already the newest version (1:2.1.5-3).
2025-10-25T20:49:42.0914172Z fonts-liberation set to manually installed.
2025-10-25T20:49:42.0914570Z The following additional packages will be installed:
2025-10-25T20:49:42.0915025Z   glib-networking glib-networking-common glib-networking-services
2025-10-25T20:49:42.0915783Z   gsettings-desktop-schemas libaa1 libabsl20220623t64 libass9 libasyncns0
2025-10-25T20:49:42.0916343Z   libavc1394-0 libavcodec60 libavfilter9 libavformat60 libavtp0 libavutil58
2025-10-25T20:49:42.0916941Z   libblas3 libbluray2 libbs2b0 libcaca0 libcairo-script-interpreter2
2025-10-25T20:49:42.0917732Z   libcdparanoia0 libchromaprint1 libcjson1 libcodec2-1.2 libdav1d7
2025-10-25T20:49:42.0918606Z   libdc1394-25 libdca0 libdecor-0-0 libdirectfb-1.7-7t64 libdv4t64 libdvdnav4
2025-10-25T20:49:42.0919543Z   libdvdread8t64 libegl-mesa0 libegl1 libfaad2 libflac12t64 libfluidsynth3
2025-10-25T20:49:42.0920291Z   libfreeaptx0 libgav1-1 libgme0 libgraphene-1.0-0 libgsm1 libgssdp-1.6-0
2025-10-25T20:49:42.0920791Z   libgstreamer-plugins-good1.0-0 libgtk-4-common libgupnp-1.6-0
2025-10-25T20:49:42.0921243Z   libgupnp-igd-1.6-0 libhwy1t64 libiec61883-0 libimath-3-1-29t64
2025-10-25T20:49:42.0921697Z   libinstpatch-1.0-2 libjack-jackd2-0 libjxl0.7 liblapack3 liblc3-1
2025-10-25T20:49:42.0922573Z   libldacbt-enc2 liblilv-0-0 liblrdf0 libltc11 libmbedcrypto7t64 libmfx1
2025-10-25T20:49:42.0923665Z   libmjpegutils-2.1-0t64 libmodplug1 libmp3lame0 libmpcdec6
2025-10-25T20:49:42.0924852Z   libmpeg2encpp-2.1-0t64 libmpg123-0t64 libmplex2-2.1-0t64 libmysofa1
2025-10-25T20:49:42.0925678Z   libneon27t64 libnice10 libopenal-data libopenal1 libopenexr-3-1-30
2025-10-25T20:49:42.0926394Z   libopenh264-7 libopenmpt0t64 libopenni2-0 liborc-0.4-0t64
2025-10-25T20:49:42.0927132Z   libpipewire-0.3-0t64 libplacebo338 libpocketsphinx3 libpostproc57
2025-10-25T20:49:42.0927929Z   libproxy1v5 libpulse0 libqrencode4 libraptor2-0 librav1e0 libraw1394-11
2025-10-25T20:49:42.0928864Z   librist4 librsvg2-2 librubberband2 libsamplerate0 libsbc1 libsdl2-2.0-0
2025-10-25T20:49:42.0929804Z   libsecret-common libserd-0-0 libshine3 libshout3 libsndfile1 libsndio7.0
2025-10-25T20:49:42.0930765Z   libsord-0-0 libsoundtouch1 libsoup-3.0-0 libsoup-3.0-common libsoxr0
2025-10-25T20:49:42.0931697Z   libspa-0.2-modules libspandsp2t64 libspeex1 libsphinxbase3t64 libsratom-0-0
2025-10-25T20:49:42.0932642Z   libsrt1.5-gnutls libsrtp2-1 libssh-gcrypt-4 libsvtav1enc1d1 libswresample4
2025-10-25T20:49:42.0933785Z   libswscale7 libtag1v5 libtag1v5-vanilla libtheora0 libtwolame0 libudfread0
2025-10-25T20:49:42.0934701Z   libunibreak5 libv4l-0t64 libv4lconvert0t64 libva-drm2 libva-x11-2 libva2
2025-10-25T20:49:42.0935575Z   libvdpau1 libvidstab1.1 libvisual-0.4-0 libvo-aacenc0 libvo-amrwbenc0
2025-10-25T20:49:42.0936480Z   libvorbisenc2 libvpl2 libwavpack1 libwebrtc-audio-processing1 libwildmidi2
2025-10-25T20:49:42.0937420Z   libx265-199 libxcb-xkb1 libxkbcommon-x11-0 libxvidcore4 libyuv0 libzbar0t64
2025-10-25T20:49:42.0938331Z   libzimg2 libzix-0-0 libzvbi-common libzvbi0t64 libzxing3 ocl-icd-libopencl1
2025-10-25T20:49:42.0939222Z   session-migration timgm6mb-soundfont xfonts-encodings xfonts-utils
2025-10-25T20:49:42.0939913Z Suggested packages:
2025-10-25T20:49:42.0940527Z   frei0r-plugins gvfs libcuda1 libnvcuvid1 libnvidia-encode1 libbluray-bdj
2025-10-25T20:49:42.0941438Z   libdirectfb-extra libdv-bin oss-compat libdvdcss2 libvisual-0.4-plugins
2025-10-25T20:49:42.0942309Z   jackd2 liblrdf0-dev libportaudio2 opus-tools pipewire pulseaudio
2025-10-25T20:49:42.0943128Z   raptor2-utils libraw1394-doc librsvg2-bin serdi sndiod sordi speex
2025-10-25T20:49:42.0944079Z   libwildmidi-config opencl-icd fluid-soundfont-gm
2025-10-25T20:49:42.0944624Z Recommended packages:
2025-10-25T20:49:42.0945188Z   fonts-ipafont-mincho fonts-tlwg-loma gstreamer1.0-x libaacs0
2025-10-25T20:49:42.0946466Z   default-libdecor-0-plugin-1 | libdecor-0-plugin-1 gstreamer1.0-gl
2025-10-25T20:49:42.0947441Z   libgtk-4-bin librsvg2-common libgtk-4-media-gstreamer libpipewire-0.3-common
2025-10-25T20:49:42.0948449Z   pocketsphinx-en-us va-driver-all | va-driver vdpau-driver-all | vdpau-driver
2025-10-25T20:49:42.0949156Z   libmagickcore-6.q16-7-extra
2025-10-25T20:49:42.2074644Z The following NEW packages will be installed:
2025-10-25T20:49:42.2075424Z   fonts-freefont-ttf fonts-ipafont-gothic fonts-tlwg-loma-otf fonts-unifont
2025-10-25T20:49:42.2076447Z   fonts-wqy-zenhei glib-networking glib-networking-common
2025-10-25T20:49:42.2077392Z   glib-networking-services gsettings-desktop-schemas gstreamer1.0-libav
2025-10-25T20:49:42.2078461Z   gstreamer1.0-plugins-bad gstreamer1.0-plugins-base gstreamer1.0-plugins-good
2025-10-25T20:49:42.2079559Z   libaa1 libabsl20220623t64 libass9 libasyncns0 libavc1394-0 libavcodec60
2025-10-25T20:49:42.2080533Z   libavfilter9 libavformat60 libavif16 libavtp0 libavutil58 libblas3
2025-10-25T20:49:42.2081515Z   libbluray2 libbs2b0 libcaca0 libcairo-script-interpreter2 libcdparanoia0
2025-10-25T20:49:42.2082473Z   libchromaprint1 libcjson1 libcodec2-1.2 libdav1d7 libdc1394-25 libdca0
2025-10-25T20:49:42.2083591Z   libdecor-0-0 libdirectfb-1.7-7t64 libdv4t64 libdvdnav4 libdvdread8t64
2025-10-25T20:49:42.2084620Z   libegl-mesa0 libegl1 libevent-2.1-7t64 libfaad2 libflac12t64 libflite1
2025-10-25T20:49:42.2085583Z   libfluidsynth3 libfreeaptx0 libgav1-1 libgles2 libgme0 libgraphene-1.0-0
2025-10-25T20:49:42.2086626Z   libgsm1 libgssdp-1.6-0 libgstreamer-gl1.0-0 libgstreamer-plugins-bad1.0-0
2025-10-25T20:49:42.2088062Z   libgstreamer-plugins-base1.0-0 libgstreamer-plugins-good1.0-0 libgtk-4-1
2025-10-25T20:49:42.2089108Z   libgtk-4-common libgupnp-1.6-0 libgupnp-igd-1.6-0 libharfbuzz-icu0
2025-10-25T20:49:42.2090101Z   libhwy1t64 libhyphen0 libiec61883-0 libimath-3-1-29t64 libinstpatch-1.0-2
2025-10-25T20:49:42.2091138Z   libjack-jackd2-0 libjxl0.7 liblapack3 liblc3-1 libldacbt-enc2 liblilv-0-0
2025-10-25T20:49:42.2092089Z   liblrdf0 libltc11 libmanette-0.2-0 libmbedcrypto7t64 libmfx1
2025-10-25T20:49:42.2092945Z   libmjpegutils-2.1-0t64 libmodplug1 libmp3lame0 libmpcdec6
2025-10-25T20:49:42.2103932Z   libmpeg2encpp-2.1-0t64 libmpg123-0t64 libmplex2-2.1-0t64 libmysofa1
2025-10-25T20:49:42.2104790Z   libneon27t64 libnice10 libopenal-data libopenal1 libopenexr-3-1-30
2025-10-25T20:49:42.2105691Z   libopenh264-7 libopenmpt0t64 libopenni2-0 libopus0 liborc-0.4-0t64
2025-10-25T20:49:42.2106584Z   libpipewire-0.3-0t64 libplacebo338 libpocketsphinx3 libpostproc57
2025-10-25T20:49:42.2107484Z   libproxy1v5 libpulse0 libqrencode4 libraptor2-0 librav1e0 libraw1394-11
2025-10-25T20:49:42.2108454Z   librist4 librsvg2-2 librubberband2 libsamplerate0 libsbc1 libsdl2-2.0-0
2025-10-25T20:49:42.2109366Z   libsecret-1-0 libsecret-common libserd-0-0 libshine3 libshout3 libsndfile1
2025-10-25T20:49:42.2110239Z   libsndio7.0 libsord-0-0 libsoundtouch1 libsoup-3.0-0 libsoup-3.0-common
2025-10-25T20:49:42.2111104Z   libsoxr0 libspa-0.2-modules libspandsp2t64 libspeex1 libsphinxbase3t64
2025-10-25T20:49:42.2111992Z   libsratom-0-0 libsrt1.5-gnutls libsrtp2-1 libssh-gcrypt-4 libsvtav1enc1d1
2025-10-25T20:49:42.2112954Z   libswresample4 libswscale7 libtag1v5 libtag1v5-vanilla libtheora0
2025-10-25T20:49:42.2114072Z   libtwolame0 libudfread0 libunibreak5 libv4l-0t64 libv4lconvert0t64
2025-10-25T20:49:42.2114999Z   libva-drm2 libva-x11-2 libva2 libvdpau1 libvidstab1.1 libvisual-0.4-0
2025-10-25T20:49:42.2115939Z   libvo-aacenc0 libvo-amrwbenc0 libvorbisenc2 libvpl2 libvpx9 libwavpack1
2025-10-25T20:49:42.2116870Z   libwebrtc-audio-processing1 libwildmidi2 libwoff1 libx264-164 libx265-199
2025-10-25T20:49:42.2117709Z   libxcb-xkb1 libxkbcommon-x11-0 libxvidcore4 libyuv0 libzbar0t64 libzimg2
2025-10-25T20:49:42.2118483Z   libzix-0-0 libzvbi-common libzvbi0t64 libzxing3 ocl-icd-libopencl1
2025-10-25T20:49:42.2119262Z   session-migration timgm6mb-soundfont xfonts-cyrillic xfonts-encodings
2025-10-25T20:49:42.2120261Z   xfonts-scalable xfonts-utils
2025-10-25T20:49:42.2425192Z 0 upgraded, 179 newly installed, 0 to remove and 43 not upgraded.
2025-10-25T20:49:42.2427367Z Need to get 114 MB of archives.
2025-10-25T20:49:42.2429161Z After this operation, 363 MB of additional disk space will be used.
2025-10-25T20:49:42.2430994Z Get:1 file:/etc/apt/apt-mirrors.txt Mirrorlist [144 B]
2025-10-25T20:49:42.3236486Z Get:2 http://azure.archive.ubuntu.com/ubuntu noble/universe amd64 fonts-ipafont-gothic all 00303-21ubuntu1 [3513 kB]
2025-10-25T20:49:42.4482982Z Get:3 http://azure.archive.ubuntu.com/ubuntu noble/main amd64 fonts-freefont-ttf all 20211204+svn4273-2 [5641 kB]
2025-10-25T20:49:42.6088240Z Get:4 http://azure.archive.ubuntu.com/ubuntu noble/universe amd64 fonts-tlwg-loma-otf all 1:0.7.3-1 [107 kB]
2025-10-25T20:49:42.6398586Z Get:5 http://azure.archive.ubuntu.com/ubuntu noble/universe amd64 fonts-unifont all 1:15.1.01-1build1 [2993 kB]
2025-10-25T20:49:42.7606150Z Get:6 http://azure.archive.ubuntu.com/ubuntu noble/universe amd64 fonts-wqy-zenhei all 0.9.45-8 [7472 kB]
2025-10-25T20:49:42.9450363Z Get:7 http://azure.archive.ubuntu.com/ubuntu noble/main amd64 libproxy1v5 amd64 0.5.4-4build1 [26.5 kB]
2025-10-25T20:49:42.9756723Z Get:8 http://azure.archive.ubuntu.com/ubuntu noble/main amd64 glib-networking-common all 2.80.0-1build1 [6702 B]
2025-10-25T20:49:43.0062477Z Get:9 http://azure.archive.ubuntu.com/ubuntu noble/main amd64 glib-networking-services amd64 2.80.0-1build1 [12.8 kB]
2025-10-25T20:49:43.0506885Z Get:10 http://azure.archive.ubuntu.com/ubuntu noble/main amd64 session-migration amd64 0.3.9build1 [9034 B]
2025-10-25T20:49:43.0812023Z Get:11 http://azure.archive.ubuntu.com/ubuntu noble-updates/main amd64 gsettings-desktop-schemas all 46.1-0ubuntu1 [35.6 kB]
2025-10-25T20:49:43.1123913Z Get:12 http://azure.archive.ubuntu.com/ubuntu noble/main amd64 glib-networking amd64 2.80.0-1build1 [64.1 kB]
2025-10-25T20:49:43.1434063Z Get:13 http://azure.archive.ubuntu.com/ubuntu noble/universe amd64 libva2 amd64 2.20.0-2build1 [66.2 kB]
2025-10-25T20:49:43.1744198Z Get:14 http://azure.archive.ubuntu.com/ubuntu noble/universe amd64 libva-drm2 amd64 2.20.0-2build1 [7124 B]
2025-10-25T20:49:43.2052326Z Get:15 http://azure.archive.ubuntu.com/ubuntu noble/universe amd64 libva-x11-2 amd64 2.20.0-2build1 [12.0 kB]
2025-10-25T20:49:43.2360179Z Get:16 http://azure.archive.ubuntu.com/ubuntu noble/main amd64 libvdpau1 amd64 1.5-2build1 [27.8 kB]
2025-10-25T20:49:43.2665992Z Get:17 http://azure.archive.ubuntu.com/ubuntu noble/universe amd64 libvpl2 amd64 2023.3.0-1build1 [99.8 kB]
2025-10-25T20:49:43.3021511Z Get:18 http://azure.archive.ubuntu.com/ubuntu noble/universe amd64 ocl-icd-libopencl1 amd64 2.3.2-1build1 [38.5 kB]
2025-10-25T20:49:43.3334120Z Get:19 http://azure.archive.ubuntu.com/ubuntu noble/universe amd64 libavutil58 amd64 7:6.1.1-3ubuntu5 [401 kB]
2025-10-25T20:49:43.4363767Z Get:20 http://azure.archive.ubuntu.com/ubuntu noble/universe amd64 libcodec2-1.2 amd64 1.2.0-2build1 [8998 kB]
2025-10-25T20:49:43.6264802Z Get:21 http://azure.archive.ubuntu.com/ubuntu noble/universe amd64 libdav1d7 amd64 1.4.1-1build1 [604 kB]
2025-10-25T20:49:43.6866239Z Get:22 http://azure.archive.ubuntu.com/ubuntu noble/universe amd64 libgsm1 amd64 1.0.22-1build1 [27.8 kB]
2025-10-25T20:49:43.7175846Z Get:23 http://azure.archive.ubuntu.com/ubuntu noble/universe amd64 libhwy1t64 amd64 1.0.7-8.1build1 [584 kB]
2025-10-25T20:49:43.7773082Z Get:24 http://azure.archive.ubuntu.com/ubuntu noble-updates/universe amd64 libjxl0.7 amd64 0.7.0-10.2ubuntu6.1 [1001 kB]
2025-10-25T20:49:43.8409140Z Get:25 http://azure.archive.ubuntu.com/ubuntu noble/main amd64 libmp3lame0 amd64 3.100-6build1 [142 kB]
2025-10-25T20:49:43.8722470Z Get:26 http://azure.archive.ubuntu.com/ubuntu noble/main amd64 libopus0 amd64 1.4-1build1 [208 kB]
2025-10-25T20:49:43.9043556Z Get:27 http://azure.archive.ubuntu.com/ubuntu noble/universe amd64 librav1e0 amd64 0.7.1-2 [1022 kB]
2025-10-25T20:49:43.9691389Z Get:28 http://azure.archive.ubuntu.com/ubuntu noble/main amd64 librsvg2-2 amd64 2.58.0+dfsg-1build1 [2135 kB]
2025-10-25T20:49:44.0654463Z Get:29 http://azure.archive.ubuntu.com/ubuntu noble/universe amd64 libshine3 amd64 3.1.1-2build1 [23.2 kB]
2025-10-25T20:49:44.0956499Z Get:30 http://azure.archive.ubuntu.com/ubuntu noble-updates/main amd64 libspeex1 amd64 1.2.1-2ubuntu2.24.04.1 [59.6 kB]
2025-10-25T20:49:44.1266878Z Get:31 http://azure.archive.ubuntu.com/ubuntu noble/universe amd64 libsvtav1enc1d1 amd64 1.7.0+dfsg-2build1 [2425 kB]
2025-10-25T20:49:44.2290941Z Get:32 http://azure.archive.ubuntu.com/ubuntu noble/universe amd64 libsoxr0 amd64 0.1.3-4build3 [80.0 kB]
2025-10-25T20:49:44.2606987Z Get:33 http://azure.archive.ubuntu.com/ubuntu noble/universe amd64 libswresample4 amd64 7:6.1.1-3ubuntu5 [63.8 kB]
2025-10-25T20:49:44.2918534Z Get:34 http://azure.archive.ubuntu.com/ubuntu noble/main amd64 libtheora0 amd64 1.1.1+dfsg.1-16.1build3 [211 kB]
2025-10-25T20:49:44.3242493Z Get:35 http://azure.archive.ubuntu.com/ubuntu noble/main amd64 libtwolame0 amd64 0.4.0-2build3 [52.3 kB]
2025-10-25T20:49:44.3548980Z Get:36 http://azure.archive.ubuntu.com/ubuntu noble/main amd64 libvorbisenc2 amd64 1.3.7-1build3 [80.8 kB]
2025-10-25T20:49:44.3860875Z Get:37 http://azure.archive.ubuntu.com/ubuntu noble-updates/main amd64 libvpx9 amd64 1.14.0-1ubuntu2.2 [1143 kB]
2025-10-25T20:49:44.4568550Z Get:38 http://azure.archive.ubuntu.com/ubuntu noble/universe amd64 libx264-164 amd64 2:0.164.3108+git31e19f9-1 [604 kB]
2025-10-25T20:49:44.5722724Z Get:39 http://azure.archive.ubuntu.com/ubuntu noble/universe amd64 libx265-199 amd64 3.5-2build1 [1226 kB]
2025-10-25T20:49:44.6371631Z Get:40 http://azure.archive.ubuntu.com/ubuntu noble/universe amd64 libxvidcore4 amd64 2:1.3.7-1build1 [219 kB]
2025-10-25T20:49:44.6689088Z Get:41 http://azure.archive.ubuntu.com/ubuntu noble/universe amd64 libzvbi-common all 0.2.42-2 [42.4 kB]
2025-10-25T20:49:44.6993871Z Get:42 http://azure.archive.ubuntu.com/ubuntu noble/universe amd64 libzvbi0t64 amd64 0.2.42-2 [261 kB]
2025-10-25T20:49:44.7325137Z Get:43 http://azure.archive.ubuntu.com/ubuntu noble/universe amd64 libavcodec60 amd64 7:6.1.1-3ubuntu5 [5851 kB]
2025-10-25T20:49:44.8912318Z Get:44 http://azure.archive.ubuntu.com/ubuntu noble/universe amd64 libunibreak5 amd64 5.1-2build1 [25.0 kB]
2025-10-25T20:49:44.9219046Z Get:45 http://azure.archive.ubuntu.com/ubuntu noble/universe amd64 libass9 amd64 1:0.17.1-2build1 [104 kB]
2025-10-25T20:49:44.9537106Z Get:46 http://azure.archive.ubuntu.com/ubuntu noble/universe amd64 libudfread0 amd64 1.1.2-1build1 [19.0 kB]
2025-10-25T20:49:44.9838152Z Get:47 http://azure.archive.ubuntu.com/ubuntu noble/universe amd64 libbluray2 amd64 1:1.3.4-1build1 [159 kB]
2025-10-25T20:49:45.0157986Z Get:48 http://azure.archive.ubuntu.com/ubuntu noble/universe amd64 libchromaprint1 amd64 1.5.1-5 [30.5 kB]
2025-10-25T20:49:45.0481984Z Get:49 http://azure.archive.ubuntu.com/ubuntu noble/universe amd64 libgme0 amd64 0.6.3-7build1 [134 kB]
2025-10-25T20:49:45.0801245Z Get:50 http://azure.archive.ubuntu.com/ubuntu noble-updates/main amd64 libmpg123-0t64 amd64 1.32.5-1ubuntu1.1 [169 kB]
2025-10-25T20:49:45.1118819Z Get:51 http://azure.archive.ubuntu.com/ubuntu noble/universe amd64 libopenmpt0t64 amd64 0.7.3-1.1build3 [647 kB]
2025-10-25T20:49:45.1722289Z Get:52 http://azure.archive.ubuntu.com/ubuntu noble/universe amd64 libcjson1 amd64 1.7.17-1 [24.8 kB]
2025-10-25T20:49:45.2025100Z Get:53 http://azure.archive.ubuntu.com/ubuntu noble/universe amd64 libmbedcrypto7t64 amd64 2.28.8-1 [209 kB]
2025-10-25T20:49:45.2346823Z Get:54 http://azure.archive.ubuntu.com/ubuntu noble/universe amd64 librist4 amd64 0.2.10+dfsg-2 [74.9 kB]
2025-10-25T20:49:45.2656492Z Get:55 http://azure.archive.ubuntu.com/ubuntu noble/universe amd64 libsrt1.5-gnutls amd64 1.5.3-1build2 [316 kB]
2025-10-25T20:49:45.2990220Z Get:56 http://azure.archive.ubuntu.com/ubuntu noble-updates/main amd64 libssh-gcrypt-4 amd64 0.10.6-2ubuntu0.1 [224 kB]
2025-10-25T20:49:45.3315161Z Get:57 http://azure.archive.ubuntu.com/ubuntu noble/universe amd64 libavformat60 amd64 7:6.1.1-3ubuntu5 [1153 kB]
2025-10-25T20:49:45.4384654Z Get:58 http://azure.archive.ubuntu.com/ubuntu noble/universe amd64 libbs2b0 amd64 3.1.0+dfsg-7build1 [10.6 kB]
2025-10-25T20:49:45.4719742Z Get:59 http://azure.archive.ubuntu.com/ubuntu noble/universe amd64 libflite1 amd64 2.2-6build3 [13.6 MB]
2025-10-25T20:49:45.7299098Z Get:60 http://azure.archive.ubuntu.com/ubuntu noble/universe amd64 libserd-0-0 amd64 0.32.2-1 [43.6 kB]
2025-10-25T20:49:45.7594934Z Get:61 http://azure.archive.ubuntu.com/ubuntu noble/universe amd64 libzix-0-0 amd64 0.4.2-2build1 [23.6 kB]
2025-10-25T20:49:45.7886267Z Get:62 http://azure.archive.ubuntu.com/ubuntu noble/universe amd64 libsord-0-0 amd64 0.16.16-2build1 [15.8 kB]
2025-10-25T20:49:45.8174506Z Get:63 http://azure.archive.ubuntu.com/ubuntu noble/universe amd64 libsratom-0-0 amd64 0.6.16-1build1 [17.3 kB]
2025-10-25T20:49:45.8465348Z Get:64 http://azure.archive.ubuntu.com/ubuntu noble/universe amd64 liblilv-0-0 amd64 0.24.22-1build1 [41.0 kB]
2025-10-25T20:49:45.8754171Z Get:65 http://azure.archive.ubuntu.com/ubuntu noble/universe amd64 libmysofa1 amd64 1.3.2+dfsg-2ubuntu2 [1158 kB]
2025-10-25T20:49:45.9399547Z Get:66 http://azure.archive.ubuntu.com/ubuntu noble/universe amd64 libplacebo338 amd64 6.338.2-2build1 [2654 kB]
2025-10-25T20:49:46.0577143Z Get:67 http://azure.archive.ubuntu.com/ubuntu noble-updates/main amd64 libblas3 amd64 3.12.0-3build1.1 [238 kB]
2025-10-25T20:49:46.0896694Z Get:68 http://azure.archive.ubuntu.com/ubuntu noble-updates/main amd64 liblapack3 amd64 3.12.0-3build1.1 [2646 kB]
2025-10-25T20:49:46.2028588Z Get:69 http://azure.archive.ubuntu.com/ubuntu noble/main amd64 libasyncns0 amd64 0.8-6build4 [11.3 kB]
2025-10-25T20:49:46.2317674Z Get:70 http://azure.archive.ubuntu.com/ubuntu noble/main amd64 libflac12t64 amd64 1.4.3+ds-2.1ubuntu2 [197 kB]
2025-10-25T20:49:46.2639222Z Get:71 http://azure.archive.ubuntu.com/ubuntu noble-updates/main amd64 libsndfile1 amd64 1.2.2-1ubuntu5.24.04.1 [209 kB]
2025-10-25T20:49:46.2944977Z Get:72 http://azure.archive.ubuntu.com/ubuntu noble-updates/main amd64 libpulse0 amd64 1:16.1+dfsg1-2ubuntu10.1 [292 kB]
2025-10-25T20:49:46.3257972Z Get:73 http://azure.archive.ubuntu.com/ubuntu noble/universe amd64 libsphinxbase3t64 amd64 0.8+5prealpha+1-17build2 [126 kB]
2025-10-25T20:49:46.3562845Z Get:74 http://azure.archive.ubuntu.com/ubuntu noble/universe amd64 libpocketsphinx3 amd64 0.8.0+real5prealpha+1-15ubuntu5 [133 kB]
2025-10-25T20:49:46.3861504Z Get:75 http://azure.archive.ubuntu.com/ubuntu noble/universe amd64 libpostproc57 amd64 7:6.1.1-3ubuntu5 [49.9 kB]
2025-10-25T20:49:46.4589299Z Get:76 http://azure.archive.ubuntu.com/ubuntu noble/main amd64 libsamplerate0 amd64 0.2.2-4build1 [1344 kB]
2025-10-25T20:49:46.5430941Z Get:77 http://azure.archive.ubuntu.com/ubuntu noble/universe amd64 librubberband2 amd64 3.3.0+dfsg-2build1 [130 kB]
2025-10-25T20:49:46.5730048Z Get:78 http://azure.archive.ubuntu.com/ubuntu noble/universe amd64 libswscale7 amd64 7:6.1.1-3ubuntu5 [193 kB]
2025-10-25T20:49:46.6040653Z Get:79 http://azure.archive.ubuntu.com/ubuntu noble/universe amd64 libvidstab1.1 amd64 1.1.0-2build1 [38.5 kB]
2025-10-25T20:49:46.6337550Z Get:80 http://azure.archive.ubuntu.com/ubuntu noble/universe amd64 libzimg2 amd64 3.0.5+ds1-1build1 [254 kB]
2025-10-25T20:49:46.6651639Z Get:81 http://azure.archive.ubuntu.com/ubuntu noble/universe amd64 libavfilter9 amd64 7:6.1.1-3ubuntu5 [4235 kB]
2025-10-25T20:49:46.8121312Z Get:82 http://azure.archive.ubuntu.com/ubuntu noble-updates/main amd64 liborc-0.4-0t64 amd64 1:0.4.38-1ubuntu0.1 [207 kB]
2025-10-25T20:49:46.8429308Z Get:83 http://azure.archive.ubuntu.com/ubuntu noble-updates/main amd64 libgstreamer-plugins-base1.0-0 amd64 1.24.2-1ubuntu0.3 [862 kB]
2025-10-25T20:49:46.9059818Z Get:84 http://azure.archive.ubuntu.com/ubuntu noble/universe amd64 gstreamer1.0-libav amd64 1.24.1-1build1 [103 kB]
2025-10-25T20:49:46.9360543Z Get:85 http://azure.archive.ubuntu.com/ubuntu noble/main amd64 libcdparanoia0 amd64 3.10.2+debian-14build3 [48.5 kB]
2025-10-25T20:49:46.9649306Z Get:86 http://azure.archive.ubuntu.com/ubuntu noble/main amd64 libvisual-0.4-0 amd64 0.4.2-2build1 [115 kB]
2025-10-25T20:49:46.9949635Z Get:87 http://azure.archive.ubuntu.com/ubuntu noble-updates/main amd64 gstreamer1.0-plugins-base amd64 1.24.2-1ubuntu0.3 [721 kB]
2025-10-25T20:49:47.0543197Z Get:88 http://azure.archive.ubuntu.com/ubuntu noble/main amd64 libaa1 amd64 1.4p5-51.1 [49.9 kB]
2025-10-25T20:49:47.0838377Z Get:89 http://azure.archive.ubuntu.com/ubuntu noble/main amd64 libraw1394-11 amd64 2.1.2-2build3 [26.2 kB]
2025-10-25T20:49:47.1145251Z Get:90 http://azure.archive.ubuntu.com/ubuntu noble/main amd64 libavc1394-0 amd64 0.5.4-5build3 [15.4 kB]
2025-10-25T20:49:47.1435831Z Get:91 http://azure.archive.ubuntu.com/ubuntu noble/main amd64 libcaca0 amd64 0.99.beta20-4build2 [208 kB]
2025-10-25T20:49:47.1741408Z Get:92 http://azure.archive.ubuntu.com/ubuntu noble/main amd64 libdv4t64 amd64 1.0.0-17.1build1 [63.2 kB]
2025-10-25T20:49:47.2038872Z Get:93 http://azure.archive.ubuntu.com/ubuntu noble-updates/main amd64 libgstreamer-plugins-good1.0-0 amd64 1.24.2-1ubuntu1.2 [33.0 kB]
2025-10-25T20:49:47.2334560Z Get:94 http://azure.archive.ubuntu.com/ubuntu noble/main amd64 libiec61883-0 amd64 1.2.0-6build1 [24.5 kB]
2025-10-25T20:49:47.3071101Z Get:95 http://azure.archive.ubuntu.com/ubuntu noble/main amd64 libshout3 amd64 2.4.6-1build2 [50.3 kB]
2025-10-25T20:49:47.3366613Z Get:96 http://azure.archive.ubuntu.com/ubuntu noble/main amd64 libtag1v5-vanilla amd64 1.13.1-1build1 [326 kB]
2025-10-25T20:49:47.3684429Z Get:97 http://azure.archive.ubuntu.com/ubuntu noble/main amd64 libtag1v5 amd64 1.13.1-1build1 [11.7 kB]
2025-10-25T20:49:47.3975751Z Get:98 http://azure.archive.ubuntu.com/ubuntu noble/main amd64 libv4lconvert0t64 amd64 1.26.1-4build3 [87.6 kB]
2025-10-25T20:49:47.4274636Z Get:99 http://azure.archive.ubuntu.com/ubuntu noble/main amd64 libv4l-0t64 amd64 1.26.1-4build3 [46.9 kB]
2025-10-25T20:49:47.4570370Z Get:100 http://azure.archive.ubuntu.com/ubuntu noble/main amd64 libwavpack1 amd64 5.6.0-1build1 [84.6 kB]
2025-10-25T20:49:47.4868556Z Get:101 http://azure.archive.ubuntu.com/ubuntu noble-updates/main amd64 libsoup-3.0-common all 3.4.4-5ubuntu0.5 [11.3 kB]
2025-10-25T20:49:47.5166645Z Get:102 http://azure.archive.ubuntu.com/ubuntu noble-updates/main amd64 libsoup-3.0-0 amd64 3.4.4-5ubuntu0.5 [291 kB]
2025-10-25T20:49:47.5482927Z Get:103 http://azure.archive.ubuntu.com/ubuntu noble-updates/main amd64 gstreamer1.0-plugins-good amd64 1.24.2-1ubuntu1.2 [2238 kB]
2025-10-25T20:49:47.6135411Z Get:104 http://azure.archive.ubuntu.com/ubuntu noble-updates/main amd64 libabsl20220623t64 amd64 20220623.1-3.1ubuntu3.2 [423 kB]
2025-10-25T20:49:47.6445211Z Get:105 http://azure.archive.ubuntu.com/ubuntu noble/universe amd64 libgav1-1 amd64 0.18.0-1build3 [357 kB]
2025-10-25T20:49:47.6725287Z Get:106 http://azure.archive.ubuntu.com/ubuntu noble/universe amd64 libyuv0 amd64 0.0~git202401110.af6ac82-1 [178 kB]
2025-10-25T20:49:47.7000313Z Get:107 http://azure.archive.ubuntu.com/ubuntu noble/universe amd64 libavif16 amd64 1.0.4-1ubuntu3 [91.2 kB]
2025-10-25T20:49:47.7271065Z Get:108 http://azure.archive.ubuntu.com/ubuntu noble/universe amd64 libavtp0 amd64 0.2.0-1build1 [6414 B]
2025-10-25T20:49:47.7526930Z Get:109 http://azure.archive.ubuntu.com/ubuntu noble/main amd64 libcairo-script-interpreter2 amd64 1.18.0-3build1 [60.3 kB]
2025-10-25T20:49:47.7796309Z Get:110 http://azure.archive.ubuntu.com/ubuntu noble/universe amd64 libdc1394-25 amd64 2.2.6-4build1 [90.1 kB]
2025-10-25T20:49:47.8066963Z Get:111 http://azure.archive.ubuntu.com/ubuntu noble/main amd64 libdecor-0-0 amd64 0.2.2-1build2 [16.5 kB]
2025-10-25T20:49:47.8345213Z Get:112 http://azure.archive.ubuntu.com/ubuntu noble/main amd64 libgles2 amd64 1.7.0-1build1 [17.1 kB]
2025-10-25T20:49:47.8645209Z Get:113 http://azure.archive.ubuntu.com/ubuntu noble/universe amd64 libdirectfb-1.7-7t64 amd64 1.7.7-11.1ubuntu2 [1035 kB]
2025-10-25T20:49:47.9198571Z Get:114 http://azure.archive.ubuntu.com/ubuntu noble/universe amd64 libdvdread8t64 amd64 6.1.3-1.1build1 [54.7 kB]
2025-10-25T20:49:47.9464085Z Get:115 http://azure.archive.ubuntu.com/ubuntu noble/universe amd64 libdvdnav4 amd64 6.1.1-3build1 [39.5 kB]
2025-10-25T20:49:47.9726811Z Get:116 http://azure.archive.ubuntu.com/ubuntu noble-updates/main amd64 libegl-mesa0 amd64 25.0.7-0ubuntu0.24.04.2 [124 kB]
2025-10-25T20:49:47.9996021Z Get:117 http://azure.archive.ubuntu.com/ubuntu noble/main amd64 libevent-2.1-7t64 amd64 2.1.12-stable-9ubuntu2 [145 kB]
2025-10-25T20:49:48.0268824Z Get:118 http://azure.archive.ubuntu.com/ubuntu noble/universe amd64 libfaad2 amd64 2.11.1-1build1 [207 kB]
2025-10-25T20:49:48.0544196Z Get:119 http://azure.archive.ubuntu.com/ubuntu noble/universe amd64 libinstpatch-1.0-2 amd64 1.1.6-1build2 [251 kB]
2025-10-25T20:49:48.0835886Z Get:120 http://azure.archive.ubuntu.com/ubuntu noble/main amd64 libjack-jackd2-0 amd64 1.9.21~dfsg-3ubuntu3 [289 kB]
2025-10-25T20:49:48.1690830Z Get:121 http://azure.archive.ubuntu.com/ubuntu noble/main amd64 libwebrtc-audio-processing1 amd64 0.3.1-0ubuntu6 [290 kB]
2025-10-25T20:49:48.1969405Z Get:122 http://azure.archive.ubuntu.com/ubuntu noble-updates/main amd64 libspa-0.2-modules amd64 1.0.5-1ubuntu3.1 [626 kB]
2025-10-25T20:49:48.2289323Z Get:123 http://azure.archive.ubuntu.com/ubuntu noble-updates/main amd64 libpipewire-0.3-0t64 amd64 1.0.5-1ubuntu3.1 [252 kB]
2025-10-25T20:49:48.2568471Z Get:124 http://azure.archive.ubuntu.com/ubuntu noble-updates/main amd64 libsdl2-2.0-0 amd64 2.30.0+dfsg-1ubuntu3.1 [686 kB]
2025-10-25T20:49:48.2897942Z Get:125 http://azure.archive.ubuntu.com/ubuntu noble/universe amd64 timgm6mb-soundfont all 1.3-5 [5427 kB]
2025-10-25T20:49:48.3910071Z Get:126 http://azure.archive.ubuntu.com/ubuntu noble/universe amd64 libfluidsynth3 amd64 2.3.4-1build3 [249 kB]
2025-10-25T20:49:48.4189011Z Get:127 http://azure.archive.ubuntu.com/ubuntu noble/main amd64 libfreeaptx0 amd64 0.1.1-2build1 [13.5 kB]
2025-10-25T20:49:48.4451871Z Get:128 http://azure.archive.ubuntu.com/ubuntu noble/main amd64 libgraphene-1.0-0 amd64 1.10.8-3build2 [46.2 kB]
2025-10-25T20:49:48.4724195Z Get:129 http://azure.archive.ubuntu.com/ubuntu noble/main amd64 libgssdp-1.6-0 amd64 1.6.3-1build3 [40.4 kB]
2025-10-25T20:49:48.4982787Z Get:130 http://azure.archive.ubuntu.com/ubuntu noble/main amd64 libegl1 amd64 1.7.0-1build1 [28.7 kB]
2025-10-25T20:49:48.5249660Z Get:131 http://azure.archive.ubuntu.com/ubuntu noble-updates/main amd64 libgstreamer-gl1.0-0 amd64 1.24.2-1ubuntu0.3 [214 kB]
2025-10-25T20:49:48.5531131Z Get:132 http://azure.archive.ubuntu.com/ubuntu noble-updates/main amd64 libgtk-4-common all 4.14.5+ds-0ubuntu0.5 [1497 kB]
2025-10-25T20:49:48.6070074Z Get:133 http://azure.archive.ubuntu.com/ubuntu noble-updates/main amd64 libgtk-4-1 amd64 4.14.5+ds-0ubuntu0.5 [3293 kB]
2025-10-25T20:49:48.6858778Z Get:134 http://azure.archive.ubuntu.com/ubuntu noble/main amd64 libgupnp-1.6-0 amd64 1.6.6-1build3 [92.7 kB]
2025-10-25T20:49:48.7128087Z Get:135 http://azure.archive.ubuntu.com/ubuntu noble/universe amd64 libgupnp-igd-1.6-0 amd64 1.6.0-3build3 [16.5 kB]
2025-10-25T20:49:48.7387589Z Get:136 http://azure.archive.ubuntu.com/ubuntu noble/main amd64 libharfbuzz-icu0 amd64 8.3.0-2build2 [13.3 kB]
2025-10-25T20:49:48.7651112Z Get:137 http://azure.archive.ubuntu.com/ubuntu noble/main amd64 libhyphen0 amd64 2.8.8-7build3 [26.5 kB]
2025-10-25T20:49:48.7915300Z Get:138 http://azure.archive.ubuntu.com/ubuntu noble/universe amd64 libimath-3-1-29t64 amd64 3.1.9-3.1ubuntu2 [72.2 kB]
2025-10-25T20:49:48.8608767Z Get:139 http://azure.archive.ubuntu.com/ubuntu noble/main amd64 liblc3-1 amd64 1.0.4-3build1 [69.7 kB]
2025-10-25T20:49:48.8879531Z Get:140 http://azure.archive.ubuntu.com/ubuntu noble/main amd64 libldacbt-enc2 amd64 2.0.2.3+git20200429+ed310a0-4ubuntu2 [27.1 kB]
2025-10-25T20:49:48.9139844Z Get:141 http://azure.archive.ubuntu.com/ubuntu noble-updates/main amd64 libraptor2-0 amd64 2.0.16-3ubuntu0.1 [165 kB]
2025-10-25T20:49:48.9412540Z Get:142 http://azure.archive.ubuntu.com/ubuntu noble/universe amd64 liblrdf0 amd64 0.6.1-4build1 [18.5 kB]
2025-10-25T20:49:48.9675972Z Get:143 http://azure.archive.ubuntu.com/ubuntu noble/universe amd64 libltc11 amd64 1.3.2-1build1 [13.0 kB]
2025-10-25T20:49:48.9936965Z Get:144 http://azure.archive.ubuntu.com/ubuntu noble/main amd64 libmanette-0.2-0 amd64 0.2.7-1build2 [30.6 kB]
2025-10-25T20:49:49.0206487Z Get:145 http://azure.archive.ubuntu.com/ubuntu noble/universe amd64 libmfx1 amd64 22.5.4-1 [3124 kB]
2025-10-25T20:49:49.1096370Z Get:146 http://azure.archive.ubuntu.com/ubuntu noble/universe amd64 libmjpegutils-2.1-0t64 amd64 1:2.1.0+debian-8.1build1 [25.5 kB]
2025-10-25T20:49:49.1354760Z Get:147 http://azure.archive.ubuntu.com/ubuntu noble/universe amd64 libmodplug1 amd64 1:0.8.9.0-3build1 [166 kB]
2025-10-25T20:49:49.1629313Z Get:148 http://azure.archive.ubuntu.com/ubuntu noble/universe amd64 libmpcdec6 amd64 2:0.1~r495-2build1 [32.7 kB]
2025-10-25T20:49:49.1936485Z Get:149 http://azure.archive.ubuntu.com/ubuntu noble/universe amd64 libmpeg2encpp-2.1-0t64 amd64 1:2.1.0+debian-8.1build1 [75.6 kB]
2025-10-25T20:49:49.2200188Z Get:150 http://azure.archive.ubuntu.com/ubuntu noble/universe amd64 libmplex2-2.1-0t64 amd64 1:2.1.0+debian-8.1build1 [46.1 kB]
2025-10-25T20:49:49.2507728Z Get:151 http://azure.archive.ubuntu.com/ubuntu noble/universe amd64 libneon27t64 amd64 0.33.0-1.1build3 [102 kB]
2025-10-25T20:49:49.2813616Z Get:152 http://azure.archive.ubuntu.com/ubuntu noble/universe amd64 libnice10 amd64 0.1.21-2build3 [157 kB]
2025-10-25T20:49:49.3128189Z Get:153 http://azure.archive.ubuntu.com/ubuntu noble/universe amd64 libopenal-data all 1:1.23.1-4build1 [161 kB]
2025-10-25T20:49:49.3454179Z Get:154 http://azure.archive.ubuntu.com/ubuntu noble/universe amd64 libopenexr-3-1-30 amd64 3.1.5-5.1build3 [1004 kB]
2025-10-25T20:49:49.4066876Z Get:155 http://azure.archive.ubuntu.com/ubuntu noble/universe amd64 libopenh264-7 amd64 2.4.1+dfsg-1 [409 kB]
2025-10-25T20:49:49.4407833Z Get:156 http://azure.archive.ubuntu.com/ubuntu noble/universe amd64 libopenni2-0 amd64 2.2.0.33+dfsg-18 [370 kB]
2025-10-25T20:49:49.4733796Z Get:157 http://azure.archive.ubuntu.com/ubuntu noble/universe amd64 libqrencode4 amd64 4.1.1-1build2 [25.0 kB]
2025-10-25T20:49:49.5478552Z Get:158 http://azure.archive.ubuntu.com/ubuntu noble/main amd64 libsecret-common all 0.21.4-1build3 [4962 B]
2025-10-25T20:49:49.5788304Z Get:159 http://azure.archive.ubuntu.com/ubuntu noble/main amd64 libsecret-1-0 amd64 0.21.4-1build3 [116 kB]
2025-10-25T20:49:49.6098323Z Get:160 http://azure.archive.ubuntu.com/ubuntu noble/universe amd64 libsndio7.0 amd64 1.9.0-0.3build3 [29.6 kB]
2025-10-25T20:49:49.6403767Z Get:161 http://azure.archive.ubuntu.com/ubuntu noble/universe amd64 libsoundtouch1 amd64 2.3.2+ds1-1build1 [60.5 kB]
2025-10-25T20:49:49.6702554Z Get:162 http://azure.archive.ubuntu.com/ubuntu noble/universe amd64 libspandsp2t64 amd64 0.0.6+dfsg-2.1build1 [311 kB]
2025-10-25T20:49:49.7052809Z Get:163 http://azure.archive.ubuntu.com/ubuntu noble/universe amd64 libsrtp2-1 amd64 2.5.0-3build1 [41.9 kB]
2025-10-25T20:49:49.7363885Z Get:164 http://azure.archive.ubuntu.com/ubuntu noble/universe amd64 libwildmidi2 amd64 0.4.3-1build3 [68.5 kB]
2025-10-25T20:49:49.8062162Z Get:165 http://azure.archive.ubuntu.com/ubuntu noble/main amd64 libwoff1 amd64 1.0.2-2build1 [45.3 kB]
2025-10-25T20:49:49.8366061Z Get:166 http://azure.archive.ubuntu.com/ubuntu noble/main amd64 libxcb-xkb1 amd64 1.15-1ubuntu2 [32.3 kB]
2025-10-25T20:49:49.8670019Z Get:167 http://azure.archive.ubuntu.com/ubuntu noble/main amd64 libxkbcommon-x11-0 amd64 1.6.0-1build1 [14.5 kB]
2025-10-25T20:49:49.8970564Z Get:168 http://azure.archive.ubuntu.com/ubuntu noble/universe amd64 libzbar0t64 amd64 0.23.93-4build3 [123 kB]
2025-10-25T20:49:49.9295004Z Get:169 http://azure.archive.ubuntu.com/ubuntu noble/universe amd64 libzxing3 amd64 2.2.1-3 [583 kB]
2025-10-25T20:49:49.9712174Z Get:170 http://azure.archive.ubuntu.com/ubuntu noble/main amd64 xfonts-encodings all 1:1.0.5-0ubuntu2 [578 kB]
2025-10-25T20:49:50.0070176Z Get:171 http://azure.archive.ubuntu.com/ubuntu noble/main amd64 xfonts-utils amd64 1:7.7+6build3 [94.4 kB]
2025-10-25T20:49:50.0792102Z Get:172 http://azure.archive.ubuntu.com/ubuntu noble/universe amd64 xfonts-cyrillic all 1:1.0.5+nmu1 [384 kB]
2025-10-25T20:49:50.1191264Z Get:173 http://azure.archive.ubuntu.com/ubuntu noble/main amd64 xfonts-scalable all 1:1.0.3-1.3 [304 kB]
2025-10-25T20:49:50.1547776Z Get:174 http://azure.archive.ubuntu.com/ubuntu noble/universe amd64 libgstreamer-plugins-bad1.0-0 amd64 1.24.2-1ubuntu4 [797 kB]
2025-10-25T20:49:50.2144715Z Get:175 http://azure.archive.ubuntu.com/ubuntu noble/universe amd64 libdca0 amd64 0.0.7-2build1 [93.8 kB]
2025-10-25T20:49:50.2884445Z Get:176 http://azure.archive.ubuntu.com/ubuntu noble/universe amd64 libopenal1 amd64 1:1.23.1-4build1 [540 kB]
2025-10-25T20:49:50.3428573Z Get:177 http://azure.archive.ubuntu.com/ubuntu noble/main amd64 libsbc1 amd64 2.0-1build1 [33.9 kB]
2025-10-25T20:49:50.3696230Z Get:178 http://azure.archive.ubuntu.com/ubuntu noble/universe amd64 libvo-aacenc0 amd64 0.1.3-2build1 [67.8 kB]
2025-10-25T20:49:50.3961586Z Get:179 http://azure.archive.ubuntu.com/ubuntu noble/universe amd64 libvo-amrwbenc0 amd64 0.1.3-2build1 [76.7 kB]
2025-10-25T20:49:50.4232429Z Get:180 http://azure.archive.ubuntu.com/ubuntu noble/universe amd64 gstreamer1.0-plugins-bad amd64 1.24.2-1ubuntu4 [3081 kB]
2025-10-25T20:49:50.9292196Z Fetched 114 MB in 8s (13.8 MB/s)
2025-10-25T20:49:50.9565432Z Selecting previously unselected package fonts-ipafont-gothic.
2025-10-25T20:49:51.0044523Z (Reading database ... 
2025-10-25T20:49:51.0045003Z (Reading database ... 5%
2025-10-25T20:49:51.0045408Z (Reading database ... 10%
2025-10-25T20:49:51.0045823Z (Reading database ... 15%
2025-10-25T20:49:51.0046412Z (Reading database ... 20%
2025-10-25T20:49:51.0046824Z (Reading database ... 25%
2025-10-25T20:49:51.0047215Z (Reading database ... 30%
2025-10-25T20:49:51.0047899Z (Reading database ... 35%
2025-10-25T20:49:51.0048177Z (Reading database ... 40%
2025-10-25T20:49:51.0048424Z (Reading database ... 45%
2025-10-25T20:49:51.0048666Z (Reading database ... 50%
2025-10-25T20:49:51.0120439Z (Reading database ... 55%
2025-10-25T20:49:51.2939964Z (Reading database ... 60%
2025-10-25T20:49:51.4510226Z (Reading database ... 65%
2025-10-25T20:49:51.6948750Z (Reading database ... 70%
2025-10-25T20:49:51.9048493Z (Reading database ... 75%
2025-10-25T20:49:52.1071048Z (Reading database ... 80%
2025-10-25T20:49:52.3387220Z (Reading database ... 85%
2025-10-25T20:49:52.5465199Z (Reading database ... 90%
2025-10-25T20:49:52.8423194Z (Reading database ... 95%
2025-10-25T20:49:52.8425106Z (Reading database ... 100%
2025-10-25T20:49:52.8427399Z (Reading database ... 214596 files and directories currently installed.)
2025-10-25T20:49:52.8471237Z Preparing to unpack .../000-fonts-ipafont-gothic_00303-21ubuntu1_all.deb ...
2025-10-25T20:49:52.8561722Z Unpacking fonts-ipafont-gothic (00303-21ubuntu1) ...
2025-10-25T20:49:53.0977224Z Selecting previously unselected package fonts-freefont-ttf.
2025-10-25T20:49:53.1112151Z Preparing to unpack .../001-fonts-freefont-ttf_20211204+svn4273-2_all.deb ...
2025-10-25T20:49:53.1121249Z Unpacking fonts-freefont-ttf (20211204+svn4273-2) ...
2025-10-25T20:49:53.2062505Z Selecting previously unselected package fonts-tlwg-loma-otf.
2025-10-25T20:49:53.2197232Z Preparing to unpack .../002-fonts-tlwg-loma-otf_1%3a0.7.3-1_all.deb ...
2025-10-25T20:49:53.2205729Z Unpacking fonts-tlwg-loma-otf (1:0.7.3-1) ...
2025-10-25T20:49:53.2483768Z Selecting previously unselected package fonts-unifont.
2025-10-25T20:49:53.2616209Z Preparing to unpack .../003-fonts-unifont_1%3a15.1.01-1build1_all.deb ...
2025-10-25T20:49:53.2625647Z Unpacking fonts-unifont (1:15.1.01-1build1) ...
2025-10-25T20:49:53.3880105Z Selecting previously unselected package fonts-wqy-zenhei.
2025-10-25T20:49:53.4016471Z Preparing to unpack .../004-fonts-wqy-zenhei_0.9.45-8_all.deb ...
2025-10-25T20:49:53.4217676Z Unpacking fonts-wqy-zenhei (0.9.45-8) ...
2025-10-25T20:49:53.8975658Z Selecting previously unselected package libproxy1v5:amd64.
2025-10-25T20:49:53.9110534Z Preparing to unpack .../005-libproxy1v5_0.5.4-4build1_amd64.deb ...
2025-10-25T20:49:53.9175617Z Unpacking libproxy1v5:amd64 (0.5.4-4build1) ...
2025-10-25T20:49:53.9582514Z Selecting previously unselected package glib-networking-common.
2025-10-25T20:49:53.9719404Z Preparing to unpack .../006-glib-networking-common_2.80.0-1build1_all.deb ...
2025-10-25T20:49:53.9728275Z Unpacking glib-networking-common (2.80.0-1build1) ...
2025-10-25T20:49:53.9967872Z Selecting previously unselected package glib-networking-services.
2025-10-25T20:49:54.0102401Z Preparing to unpack .../007-glib-networking-services_2.80.0-1build1_amd64.deb ...
2025-10-25T20:49:54.0112728Z Unpacking glib-networking-services (2.80.0-1build1) ...
2025-10-25T20:49:54.0321396Z Selecting previously unselected package session-migration.
2025-10-25T20:49:54.0454072Z Preparing to unpack .../008-session-migration_0.3.9build1_amd64.deb ...
2025-10-25T20:49:54.0463170Z Unpacking session-migration (0.3.9build1) ...
2025-10-25T20:49:54.0937464Z Selecting previously unselected package gsettings-desktop-schemas.
2025-10-25T20:49:54.1072908Z Preparing to unpack .../009-gsettings-desktop-schemas_46.1-0ubuntu1_all.deb ...
2025-10-25T20:49:54.1084387Z Unpacking gsettings-desktop-schemas (46.1-0ubuntu1) ...
2025-10-25T20:49:54.1456172Z Selecting previously unselected package glib-networking:amd64.
2025-10-25T20:49:54.1591833Z Preparing to unpack .../010-glib-networking_2.80.0-1build1_amd64.deb ...
2025-10-25T20:49:54.1604530Z Unpacking glib-networking:amd64 (2.80.0-1build1) ...
2025-10-25T20:49:54.1827882Z Selecting previously unselected package libva2:amd64.
2025-10-25T20:49:54.1958273Z Preparing to unpack .../011-libva2_2.20.0-2build1_amd64.deb ...
2025-10-25T20:49:54.1967394Z Unpacking libva2:amd64 (2.20.0-2build1) ...
2025-10-25T20:49:54.2209671Z Selecting previously unselected package libva-drm2:amd64.
2025-10-25T20:49:54.2344374Z Preparing to unpack .../012-libva-drm2_2.20.0-2build1_amd64.deb ...
2025-10-25T20:49:54.2351882Z Unpacking libva-drm2:amd64 (2.20.0-2build1) ...
2025-10-25T20:49:54.2574338Z Selecting previously unselected package libva-x11-2:amd64.
2025-10-25T20:49:54.2690126Z Preparing to unpack .../013-libva-x11-2_2.20.0-2build1_amd64.deb ...
2025-10-25T20:49:54.2698745Z Unpacking libva-x11-2:amd64 (2.20.0-2build1) ...
2025-10-25T20:49:54.2914785Z Selecting previously unselected package libvdpau1:amd64.
2025-10-25T20:49:54.3046902Z Preparing to unpack .../014-libvdpau1_1.5-2build1_amd64.deb ...
2025-10-25T20:49:54.3055212Z Unpacking libvdpau1:amd64 (1.5-2build1) ...
2025-10-25T20:49:54.3295729Z Selecting previously unselected package libvpl2.
2025-10-25T20:49:54.3427626Z Preparing to unpack .../015-libvpl2_2023.3.0-1build1_amd64.deb ...
2025-10-25T20:49:54.3438274Z Unpacking libvpl2 (2023.3.0-1build1) ...
2025-10-25T20:49:54.3664038Z Selecting previously unselected package ocl-icd-libopencl1:amd64.
2025-10-25T20:49:54.3796985Z Preparing to unpack .../016-ocl-icd-libopencl1_2.3.2-1build1_amd64.deb ...
2025-10-25T20:49:54.3805601Z Unpacking ocl-icd-libopencl1:amd64 (2.3.2-1build1) ...
2025-10-25T20:49:54.4398072Z Selecting previously unselected package libavutil58:amd64.
2025-10-25T20:49:54.4532252Z Preparing to unpack .../017-libavutil58_7%3a6.1.1-3ubuntu5_amd64.deb ...
2025-10-25T20:49:54.4544583Z Unpacking libavutil58:amd64 (7:6.1.1-3ubuntu5) ...
2025-10-25T20:49:54.4856479Z Selecting previously unselected package libcodec2-1.2:amd64.
2025-10-25T20:49:54.4990020Z Preparing to unpack .../018-libcodec2-1.2_1.2.0-2build1_amd64.deb ...
2025-10-25T20:49:54.4999687Z Unpacking libcodec2-1.2:amd64 (1.2.0-2build1) ...
2025-10-25T20:49:54.5857386Z Selecting previously unselected package libdav1d7:amd64.
2025-10-25T20:49:54.5992997Z Preparing to unpack .../019-libdav1d7_1.4.1-1build1_amd64.deb ...
2025-10-25T20:49:54.6003950Z Unpacking libdav1d7:amd64 (1.4.1-1build1) ...
2025-10-25T20:49:54.6314843Z Selecting previously unselected package libgsm1:amd64.
2025-10-25T20:49:54.6444759Z Preparing to unpack .../020-libgsm1_1.0.22-1build1_amd64.deb ...
2025-10-25T20:49:54.6452056Z Unpacking libgsm1:amd64 (1.0.22-1build1) ...
2025-10-25T20:49:54.6674467Z Selecting previously unselected package libhwy1t64:amd64.
2025-10-25T20:49:54.6810619Z Preparing to unpack .../021-libhwy1t64_1.0.7-8.1build1_amd64.deb ...
2025-10-25T20:49:54.6817546Z Unpacking libhwy1t64:amd64 (1.0.7-8.1build1) ...
2025-10-25T20:49:54.7164665Z Selecting previously unselected package libjxl0.7:amd64.
2025-10-25T20:49:54.7302913Z Preparing to unpack .../022-libjxl0.7_0.7.0-10.2ubuntu6.1_amd64.deb ...
2025-10-25T20:49:54.7316095Z Unpacking libjxl0.7:amd64 (0.7.0-10.2ubuntu6.1) ...
2025-10-25T20:49:54.7688847Z Selecting previously unselected package libmp3lame0:amd64.
2025-10-25T20:49:54.7825017Z Preparing to unpack .../023-libmp3lame0_3.100-6build1_amd64.deb ...
2025-10-25T20:49:54.7831726Z Unpacking libmp3lame0:amd64 (3.100-6build1) ...
2025-10-25T20:49:54.8057735Z Selecting previously unselected package libopus0:amd64.
2025-10-25T20:49:54.8191559Z Preparing to unpack .../024-libopus0_1.4-1build1_amd64.deb ...
2025-10-25T20:49:54.8200852Z Unpacking libopus0:amd64 (1.4-1build1) ...
2025-10-25T20:49:54.8445121Z Selecting previously unselected package librav1e0:amd64.
2025-10-25T20:49:54.8579113Z Preparing to unpack .../025-librav1e0_0.7.1-2_amd64.deb ...
2025-10-25T20:49:54.8591090Z Unpacking librav1e0:amd64 (0.7.1-2) ...
2025-10-25T20:49:54.8964376Z Selecting previously unselected package librsvg2-2:amd64.
2025-10-25T20:49:54.9086266Z Preparing to unpack .../026-librsvg2-2_2.58.0+dfsg-1build1_amd64.deb ...
2025-10-25T20:49:54.9096661Z Unpacking librsvg2-2:amd64 (2.58.0+dfsg-1build1) ...
2025-10-25T20:49:54.9626315Z Selecting previously unselected package libshine3:amd64.
2025-10-25T20:49:54.9744544Z Preparing to unpack .../027-libshine3_3.1.1-2build1_amd64.deb ...
2025-10-25T20:49:54.9752508Z Unpacking libshine3:amd64 (3.1.1-2build1) ...
2025-10-25T20:49:54.9964360Z Selecting previously unselected package libspeex1:amd64.
2025-10-25T20:49:55.0097462Z Preparing to unpack .../028-libspeex1_1.2.1-2ubuntu2.24.04.1_amd64.deb ...
2025-10-25T20:49:55.0104662Z Unpacking libspeex1:amd64 (1.2.1-2ubuntu2.24.04.1) ...
2025-10-25T20:49:55.0315779Z Selecting previously unselected package libsvtav1enc1d1:amd64.
2025-10-25T20:49:55.0447711Z Preparing to unpack .../029-libsvtav1enc1d1_1.7.0+dfsg-2build1_amd64.deb ...
2025-10-25T20:49:55.0455894Z Unpacking libsvtav1enc1d1:amd64 (1.7.0+dfsg-2build1) ...
2025-10-25T20:49:55.0995198Z Selecting previously unselected package libsoxr0:amd64.
2025-10-25T20:49:55.1131362Z Preparing to unpack .../030-libsoxr0_0.1.3-4build3_amd64.deb ...
2025-10-25T20:49:55.1140739Z Unpacking libsoxr0:amd64 (0.1.3-4build3) ...
2025-10-25T20:49:55.1362894Z Selecting previously unselected package libswresample4:amd64.
2025-10-25T20:49:55.1496303Z Preparing to unpack .../031-libswresample4_7%3a6.1.1-3ubuntu5_amd64.deb ...
2025-10-25T20:49:55.1504640Z Unpacking libswresample4:amd64 (7:6.1.1-3ubuntu5) ...
2025-10-25T20:49:55.1740645Z Selecting previously unselected package libtheora0:amd64.
2025-10-25T20:49:55.1885676Z Preparing to unpack .../032-libtheora0_1.1.1+dfsg.1-16.1build3_amd64.deb ...
2025-10-25T20:49:55.1894840Z Unpacking libtheora0:amd64 (1.1.1+dfsg.1-16.1build3) ...
2025-10-25T20:49:55.2154224Z Selecting previously unselected package libtwolame0:amd64.
2025-10-25T20:49:55.2277867Z Preparing to unpack .../033-libtwolame0_0.4.0-2build3_amd64.deb ...
2025-10-25T20:49:55.2284785Z Unpacking libtwolame0:amd64 (0.4.0-2build3) ...
2025-10-25T20:49:55.2500675Z Selecting previously unselected package libvorbisenc2:amd64.
2025-10-25T20:49:55.2634381Z Preparing to unpack .../034-libvorbisenc2_1.3.7-1build3_amd64.deb ...
2025-10-25T20:49:55.2641905Z Unpacking libvorbisenc2:amd64 (1.3.7-1build3) ...
2025-10-25T20:49:55.2900897Z Selecting previously unselected package libvpx9:amd64.
2025-10-25T20:49:55.3032914Z Preparing to unpack .../035-libvpx9_1.14.0-1ubuntu2.2_amd64.deb ...
2025-10-25T20:49:55.3040785Z Unpacking libvpx9:amd64 (1.14.0-1ubuntu2.2) ...
2025-10-25T20:49:55.3403569Z Selecting previously unselected package libx264-164:amd64.
2025-10-25T20:49:55.3537327Z Preparing to unpack .../036-libx264-164_2%3a0.164.3108+git31e19f9-1_amd64.deb ...
2025-10-25T20:49:55.3545886Z Unpacking libx264-164:amd64 (2:0.164.3108+git31e19f9-1) ...
2025-10-25T20:49:55.3854596Z Selecting previously unselected package libx265-199:amd64.
2025-10-25T20:49:55.3986657Z Preparing to unpack .../037-libx265-199_3.5-2build1_amd64.deb ...
2025-10-25T20:49:55.4013821Z Unpacking libx265-199:amd64 (3.5-2build1) ...
2025-10-25T20:49:55.4771328Z Selecting previously unselected package libxvidcore4:amd64.
2025-10-25T20:49:55.4905757Z Preparing to unpack .../038-libxvidcore4_2%3a1.3.7-1build1_amd64.deb ...
2025-10-25T20:49:55.4920987Z Unpacking libxvidcore4:amd64 (2:1.3.7-1build1) ...
2025-10-25T20:49:55.5144954Z Selecting previously unselected package libzvbi-common.
2025-10-25T20:49:55.5278205Z Preparing to unpack .../039-libzvbi-common_0.2.42-2_all.deb ...
2025-10-25T20:49:55.5286260Z Unpacking libzvbi-common (0.2.42-2) ...
2025-10-25T20:49:55.6105123Z Selecting previously unselected package libzvbi0t64:amd64.
2025-10-25T20:49:55.6224452Z Preparing to unpack .../040-libzvbi0t64_0.2.42-2_amd64.deb ...
2025-10-25T20:49:55.6232861Z Unpacking libzvbi0t64:amd64 (0.2.42-2) ...
2025-10-25T20:49:55.6566046Z Selecting previously unselected package libavcodec60:amd64.
2025-10-25T20:49:55.6694277Z Preparing to unpack .../041-libavcodec60_7%3a6.1.1-3ubuntu5_amd64.deb ...
2025-10-25T20:49:55.6704249Z Unpacking libavcodec60:amd64 (7:6.1.1-3ubuntu5) ...
2025-10-25T20:49:55.7646775Z Selecting previously unselected package libunibreak5:amd64.
2025-10-25T20:49:55.7761465Z Preparing to unpack .../042-libunibreak5_5.1-2build1_amd64.deb ...
2025-10-25T20:49:55.7769767Z Unpacking libunibreak5:amd64 (5.1-2build1) ...
2025-10-25T20:49:55.7984594Z Selecting previously unselected package libass9:amd64.
2025-10-25T20:49:55.8116182Z Preparing to unpack .../043-libass9_1%3a0.17.1-2build1_amd64.deb ...
2025-10-25T20:49:55.8121113Z Unpacking libass9:amd64 (1:0.17.1-2build1) ...
2025-10-25T20:49:55.8364263Z Selecting previously unselected package libudfread0:amd64.
2025-10-25T20:49:55.8473079Z Preparing to unpack .../044-libudfread0_1.1.2-1build1_amd64.deb ...
2025-10-25T20:49:55.8481261Z Unpacking libudfread0:amd64 (1.1.2-1build1) ...
2025-10-25T20:49:55.8686652Z Selecting previously unselected package libbluray2:amd64.
2025-10-25T20:49:55.8818417Z Preparing to unpack .../045-libbluray2_1%3a1.3.4-1build1_amd64.deb ...
2025-10-25T20:49:55.8827805Z Unpacking libbluray2:amd64 (1:1.3.4-1build1) ...
2025-10-25T20:49:55.9065507Z Selecting previously unselected package libchromaprint1:amd64.
2025-10-25T20:49:55.9187596Z Preparing to unpack .../046-libchromaprint1_1.5.1-5_amd64.deb ...
2025-10-25T20:49:55.9194516Z Unpacking libchromaprint1:amd64 (1.5.1-5) ...
2025-10-25T20:49:55.9415540Z Selecting previously unselected package libgme0:amd64.
2025-10-25T20:49:55.9541427Z Preparing to unpack .../047-libgme0_0.6.3-7build1_amd64.deb ...
2025-10-25T20:49:55.9549588Z Unpacking libgme0:amd64 (0.6.3-7build1) ...
2025-10-25T20:49:55.9794391Z Selecting previously unselected package libmpg123-0t64:amd64.
2025-10-25T20:49:55.9908797Z Preparing to unpack .../048-libmpg123-0t64_1.32.5-1ubuntu1.1_amd64.deb ...
2025-10-25T20:49:55.9917564Z Unpacking libmpg123-0t64:amd64 (1.32.5-1ubuntu1.1) ...
2025-10-25T20:49:56.0154997Z Selecting previously unselected package libopenmpt0t64:amd64.
2025-10-25T20:49:56.0286093Z Preparing to unpack .../049-libopenmpt0t64_0.7.3-1.1build3_amd64.deb ...
2025-10-25T20:49:56.0294844Z Unpacking libopenmpt0t64:amd64 (0.7.3-1.1build3) ...
2025-10-25T20:49:56.0584885Z Selecting previously unselected package libcjson1:amd64.
2025-10-25T20:49:56.0707447Z Preparing to unpack .../050-libcjson1_1.7.17-1_amd64.deb ...
2025-10-25T20:49:56.0715228Z Unpacking libcjson1:amd64 (1.7.17-1) ...
2025-10-25T20:49:56.0934696Z Selecting previously unselected package libmbedcrypto7t64:amd64.
2025-10-25T20:49:56.1058227Z Preparing to unpack .../051-libmbedcrypto7t64_2.28.8-1_amd64.deb ...
2025-10-25T20:49:56.1067087Z Unpacking libmbedcrypto7t64:amd64 (2.28.8-1) ...
2025-10-25T20:49:56.1315575Z Selecting previously unselected package librist4:amd64.
2025-10-25T20:49:56.1437179Z Preparing to unpack .../052-librist4_0.2.10+dfsg-2_amd64.deb ...
2025-10-25T20:49:56.1444990Z Unpacking librist4:amd64 (0.2.10+dfsg-2) ...
2025-10-25T20:49:56.1665879Z Selecting previously unselected package libsrt1.5-gnutls:amd64.
2025-10-25T20:49:56.1788523Z Preparing to unpack .../053-libsrt1.5-gnutls_1.5.3-1build2_amd64.deb ...
2025-10-25T20:49:56.1795629Z Unpacking libsrt1.5-gnutls:amd64 (1.5.3-1build2) ...
2025-10-25T20:49:56.2055570Z Selecting previously unselected package libssh-gcrypt-4:amd64.
2025-10-25T20:49:56.2178170Z Preparing to unpack .../054-libssh-gcrypt-4_0.10.6-2ubuntu0.1_amd64.deb ...
2025-10-25T20:49:56.2187198Z Unpacking libssh-gcrypt-4:amd64 (0.10.6-2ubuntu0.1) ...
2025-10-25T20:49:56.2437982Z Selecting previously unselected package libavformat60:amd64.
2025-10-25T20:49:56.2572810Z Preparing to unpack .../055-libavformat60_7%3a6.1.1-3ubuntu5_amd64.deb ...
2025-10-25T20:49:56.2582610Z Unpacking libavformat60:amd64 (7:6.1.1-3ubuntu5) ...
2025-10-25T20:49:56.2946269Z Selecting previously unselected package libbs2b0:amd64.
2025-10-25T20:49:56.3069215Z Preparing to unpack .../056-libbs2b0_3.1.0+dfsg-7build1_amd64.deb ...
2025-10-25T20:49:56.3084336Z Unpacking libbs2b0:amd64 (3.1.0+dfsg-7build1) ...
2025-10-25T20:49:56.3334414Z Selecting previously unselected package libflite1:amd64.
2025-10-25T20:49:56.3454672Z Preparing to unpack .../057-libflite1_2.2-6build3_amd64.deb ...
2025-10-25T20:49:56.3461801Z Unpacking libflite1:amd64 (2.2-6build3) ...
2025-10-25T20:49:56.4725742Z Selecting previously unselected package libserd-0-0:amd64.
2025-10-25T20:49:56.4860132Z Preparing to unpack .../058-libserd-0-0_0.32.2-1_amd64.deb ...
2025-10-25T20:49:56.4904161Z Unpacking libserd-0-0:amd64 (0.32.2-1) ...
2025-10-25T20:49:56.5114743Z Selecting previously unselected package libzix-0-0:amd64.
2025-10-25T20:49:56.5247989Z Preparing to unpack .../059-libzix-0-0_0.4.2-2build1_amd64.deb ...
2025-10-25T20:49:56.5257210Z Unpacking libzix-0-0:amd64 (0.4.2-2build1) ...
2025-10-25T20:49:56.5474642Z Selecting previously unselected package libsord-0-0:amd64.
2025-10-25T20:49:56.5594004Z Preparing to unpack .../060-libsord-0-0_0.16.16-2build1_amd64.deb ...
2025-10-25T20:49:56.5602735Z Unpacking libsord-0-0:amd64 (0.16.16-2build1) ...
2025-10-25T20:49:56.5814315Z Selecting previously unselected package libsratom-0-0:amd64.
2025-10-25T20:49:56.5938983Z Preparing to unpack .../061-libsratom-0-0_0.6.16-1build1_amd64.deb ...
2025-10-25T20:49:56.5948268Z Unpacking libsratom-0-0:amd64 (0.6.16-1build1) ...
2025-10-25T20:49:56.6165307Z Selecting previously unselected package liblilv-0-0:amd64.
2025-10-25T20:49:56.6283199Z Preparing to unpack .../062-liblilv-0-0_0.24.22-1build1_amd64.deb ...
2025-10-25T20:49:56.6291485Z Unpacking liblilv-0-0:amd64 (0.24.22-1build1) ...
2025-10-25T20:49:56.6515214Z Selecting previously unselected package libmysofa1:amd64.
2025-10-25T20:49:56.6632479Z Preparing to unpack .../063-libmysofa1_1.3.2+dfsg-2ubuntu2_amd64.deb ...
2025-10-25T20:49:56.6640093Z Unpacking libmysofa1:amd64 (1.3.2+dfsg-2ubuntu2) ...
2025-10-25T20:49:56.6908794Z Selecting previously unselected package libplacebo338:amd64.
2025-10-25T20:49:56.7043140Z Preparing to unpack .../064-libplacebo338_6.338.2-2build1_amd64.deb ...
2025-10-25T20:49:56.7054059Z Unpacking libplacebo338:amd64 (6.338.2-2build1) ...
2025-10-25T20:49:56.7795200Z Selecting previously unselected package libblas3:amd64.
2025-10-25T20:49:56.7915048Z Preparing to unpack .../065-libblas3_3.12.0-3build1.1_amd64.deb ...
2025-10-25T20:49:56.7944504Z Unpacking libblas3:amd64 (3.12.0-3build1.1) ...
2025-10-25T20:49:56.8192490Z Selecting previously unselected package liblapack3:amd64.
2025-10-25T20:49:56.8327124Z Preparing to unpack .../066-liblapack3_3.12.0-3build1.1_amd64.deb ...
2025-10-25T20:49:56.8355698Z Unpacking liblapack3:amd64 (3.12.0-3build1.1) ...
2025-10-25T20:49:56.8905006Z Selecting previously unselected package libasyncns0:amd64.
2025-10-25T20:49:56.9032088Z Preparing to unpack .../067-libasyncns0_0.8-6build4_amd64.deb ...
2025-10-25T20:49:56.9041865Z Unpacking libasyncns0:amd64 (0.8-6build4) ...
2025-10-25T20:49:56.9255298Z Selecting previously unselected package libflac12t64:amd64.
2025-10-25T20:49:56.9385013Z Preparing to unpack .../068-libflac12t64_1.4.3+ds-2.1ubuntu2_amd64.deb ...
2025-10-25T20:49:56.9396951Z Unpacking libflac12t64:amd64 (1.4.3+ds-2.1ubuntu2) ...
2025-10-25T20:49:56.9642814Z Selecting previously unselected package libsndfile1:amd64.
2025-10-25T20:49:56.9777702Z Preparing to unpack .../069-libsndfile1_1.2.2-1ubuntu5.24.04.1_amd64.deb ...
2025-10-25T20:49:56.9786407Z Unpacking libsndfile1:amd64 (1.2.2-1ubuntu5.24.04.1) ...
2025-10-25T20:49:57.0052428Z Selecting previously unselected package libpulse0:amd64.
2025-10-25T20:49:57.0185560Z Preparing to unpack .../070-libpulse0_1%3a16.1+dfsg1-2ubuntu10.1_amd64.deb ...
2025-10-25T20:49:57.0249362Z Unpacking libpulse0:amd64 (1:16.1+dfsg1-2ubuntu10.1) ...
2025-10-25T20:49:57.0531615Z Selecting previously unselected package libsphinxbase3t64:amd64.
2025-10-25T20:49:57.0664514Z Preparing to unpack .../071-libsphinxbase3t64_0.8+5prealpha+1-17build2_amd64.deb ...
2025-10-25T20:49:57.0674948Z Unpacking libsphinxbase3t64:amd64 (0.8+5prealpha+1-17build2) ...
2025-10-25T20:49:57.0924493Z Selecting previously unselected package libpocketsphinx3:amd64.
2025-10-25T20:49:57.1037604Z Preparing to unpack .../072-libpocketsphinx3_0.8.0+real5prealpha+1-15ubuntu5_amd64.deb ...
2025-10-25T20:49:57.1045853Z Unpacking libpocketsphinx3:amd64 (0.8.0+real5prealpha+1-15ubuntu5) ...
2025-10-25T20:49:57.1275544Z Selecting previously unselected package libpostproc57:amd64.
2025-10-25T20:49:57.1401269Z Preparing to unpack .../073-libpostproc57_7%3a6.1.1-3ubuntu5_amd64.deb ...
2025-10-25T20:49:57.1411199Z Unpacking libpostproc57:amd64 (7:6.1.1-3ubuntu5) ...
2025-10-25T20:49:57.1654990Z Selecting previously unselected package libsamplerate0:amd64.
2025-10-25T20:49:57.1777336Z Preparing to unpack .../074-libsamplerate0_0.2.2-4build1_amd64.deb ...
2025-10-25T20:49:57.1786305Z Unpacking libsamplerate0:amd64 (0.2.2-4build1) ...
2025-10-25T20:49:57.2065133Z Selecting previously unselected package librubberband2:amd64.
2025-10-25T20:49:57.2198889Z Preparing to unpack .../075-librubberband2_3.3.0+dfsg-2build1_amd64.deb ...
2025-10-25T20:49:57.2211145Z Unpacking librubberband2:amd64 (3.3.0+dfsg-2build1) ...
2025-10-25T20:49:57.2439281Z Selecting previously unselected package libswscale7:amd64.
2025-10-25T20:49:57.2574702Z Preparing to unpack .../076-libswscale7_7%3a6.1.1-3ubuntu5_amd64.deb ...
2025-10-25T20:49:57.2582228Z Unpacking libswscale7:amd64 (7:6.1.1-3ubuntu5) ...
2025-10-25T20:49:57.2821392Z Selecting previously unselected package libvidstab1.1:amd64.
2025-10-25T20:49:57.2956249Z Preparing to unpack .../077-libvidstab1.1_1.1.0-2build1_amd64.deb ...
2025-10-25T20:49:57.2964325Z Unpacking libvidstab1.1:amd64 (1.1.0-2build1) ...
2025-10-25T20:49:57.3198089Z Selecting previously unselected package libzimg2:amd64.
2025-10-25T20:49:57.3333409Z Preparing to unpack .../078-libzimg2_3.0.5+ds1-1build1_amd64.deb ...
2025-10-25T20:49:57.3342567Z Unpacking libzimg2:amd64 (3.0.5+ds1-1build1) ...
2025-10-25T20:49:57.3600447Z Selecting previously unselected package libavfilter9:amd64.
2025-10-25T20:49:57.3734486Z Preparing to unpack .../079-libavfilter9_7%3a6.1.1-3ubuntu5_amd64.deb ...
2025-10-25T20:49:57.3742780Z Unpacking libavfilter9:amd64 (7:6.1.1-3ubuntu5) ...
2025-10-25T20:49:57.4546742Z Selecting previously unselected package liborc-0.4-0t64:amd64.
2025-10-25T20:49:57.4681061Z Preparing to unpack .../080-liborc-0.4-0t64_1%3a0.4.38-1ubuntu0.1_amd64.deb ...
2025-10-25T20:49:57.4693184Z Unpacking liborc-0.4-0t64:amd64 (1:0.4.38-1ubuntu0.1) ...
2025-10-25T20:49:57.4958425Z Selecting previously unselected package libgstreamer-plugins-base1.0-0:amd64.
2025-10-25T20:49:57.5091584Z Preparing to unpack .../081-libgstreamer-plugins-base1.0-0_1.24.2-1ubuntu0.3_amd64.deb ...
2025-10-25T20:49:57.5108437Z Unpacking libgstreamer-plugins-base1.0-0:amd64 (1.24.2-1ubuntu0.3) ...
2025-10-25T20:49:57.5648587Z Selecting previously unselected package gstreamer1.0-libav:amd64.
2025-10-25T20:49:57.5789948Z Preparing to unpack .../082-gstreamer1.0-libav_1.24.1-1build1_amd64.deb ...
2025-10-25T20:49:57.5797277Z Unpacking gstreamer1.0-libav:amd64 (1.24.1-1build1) ...
2025-10-25T20:49:57.6045384Z Selecting previously unselected package libcdparanoia0:amd64.
2025-10-25T20:49:57.6167675Z Preparing to unpack .../083-libcdparanoia0_3.10.2+debian-14build3_amd64.deb ...
2025-10-25T20:49:57.6174987Z Unpacking libcdparanoia0:amd64 (3.10.2+debian-14build3) ...
2025-10-25T20:49:57.6414558Z Selecting previously unselected package libvisual-0.4-0:amd64.
2025-10-25T20:49:57.6538253Z Preparing to unpack .../084-libvisual-0.4-0_0.4.2-2build1_amd64.deb ...
2025-10-25T20:49:57.6567454Z Unpacking libvisual-0.4-0:amd64 (0.4.2-2build1) ...
2025-10-25T20:49:57.6806113Z Selecting previously unselected package gstreamer1.0-plugins-base:amd64.
2025-10-25T20:49:57.6942854Z Preparing to unpack .../085-gstreamer1.0-plugins-base_1.24.2-1ubuntu0.3_amd64.deb ...
2025-10-25T20:49:57.6951163Z Unpacking gstreamer1.0-plugins-base:amd64 (1.24.2-1ubuntu0.3) ...
2025-10-25T20:49:57.7345340Z Selecting previously unselected package libaa1:amd64.
2025-10-25T20:49:57.7492223Z Preparing to unpack .../086-libaa1_1.4p5-51.1_amd64.deb ...
2025-10-25T20:49:57.7504391Z Unpacking libaa1:amd64 (1.4p5-51.1) ...
2025-10-25T20:49:57.7751491Z Selecting previously unselected package libraw1394-11:amd64.
2025-10-25T20:49:57.7885218Z Preparing to unpack .../087-libraw1394-11_2.1.2-2build3_amd64.deb ...
2025-10-25T20:49:57.7894578Z Unpacking libraw1394-11:amd64 (2.1.2-2build3) ...
2025-10-25T20:49:57.8125090Z Selecting previously unselected package libavc1394-0:amd64.
2025-10-25T20:49:57.8245227Z Preparing to unpack .../088-libavc1394-0_0.5.4-5build3_amd64.deb ...
2025-10-25T20:49:57.8254148Z Unpacking libavc1394-0:amd64 (0.5.4-5build3) ...
2025-10-25T20:49:57.8465900Z Selecting previously unselected package libcaca0:amd64.
2025-10-25T20:49:57.8597602Z Preparing to unpack .../089-libcaca0_0.99.beta20-4build2_amd64.deb ...
2025-10-25T20:49:57.8606676Z Unpacking libcaca0:amd64 (0.99.beta20-4build2) ...
2025-10-25T20:49:57.8864692Z Selecting previously unselected package libdv4t64:amd64.
2025-10-25T20:49:57.8996213Z Preparing to unpack .../090-libdv4t64_1.0.0-17.1build1_amd64.deb ...
2025-10-25T20:49:57.9005563Z Unpacking libdv4t64:amd64 (1.0.0-17.1build1) ...
2025-10-25T20:49:57.9238674Z Selecting previously unselected package libgstreamer-plugins-good1.0-0:amd64.
2025-10-25T20:49:57.9381780Z Preparing to unpack .../091-libgstreamer-plugins-good1.0-0_1.24.2-1ubuntu1.2_amd64.deb ...
2025-10-25T20:49:57.9394655Z Unpacking libgstreamer-plugins-good1.0-0:amd64 (1.24.2-1ubuntu1.2) ...
2025-10-25T20:49:57.9634231Z Selecting previously unselected package libiec61883-0:amd64.
2025-10-25T20:49:57.9754262Z Preparing to unpack .../092-libiec61883-0_1.2.0-6build1_amd64.deb ...
2025-10-25T20:49:57.9761593Z Unpacking libiec61883-0:amd64 (1.2.0-6build1) ...
2025-10-25T20:49:57.9988966Z Selecting previously unselected package libshout3:amd64.
2025-10-25T20:49:58.0124959Z Preparing to unpack .../093-libshout3_2.4.6-1build2_amd64.deb ...
2025-10-25T20:49:58.0132786Z Unpacking libshout3:amd64 (2.4.6-1build2) ...
2025-10-25T20:49:58.0384591Z Selecting previously unselected package libtag1v5-vanilla:amd64.
2025-10-25T20:49:58.0502340Z Preparing to unpack .../094-libtag1v5-vanilla_1.13.1-1build1_amd64.deb ...
2025-10-25T20:49:58.0514216Z Unpacking libtag1v5-vanilla:amd64 (1.13.1-1build1) ...
2025-10-25T20:49:58.0779573Z Selecting previously unselected package libtag1v5:amd64.
2025-10-25T20:49:58.0914709Z Preparing to unpack .../095-libtag1v5_1.13.1-1build1_amd64.deb ...
2025-10-25T20:49:58.0920018Z Unpacking libtag1v5:amd64 (1.13.1-1build1) ...
2025-10-25T20:49:58.1144565Z Selecting previously unselected package libv4lconvert0t64:amd64.
2025-10-25T20:49:58.1264405Z Preparing to unpack .../096-libv4lconvert0t64_1.26.1-4build3_amd64.deb ...
2025-10-25T20:49:58.1271895Z Unpacking libv4lconvert0t64:amd64 (1.26.1-4build3) ...
2025-10-25T20:49:58.1521577Z Selecting previously unselected package libv4l-0t64:amd64.
2025-10-25T20:49:58.1654007Z Preparing to unpack .../097-libv4l-0t64_1.26.1-4build3_amd64.deb ...
2025-10-25T20:49:58.1661519Z Unpacking libv4l-0t64:amd64 (1.26.1-4build3) ...
2025-10-25T20:49:58.1914278Z Selecting previously unselected package libwavpack1:amd64.
2025-10-25T20:49:58.2031489Z Preparing to unpack .../098-libwavpack1_5.6.0-1build1_amd64.deb ...
2025-10-25T20:49:58.2037682Z Unpacking libwavpack1:amd64 (5.6.0-1build1) ...
2025-10-25T20:49:58.2247573Z Selecting previously unselected package libsoup-3.0-common.
2025-10-25T20:49:58.2381416Z Preparing to unpack .../099-libsoup-3.0-common_3.4.4-5ubuntu0.5_all.deb ...
2025-10-25T20:49:58.2398863Z Unpacking libsoup-3.0-common (3.4.4-5ubuntu0.5) ...
2025-10-25T20:49:58.2610808Z Selecting previously unselected package libsoup-3.0-0:amd64.
2025-10-25T20:49:58.2744085Z Preparing to unpack .../100-libsoup-3.0-0_3.4.4-5ubuntu0.5_amd64.deb ...
2025-10-25T20:49:58.2752202Z Unpacking libsoup-3.0-0:amd64 (3.4.4-5ubuntu0.5) ...
2025-10-25T20:49:58.2998705Z Selecting previously unselected package gstreamer1.0-plugins-good:amd64.
2025-10-25T20:49:58.3134083Z Preparing to unpack .../101-gstreamer1.0-plugins-good_1.24.2-1ubuntu1.2_amd64.deb ...
2025-10-25T20:49:58.3148580Z Unpacking gstreamer1.0-plugins-good:amd64 (1.24.2-1ubuntu1.2) ...
2025-10-25T20:49:58.3787284Z Selecting previously unselected package libabsl20220623t64:amd64.
2025-10-25T20:49:58.3921875Z Preparing to unpack .../102-libabsl20220623t64_20220623.1-3.1ubuntu3.2_amd64.deb ...
2025-10-25T20:49:58.3938242Z Unpacking libabsl20220623t64:amd64 (20220623.1-3.1ubuntu3.2) ...
2025-10-25T20:49:58.4426440Z Selecting previously unselected package libgav1-1:amd64.
2025-10-25T20:49:58.4560586Z Preparing to unpack .../103-libgav1-1_0.18.0-1build3_amd64.deb ...
2025-10-25T20:49:58.4569351Z Unpacking libgav1-1:amd64 (0.18.0-1build3) ...
2025-10-25T20:49:58.4845459Z Selecting previously unselected package libyuv0:amd64.
2025-10-25T20:49:58.4959579Z Preparing to unpack .../104-libyuv0_0.0~git202401110.af6ac82-1_amd64.deb ...
2025-10-25T20:49:58.4970073Z Unpacking libyuv0:amd64 (0.0~git202401110.af6ac82-1) ...
2025-10-25T20:49:58.5208298Z Selecting previously unselected package libavif16:amd64.
2025-10-25T20:49:58.5340871Z Preparing to unpack .../105-libavif16_1.0.4-1ubuntu3_amd64.deb ...
2025-10-25T20:49:58.5349824Z Unpacking libavif16:amd64 (1.0.4-1ubuntu3) ...
2025-10-25T20:49:58.5594097Z Selecting previously unselected package libavtp0:amd64.
2025-10-25T20:49:58.5706936Z Preparing to unpack .../106-libavtp0_0.2.0-1build1_amd64.deb ...
2025-10-25T20:49:58.5715307Z Unpacking libavtp0:amd64 (0.2.0-1build1) ...
2025-10-25T20:49:58.5946009Z Selecting previously unselected package libcairo-script-interpreter2:amd64.
2025-10-25T20:49:58.6069582Z Preparing to unpack .../107-libcairo-script-interpreter2_1.18.0-3build1_amd64.deb ...
2025-10-25T20:49:58.6082005Z Unpacking libcairo-script-interpreter2:amd64 (1.18.0-3build1) ...
2025-10-25T20:49:58.6324858Z Selecting previously unselected package libdc1394-25:amd64.
2025-10-25T20:49:58.6435775Z Preparing to unpack .../108-libdc1394-25_2.2.6-4build1_amd64.deb ...
2025-10-25T20:49:58.6447337Z Unpacking libdc1394-25:amd64 (2.2.6-4build1) ...
2025-10-25T20:49:58.6671148Z Selecting previously unselected package libdecor-0-0:amd64.
2025-10-25T20:49:58.6803750Z Preparing to unpack .../109-libdecor-0-0_0.2.2-1build2_amd64.deb ...
2025-10-25T20:49:58.6812518Z Unpacking libdecor-0-0:amd64 (0.2.2-1build2) ...
2025-10-25T20:49:58.7034774Z Selecting previously unselected package libgles2:amd64.
2025-10-25T20:49:58.7157013Z Preparing to unpack .../110-libgles2_1.7.0-1build1_amd64.deb ...
2025-10-25T20:49:58.7164191Z Unpacking libgles2:amd64 (1.7.0-1build1) ...
2025-10-25T20:49:58.7386199Z Selecting previously unselected package libdirectfb-1.7-7t64:amd64.
2025-10-25T20:49:58.7515624Z Preparing to unpack .../111-libdirectfb-1.7-7t64_1.7.7-11.1ubuntu2_amd64.deb ...
2025-10-25T20:49:58.7524197Z Unpacking libdirectfb-1.7-7t64:amd64 (1.7.7-11.1ubuntu2) ...
2025-10-25T20:49:58.7977849Z Selecting previously unselected package libdvdread8t64:amd64.
2025-10-25T20:49:58.8109899Z Preparing to unpack .../112-libdvdread8t64_6.1.3-1.1build1_amd64.deb ...
2025-10-25T20:49:58.8121100Z Unpacking libdvdread8t64:amd64 (6.1.3-1.1build1) ...
2025-10-25T20:49:58.8348326Z Selecting previously unselected package libdvdnav4:amd64.
2025-10-25T20:49:58.8479056Z Preparing to unpack .../113-libdvdnav4_6.1.1-3build1_amd64.deb ...
2025-10-25T20:49:58.8486578Z Unpacking libdvdnav4:amd64 (6.1.1-3build1) ...
2025-10-25T20:49:58.8745378Z Selecting previously unselected package libegl-mesa0:amd64.
2025-10-25T20:49:58.8856472Z Preparing to unpack .../114-libegl-mesa0_25.0.7-0ubuntu0.24.04.2_amd64.deb ...
2025-10-25T20:49:58.8869400Z Unpacking libegl-mesa0:amd64 (25.0.7-0ubuntu0.24.04.2) ...
2025-10-25T20:49:58.9113876Z Selecting previously unselected package libevent-2.1-7t64:amd64.
2025-10-25T20:49:58.9245568Z Preparing to unpack .../115-libevent-2.1-7t64_2.1.12-stable-9ubuntu2_amd64.deb ...
2025-10-25T20:49:58.9253383Z Unpacking libevent-2.1-7t64:amd64 (2.1.12-stable-9ubuntu2) ...
2025-10-25T20:49:58.9494029Z Selecting previously unselected package libfaad2:amd64.
2025-10-25T20:49:58.9627498Z Preparing to unpack .../116-libfaad2_2.11.1-1build1_amd64.deb ...
2025-10-25T20:49:58.9638310Z Unpacking libfaad2:amd64 (2.11.1-1build1) ...
2025-10-25T20:49:58.9894820Z Selecting previously unselected package libinstpatch-1.0-2:amd64.
2025-10-25T20:49:59.0021390Z Preparing to unpack .../117-libinstpatch-1.0-2_1.1.6-1build2_amd64.deb ...
2025-10-25T20:49:59.0030841Z Unpacking libinstpatch-1.0-2:amd64 (1.1.6-1build2) ...
2025-10-25T20:49:59.0284905Z Selecting previously unselected package libjack-jackd2-0:amd64.
2025-10-25T20:49:59.0404201Z Preparing to unpack .../118-libjack-jackd2-0_1.9.21~dfsg-3ubuntu3_amd64.deb ...
2025-10-25T20:49:59.0413839Z Unpacking libjack-jackd2-0:amd64 (1.9.21~dfsg-3ubuntu3) ...
2025-10-25T20:49:59.0684724Z Selecting previously unselected package libwebrtc-audio-processing1:amd64.
2025-10-25T20:49:59.0815951Z Preparing to unpack .../119-libwebrtc-audio-processing1_0.3.1-0ubuntu6_amd64.deb ...
2025-10-25T20:49:59.0828679Z Unpacking libwebrtc-audio-processing1:amd64 (0.3.1-0ubuntu6) ...
2025-10-25T20:49:59.1095242Z Selecting previously unselected package libspa-0.2-modules:amd64.
2025-10-25T20:49:59.1229894Z Preparing to unpack .../120-libspa-0.2-modules_1.0.5-1ubuntu3.1_amd64.deb ...
2025-10-25T20:49:59.1238813Z Unpacking libspa-0.2-modules:amd64 (1.0.5-1ubuntu3.1) ...
2025-10-25T20:49:59.1594721Z Selecting previously unselected package libpipewire-0.3-0t64:amd64.
2025-10-25T20:49:59.1720773Z Preparing to unpack .../121-libpipewire-0.3-0t64_1.0.5-1ubuntu3.1_amd64.deb ...
2025-10-25T20:49:59.1733916Z Unpacking libpipewire-0.3-0t64:amd64 (1.0.5-1ubuntu3.1) ...
2025-10-25T20:49:59.1995580Z Selecting previously unselected package libsdl2-2.0-0:amd64.
2025-10-25T20:49:59.2118736Z Preparing to unpack .../122-libsdl2-2.0-0_2.30.0+dfsg-1ubuntu3.1_amd64.deb ...
2025-10-25T20:49:59.2127049Z Unpacking libsdl2-2.0-0:amd64 (2.30.0+dfsg-1ubuntu3.1) ...
2025-10-25T20:49:59.2432226Z Selecting previously unselected package timgm6mb-soundfont.
2025-10-25T20:49:59.2566953Z Preparing to unpack .../123-timgm6mb-soundfont_1.3-5_all.deb ...
2025-10-25T20:49:59.2574343Z Unpacking timgm6mb-soundfont (1.3-5) ...
2025-10-25T20:49:59.6035653Z Selecting previously unselected package libfluidsynth3:amd64.
2025-10-25T20:49:59.6159208Z Preparing to unpack .../124-libfluidsynth3_2.3.4-1build3_amd64.deb ...
2025-10-25T20:49:59.6169461Z Unpacking libfluidsynth3:amd64 (2.3.4-1build3) ...
2025-10-25T20:49:59.6409952Z Selecting previously unselected package libfreeaptx0:amd64.
2025-10-25T20:49:59.6543705Z Preparing to unpack .../125-libfreeaptx0_0.1.1-2build1_amd64.deb ...
2025-10-25T20:49:59.6554315Z Unpacking libfreeaptx0:amd64 (0.1.1-2build1) ...
2025-10-25T20:49:59.6788315Z Selecting previously unselected package libgraphene-1.0-0:amd64.
2025-10-25T20:49:59.6920476Z Preparing to unpack .../126-libgraphene-1.0-0_1.10.8-3build2_amd64.deb ...
2025-10-25T20:49:59.6930529Z Unpacking libgraphene-1.0-0:amd64 (1.10.8-3build2) ...
2025-10-25T20:49:59.7155189Z Selecting previously unselected package libgssdp-1.6-0:amd64.
2025-10-25T20:49:59.7282052Z Preparing to unpack .../127-libgssdp-1.6-0_1.6.3-1build3_amd64.deb ...
2025-10-25T20:49:59.7291862Z Unpacking libgssdp-1.6-0:amd64 (1.6.3-1build3) ...
2025-10-25T20:49:59.7525530Z Selecting previously unselected package libegl1:amd64.
2025-10-25T20:49:59.7660624Z Preparing to unpack .../128-libegl1_1.7.0-1build1_amd64.deb ...
2025-10-25T20:49:59.7672726Z Unpacking libegl1:amd64 (1.7.0-1build1) ...
2025-10-25T20:49:59.7925930Z Selecting previously unselected package libgstreamer-gl1.0-0:amd64.
2025-10-25T20:49:59.8048083Z Preparing to unpack .../129-libgstreamer-gl1.0-0_1.24.2-1ubuntu0.3_amd64.deb ...
2025-10-25T20:49:59.8057248Z Unpacking libgstreamer-gl1.0-0:amd64 (1.24.2-1ubuntu0.3) ...
2025-10-25T20:49:59.8305149Z Selecting previously unselected package libgtk-4-common.
2025-10-25T20:49:59.8440376Z Preparing to unpack .../130-libgtk-4-common_4.14.5+ds-0ubuntu0.5_all.deb ...
2025-10-25T20:49:59.8449491Z Unpacking libgtk-4-common (4.14.5+ds-0ubuntu0.5) ...
2025-10-25T20:49:59.9030870Z Selecting previously unselected package libgtk-4-1:amd64.
2025-10-25T20:49:59.9169874Z Preparing to unpack .../131-libgtk-4-1_4.14.5+ds-0ubuntu0.5_amd64.deb ...
2025-10-25T20:49:59.9176479Z Unpacking libgtk-4-1:amd64 (4.14.5+ds-0ubuntu0.5) ...
2025-10-25T20:49:59.9914748Z Selecting previously unselected package libgupnp-1.6-0:amd64.
2025-10-25T20:50:00.0047556Z Preparing to unpack .../132-libgupnp-1.6-0_1.6.6-1build3_amd64.deb ...
2025-10-25T20:50:00.0058147Z Unpacking libgupnp-1.6-0:amd64 (1.6.6-1build3) ...
2025-10-25T20:50:00.0309248Z Selecting previously unselected package libgupnp-igd-1.6-0:amd64.
2025-10-25T20:50:00.0444989Z Preparing to unpack .../133-libgupnp-igd-1.6-0_1.6.0-3build3_amd64.deb ...
2025-10-25T20:50:00.0454165Z Unpacking libgupnp-igd-1.6-0:amd64 (1.6.0-3build3) ...
2025-10-25T20:50:00.0685336Z Selecting previously unselected package libharfbuzz-icu0:amd64.
2025-10-25T20:50:00.0809552Z Preparing to unpack .../134-libharfbuzz-icu0_8.3.0-2build2_amd64.deb ...
2025-10-25T20:50:00.0820466Z Unpacking libharfbuzz-icu0:amd64 (8.3.0-2build2) ...
2025-10-25T20:50:00.1043772Z Selecting previously unselected package libhyphen0:amd64.
2025-10-25T20:50:00.1178058Z Preparing to unpack .../135-libhyphen0_2.8.8-7build3_amd64.deb ...
2025-10-25T20:50:00.1190048Z Unpacking libhyphen0:amd64 (2.8.8-7build3) ...
2025-10-25T20:50:00.1416184Z Selecting previously unselected package libimath-3-1-29t64:amd64.
2025-10-25T20:50:00.1551629Z Preparing to unpack .../136-libimath-3-1-29t64_3.1.9-3.1ubuntu2_amd64.deb ...
2025-10-25T20:50:00.1561867Z Unpacking libimath-3-1-29t64:amd64 (3.1.9-3.1ubuntu2) ...
2025-10-25T20:50:00.1800394Z Selecting previously unselected package liblc3-1:amd64.
2025-10-25T20:50:00.1934531Z Preparing to unpack .../137-liblc3-1_1.0.4-3build1_amd64.deb ...
2025-10-25T20:50:00.1943605Z Unpacking liblc3-1:amd64 (1.0.4-3build1) ...
2025-10-25T20:50:00.2170668Z Selecting previously unselected package libldacbt-enc2:amd64.
2025-10-25T20:50:00.2380931Z Preparing to unpack .../138-libldacbt-enc2_2.0.2.3+git20200429+ed310a0-4ubuntu2_amd64.deb ...
2025-10-25T20:50:00.2404525Z Unpacking libldacbt-enc2:amd64 (2.0.2.3+git20200429+ed310a0-4ubuntu2) ...
2025-10-25T20:50:00.2655502Z Selecting previously unselected package libraptor2-0:amd64.
2025-10-25T20:50:00.2785729Z Preparing to unpack .../139-libraptor2-0_2.0.16-3ubuntu0.1_amd64.deb ...
2025-10-25T20:50:00.2797352Z Unpacking libraptor2-0:amd64 (2.0.16-3ubuntu0.1) ...
2025-10-25T20:50:00.3041365Z Selecting previously unselected package liblrdf0:amd64.
2025-10-25T20:50:00.3177086Z Preparing to unpack .../140-liblrdf0_0.6.1-4build1_amd64.deb ...
2025-10-25T20:50:00.3183975Z Unpacking liblrdf0:amd64 (0.6.1-4build1) ...
2025-10-25T20:50:00.3428718Z Selecting previously unselected package libltc11:amd64.
2025-10-25T20:50:00.3561927Z Preparing to unpack .../141-libltc11_1.3.2-1build1_amd64.deb ...
2025-10-25T20:50:00.3571249Z Unpacking libltc11:amd64 (1.3.2-1build1) ...
2025-10-25T20:50:00.3785653Z Selecting previously unselected package libmanette-0.2-0:amd64.
2025-10-25T20:50:00.3923653Z Preparing to unpack .../142-libmanette-0.2-0_0.2.7-1build2_amd64.deb ...
2025-10-25T20:50:00.3930645Z Unpacking libmanette-0.2-0:amd64 (0.2.7-1build2) ...
2025-10-25T20:50:00.4174408Z Selecting previously unselected package libmfx1:amd64.
2025-10-25T20:50:00.4289752Z Preparing to unpack .../143-libmfx1_22.5.4-1_amd64.deb ...
2025-10-25T20:50:00.4297311Z Unpacking libmfx1:amd64 (22.5.4-1) ...
2025-10-25T20:50:00.5378279Z Selecting previously unselected package libmjpegutils-2.1-0t64:amd64.
2025-10-25T20:50:00.5514524Z Preparing to unpack .../144-libmjpegutils-2.1-0t64_1%3a2.1.0+debian-8.1build1_amd64.deb ...
2025-10-25T20:50:00.5522041Z Unpacking libmjpegutils-2.1-0t64:amd64 (1:2.1.0+debian-8.1build1) ...
2025-10-25T20:50:00.5751060Z Selecting previously unselected package libmodplug1:amd64.
2025-10-25T20:50:00.5888410Z Preparing to unpack .../145-libmodplug1_1%3a0.8.9.0-3build1_amd64.deb ...
2025-10-25T20:50:00.5895526Z Unpacking libmodplug1:amd64 (1:0.8.9.0-3build1) ...
2025-10-25T20:50:00.6139847Z Selecting previously unselected package libmpcdec6:amd64.
2025-10-25T20:50:00.6275565Z Preparing to unpack .../146-libmpcdec6_2%3a0.1~r495-2build1_amd64.deb ...
2025-10-25T20:50:00.6286439Z Unpacking libmpcdec6:amd64 (2:0.1~r495-2build1) ...
2025-10-25T20:50:00.6527393Z Selecting previously unselected package libmpeg2encpp-2.1-0t64:amd64.
2025-10-25T20:50:00.6664157Z Preparing to unpack .../147-libmpeg2encpp-2.1-0t64_1%3a2.1.0+debian-8.1build1_amd64.deb ...
2025-10-25T20:50:00.6678050Z Unpacking libmpeg2encpp-2.1-0t64:amd64 (1:2.1.0+debian-8.1build1) ...
2025-10-25T20:50:00.6894040Z Selecting previously unselected package libmplex2-2.1-0t64:amd64.
2025-10-25T20:50:00.7029426Z Preparing to unpack .../148-libmplex2-2.1-0t64_1%3a2.1.0+debian-8.1build1_amd64.deb ...
2025-10-25T20:50:00.7039427Z Unpacking libmplex2-2.1-0t64:amd64 (1:2.1.0+debian-8.1build1) ...
2025-10-25T20:50:00.7256782Z Selecting previously unselected package libneon27t64:amd64.
2025-10-25T20:50:00.7392405Z Preparing to unpack .../149-libneon27t64_0.33.0-1.1build3_amd64.deb ...
2025-10-25T20:50:00.7400771Z Unpacking libneon27t64:amd64 (0.33.0-1.1build3) ...
2025-10-25T20:50:00.7644960Z Selecting previously unselected package libnice10:amd64.
2025-10-25T20:50:00.7773954Z Preparing to unpack .../150-libnice10_0.1.21-2build3_amd64.deb ...
2025-10-25T20:50:00.7782690Z Unpacking libnice10:amd64 (0.1.21-2build3) ...
2025-10-25T20:50:00.8022668Z Selecting previously unselected package libopenal-data.
2025-10-25T20:50:00.8160428Z Preparing to unpack .../151-libopenal-data_1%3a1.23.1-4build1_all.deb ...
2025-10-25T20:50:00.8169323Z Unpacking libopenal-data (1:1.23.1-4build1) ...
2025-10-25T20:50:00.8415053Z Selecting previously unselected package libopenexr-3-1-30:amd64.
2025-10-25T20:50:00.8551640Z Preparing to unpack .../152-libopenexr-3-1-30_3.1.5-5.1build3_amd64.deb ...
2025-10-25T20:50:00.8559124Z Unpacking libopenexr-3-1-30:amd64 (3.1.5-5.1build3) ...
2025-10-25T20:50:00.8969536Z Selecting previously unselected package libopenh264-7:amd64.
2025-10-25T20:50:00.9108451Z Preparing to unpack .../153-libopenh264-7_2.4.1+dfsg-1_amd64.deb ...
2025-10-25T20:50:00.9115665Z Unpacking libopenh264-7:amd64 (2.4.1+dfsg-1) ...
2025-10-25T20:50:00.9402726Z Selecting previously unselected package libopenni2-0:amd64.
2025-10-25T20:50:00.9537544Z Preparing to unpack .../154-libopenni2-0_2.2.0.33+dfsg-18_amd64.deb ...
2025-10-25T20:50:00.9572892Z Unpacking libopenni2-0:amd64 (2.2.0.33+dfsg-18) ...
2025-10-25T20:50:00.9870830Z Selecting previously unselected package libqrencode4:amd64.
2025-10-25T20:50:01.0006592Z Preparing to unpack .../155-libqrencode4_4.1.1-1build2_amd64.deb ...
2025-10-25T20:50:01.0017019Z Unpacking libqrencode4:amd64 (4.1.1-1build2) ...
2025-10-25T20:50:01.0228405Z Selecting previously unselected package libsecret-common.
2025-10-25T20:50:01.0366229Z Preparing to unpack .../156-libsecret-common_0.21.4-1build3_all.deb ...
2025-10-25T20:50:01.0376064Z Unpacking libsecret-common (0.21.4-1build3) ...
2025-10-25T20:50:01.0590197Z Selecting previously unselected package libsecret-1-0:amd64.
2025-10-25T20:50:01.0726332Z Preparing to unpack .../157-libsecret-1-0_0.21.4-1build3_amd64.deb ...
2025-10-25T20:50:01.0736048Z Unpacking libsecret-1-0:amd64 (0.21.4-1build3) ...
2025-10-25T20:50:01.0989320Z Selecting previously unselected package libsndio7.0:amd64.
2025-10-25T20:50:01.1124653Z Preparing to unpack .../158-libsndio7.0_1.9.0-0.3build3_amd64.deb ...
2025-10-25T20:50:01.1132928Z Unpacking libsndio7.0:amd64 (1.9.0-0.3build3) ...
2025-10-25T20:50:01.1345776Z Selecting previously unselected package libsoundtouch1:amd64.
2025-10-25T20:50:01.1482073Z Preparing to unpack .../159-libsoundtouch1_2.3.2+ds1-1build1_amd64.deb ...
2025-10-25T20:50:01.1494072Z Unpacking libsoundtouch1:amd64 (2.3.2+ds1-1build1) ...
2025-10-25T20:50:01.1734556Z Selecting previously unselected package libspandsp2t64:amd64.
2025-10-25T20:50:01.1857659Z Preparing to unpack .../160-libspandsp2t64_0.0.6+dfsg-2.1build1_amd64.deb ...
2025-10-25T20:50:01.1867651Z Unpacking libspandsp2t64:amd64 (0.0.6+dfsg-2.1build1) ...
2025-10-25T20:50:01.2131119Z Selecting previously unselected package libsrtp2-1:amd64.
2025-10-25T20:50:01.2265198Z Preparing to unpack .../161-libsrtp2-1_2.5.0-3build1_amd64.deb ...
2025-10-25T20:50:01.2274562Z Unpacking libsrtp2-1:amd64 (2.5.0-3build1) ...
2025-10-25T20:50:01.2514225Z Selecting previously unselected package libwildmidi2:amd64.
2025-10-25T20:50:01.2647187Z Preparing to unpack .../162-libwildmidi2_0.4.3-1build3_amd64.deb ...
2025-10-25T20:50:01.2657740Z Unpacking libwildmidi2:amd64 (0.4.3-1build3) ...
2025-10-25T20:50:01.2895028Z Selecting previously unselected package libwoff1:amd64.
2025-10-25T20:50:01.3014120Z Preparing to unpack .../163-libwoff1_1.0.2-2build1_amd64.deb ...
2025-10-25T20:50:01.3023050Z Unpacking libwoff1:amd64 (1.0.2-2build1) ...
2025-10-25T20:50:01.3257911Z Selecting previously unselected package libxcb-xkb1:amd64.
2025-10-25T20:50:01.3394475Z Preparing to unpack .../164-libxcb-xkb1_1.15-1ubuntu2_amd64.deb ...
2025-10-25T20:50:01.3404667Z Unpacking libxcb-xkb1:amd64 (1.15-1ubuntu2) ...
2025-10-25T20:50:01.3774529Z Selecting previously unselected package libxkbcommon-x11-0:amd64.
2025-10-25T20:50:01.3903503Z Preparing to unpack .../165-libxkbcommon-x11-0_1.6.0-1build1_amd64.deb ...
2025-10-25T20:50:01.3913052Z Unpacking libxkbcommon-x11-0:amd64 (1.6.0-1build1) ...
2025-10-25T20:50:01.4130211Z Selecting previously unselected package libzbar0t64:amd64.
2025-10-25T20:50:01.4259374Z Preparing to unpack .../166-libzbar0t64_0.23.93-4build3_amd64.deb ...
2025-10-25T20:50:01.4272931Z Unpacking libzbar0t64:amd64 (0.23.93-4build3) ...
2025-10-25T20:50:01.4492867Z Selecting previously unselected package libzxing3:amd64.
2025-10-25T20:50:01.4624216Z Preparing to unpack .../167-libzxing3_2.2.1-3_amd64.deb ...
2025-10-25T20:50:01.4632084Z Unpacking libzxing3:amd64 (2.2.1-3) ...
2025-10-25T20:50:01.4934961Z Selecting previously unselected package xfonts-encodings.
2025-10-25T20:50:01.5068670Z Preparing to unpack .../168-xfonts-encodings_1%3a1.0.5-0ubuntu2_all.deb ...
2025-10-25T20:50:01.5088779Z Unpacking xfonts-encodings (1:1.0.5-0ubuntu2) ...
2025-10-25T20:50:01.5414865Z Selecting previously unselected package xfonts-utils.
2025-10-25T20:50:01.5547384Z Preparing to unpack .../169-xfonts-utils_1%3a7.7+6build3_amd64.deb ...
2025-10-25T20:50:01.5555393Z Unpacking xfonts-utils (1:7.7+6build3) ...
2025-10-25T20:50:01.7471438Z Selecting previously unselected package xfonts-cyrillic.
2025-10-25T20:50:01.7609379Z Preparing to unpack .../170-xfonts-cyrillic_1%3a1.0.5+nmu1_all.deb ...
2025-10-25T20:50:01.7617916Z Unpacking xfonts-cyrillic (1:1.0.5+nmu1) ...
2025-10-25T20:50:01.8004690Z Selecting previously unselected package xfonts-scalable.
2025-10-25T20:50:01.8129239Z Preparing to unpack .../171-xfonts-scalable_1%3a1.0.3-1.3_all.deb ...
2025-10-25T20:50:01.8139245Z Unpacking xfonts-scalable (1:1.0.3-1.3) ...
2025-10-25T20:50:01.8414627Z Selecting previously unselected package libgstreamer-plugins-bad1.0-0:amd64.
2025-10-25T20:50:01.8551084Z Preparing to unpack .../172-libgstreamer-plugins-bad1.0-0_1.24.2-1ubuntu4_amd64.deb ...
2025-10-25T20:50:01.8557638Z Unpacking libgstreamer-plugins-bad1.0-0:amd64 (1.24.2-1ubuntu4) ...
2025-10-25T20:50:01.8974315Z Selecting previously unselected package libdca0:amd64.
2025-10-25T20:50:01.9100903Z Preparing to unpack .../173-libdca0_0.0.7-2build1_amd64.deb ...
2025-10-25T20:50:01.9108415Z Unpacking libdca0:amd64 (0.0.7-2build1) ...
2025-10-25T20:50:01.9329411Z Selecting previously unselected package libopenal1:amd64.
2025-10-25T20:50:01.9463474Z Preparing to unpack .../174-libopenal1_1%3a1.23.1-4build1_amd64.deb ...
2025-10-25T20:50:01.9472403Z Unpacking libopenal1:amd64 (1:1.23.1-4build1) ...
2025-10-25T20:50:01.9746465Z Selecting previously unselected package libsbc1:amd64.
2025-10-25T20:50:01.9881234Z Preparing to unpack .../175-libsbc1_2.0-1build1_amd64.deb ...
2025-10-25T20:50:01.9889745Z Unpacking libsbc1:amd64 (2.0-1build1) ...
2025-10-25T20:50:02.0127812Z Selecting previously unselected package libvo-aacenc0:amd64.
2025-10-25T20:50:02.0261084Z Preparing to unpack .../176-libvo-aacenc0_0.1.3-2build1_amd64.deb ...
2025-10-25T20:50:02.0268404Z Unpacking libvo-aacenc0:amd64 (0.1.3-2build1) ...
2025-10-25T20:50:02.0481542Z Selecting previously unselected package libvo-amrwbenc0:amd64.
2025-10-25T20:50:02.0614140Z Preparing to unpack .../177-libvo-amrwbenc0_0.1.3-2build1_amd64.deb ...
2025-10-25T20:50:02.0622444Z Unpacking libvo-amrwbenc0:amd64 (0.1.3-2build1) ...
2025-10-25T20:50:02.0844638Z Selecting previously unselected package gstreamer1.0-plugins-bad:amd64.
2025-10-25T20:50:02.0968279Z Preparing to unpack .../178-gstreamer1.0-plugins-bad_1.24.2-1ubuntu4_amd64.deb ...
2025-10-25T20:50:02.0977394Z Unpacking gstreamer1.0-plugins-bad:amd64 (1.24.2-1ubuntu4) ...
2025-10-25T20:50:02.4394803Z Setting up libgme0:amd64 (0.6.3-7build1) ...
2025-10-25T20:50:02.4422048Z Setting up libchromaprint1:amd64 (1.5.1-5) ...
2025-10-25T20:50:02.4441511Z Setting up libssh-gcrypt-4:amd64 (0.10.6-2ubuntu0.1) ...
2025-10-25T20:50:02.4460435Z Setting up libhwy1t64:amd64 (1.0.7-8.1build1) ...
2025-10-25T20:50:02.4482122Z Setting up libcairo-script-interpreter2:amd64 (1.18.0-3build1) ...
2025-10-25T20:50:02.4501086Z Setting up libfreeaptx0:amd64 (0.1.1-2build1) ...
2025-10-25T20:50:02.4522462Z Setting up libdvdread8t64:amd64 (6.1.3-1.1build1) ...
2025-10-25T20:50:02.4545635Z Setting up libudfread0:amd64 (1.1.2-1build1) ...
2025-10-25T20:50:02.4566213Z Setting up libmodplug1:amd64 (1:0.8.9.0-3build1) ...
2025-10-25T20:50:02.4586742Z Setting up libcdparanoia0:amd64 (3.10.2+debian-14build3) ...
2025-10-25T20:50:02.4605601Z Setting up libvo-amrwbenc0:amd64 (0.1.3-2build1) ...
2025-10-25T20:50:02.4624775Z Setting up session-migration (0.3.9build1) ...
2025-10-25T20:50:02.5926012Z Created symlink /etc/systemd/user/graphical-session-pre.target.wants/session-migration.service → /usr/lib/systemd/user/session-migration.service.
2025-10-25T20:50:02.5927680Z 
2025-10-25T20:50:02.5956867Z Setting up libraw1394-11:amd64 (2.1.2-2build3) ...
2025-10-25T20:50:02.5991204Z Setting up libsbc1:amd64 (2.0-1build1) ...
2025-10-25T20:50:02.6016182Z Setting up libproxy1v5:amd64 (0.5.4-4build1) ...
2025-10-25T20:50:02.6038114Z Setting up libneon27t64:amd64 (0.33.0-1.1build3) ...
2025-10-25T20:50:02.6060752Z Setting up libtag1v5-vanilla:amd64 (1.13.1-1build1) ...
2025-10-25T20:50:02.6084531Z Setting up libharfbuzz-icu0:amd64 (8.3.0-2build2) ...
2025-10-25T20:50:02.6105088Z Setting up libopenni2-0:amd64 (2.2.0.33+dfsg-18) ...
2025-10-25T20:50:02.6418310Z Setting up libspeex1:amd64 (1.2.1-2ubuntu2.24.04.1) ...
2025-10-25T20:50:02.6439473Z Setting up libshine3:amd64 (3.1.1-2build1) ...
2025-10-25T20:50:02.6467868Z Setting up libcaca0:amd64 (0.99.beta20-4build2) ...
2025-10-25T20:50:02.6488015Z Setting up libvpl2 (2023.3.0-1build1) ...
2025-10-25T20:50:02.6509703Z Setting up libv4lconvert0t64:amd64 (1.26.1-4build3) ...
2025-10-25T20:50:02.6530278Z Setting up libx264-164:amd64 (2:0.164.3108+git31e19f9-1) ...
2025-10-25T20:50:02.6552672Z Setting up libtwolame0:amd64 (0.4.0-2build3) ...
2025-10-25T20:50:02.6572726Z Setting up libmbedcrypto7t64:amd64 (2.28.8-1) ...
2025-10-25T20:50:02.6593192Z Setting up libwoff1:amd64 (1.0.2-2build1) ...
2025-10-25T20:50:02.6614068Z Setting up liblc3-1:amd64 (1.0.4-3build1) ...
2025-10-25T20:50:02.6633525Z Setting up libqrencode4:amd64 (4.1.1-1build2) ...
2025-10-25T20:50:02.6653663Z Setting up libhyphen0:amd64 (2.8.8-7build3) ...
2025-10-25T20:50:02.6674489Z Setting up libgsm1:amd64 (1.0.22-1build1) ...
2025-10-25T20:50:02.6694158Z Setting up libvisual-0.4-0:amd64 (0.4.2-2build1) ...
2025-10-25T20:50:02.6715053Z Setting up libsoxr0:amd64 (0.1.3-4build3) ...
2025-10-25T20:50:02.6735626Z Setting up libzix-0-0:amd64 (0.4.2-2build1) ...
2025-10-25T20:50:02.6757737Z Setting up libcodec2-1.2:amd64 (1.2.0-2build1) ...
2025-10-25T20:50:02.6778691Z Setting up libmanette-0.2-0:amd64 (0.2.7-1build2) ...
2025-10-25T20:50:02.6799008Z Setting up libsrtp2-1:amd64 (2.5.0-3build1) ...
2025-10-25T20:50:02.6819885Z Setting up libmysofa1:amd64 (1.3.2+dfsg-2ubuntu2) ...
2025-10-25T20:50:02.6839904Z Setting up libraptor2-0:amd64 (2.0.16-3ubuntu0.1) ...
2025-10-25T20:50:02.6859920Z Setting up libldacbt-enc2:amd64 (2.0.2.3+git20200429+ed310a0-4ubuntu2) ...
2025-10-25T20:50:02.6880445Z Setting up fonts-wqy-zenhei (0.9.45-8) ...
2025-10-25T20:50:02.7010008Z Setting up libwebrtc-audio-processing1:amd64 (0.3.1-0ubuntu6) ...
2025-10-25T20:50:02.7029288Z Setting up fonts-freefont-ttf (20211204+svn4273-2) ...
2025-10-25T20:50:02.7050528Z Setting up libevent-2.1-7t64:amd64 (2.1.12-stable-9ubuntu2) ...
2025-10-25T20:50:02.7149325Z Setting up libsvtav1enc1d1:amd64 (1.7.0+dfsg-2build1) ...
2025-10-25T20:50:02.7170631Z Setting up libsoup-3.0-common (3.4.4-5ubuntu0.5) ...
2025-10-25T20:50:02.7192219Z Setting up libmpg123-0t64:amd64 (1.32.5-1ubuntu1.1) ...
2025-10-25T20:50:02.7214525Z Setting up libcjson1:amd64 (1.7.17-1) ...
2025-10-25T20:50:02.7236351Z Setting up libxvidcore4:amd64 (2:1.3.7-1build1) ...
2025-10-25T20:50:02.7258568Z Setting up libmpcdec6:amd64 (2:0.1~r495-2build1) ...
2025-10-25T20:50:02.7281045Z Setting up libmjpegutils-2.1-0t64:amd64 (1:2.1.0+debian-8.1build1) ...
2025-10-25T20:50:02.7303597Z Setting up librav1e0:amd64 (0.7.1-2) ...
2025-10-25T20:50:02.7325009Z Setting up liborc-0.4-0t64:amd64 (1:0.4.38-1ubuntu0.1) ...
2025-10-25T20:50:02.7346511Z Setting up libxcb-xkb1:amd64 (1.15-1ubuntu2) ...
2025-10-25T20:50:02.7368446Z Setting up libvo-aacenc0:amd64 (0.1.3-2build1) ...
2025-10-25T20:50:02.7401858Z Setting up librist4:amd64 (0.2.10+dfsg-2) ...
2025-10-25T20:50:02.7423082Z Setting up librsvg2-2:amd64 (2.58.0+dfsg-1build1) ...
2025-10-25T20:50:02.7445160Z Setting up libblas3:amd64 (3.12.0-3build1.1) ...
2025-10-25T20:50:02.7505091Z update-alternatives: using /usr/lib/x86_64-linux-gnu/blas/libblas.so.3 to provide /usr/lib/x86_64-linux-gnu/libblas.so.3 (libblas.so.3-x86_64-linux-gnu) in auto mode
2025-10-25T20:50:02.7523977Z Setting up libegl-mesa0:amd64 (25.0.7-0ubuntu0.24.04.2) ...
2025-10-25T20:50:02.7547034Z Setting up libsoundtouch1:amd64 (2.3.2+ds1-1build1) ...
2025-10-25T20:50:02.7570160Z Setting up libplacebo338:amd64 (6.338.2-2build1) ...
2025-10-25T20:50:02.7591788Z Setting up libgles2:amd64 (1.7.0-1build1) ...
2025-10-25T20:50:02.7613529Z Setting up fonts-tlwg-loma-otf (1:0.7.3-1) ...
2025-10-25T20:50:02.7635414Z Setting up libva2:amd64 (2.20.0-2build1) ...
2025-10-25T20:50:02.7656268Z Setting up libspa-0.2-modules:amd64 (1.0.5-1ubuntu3.1) ...
2025-10-25T20:50:02.7678182Z Setting up libzxing3:amd64 (2.2.1-3) ...
2025-10-25T20:50:02.7703630Z Setting up xfonts-encodings (1:1.0.5-0ubuntu2) ...
2025-10-25T20:50:02.7725511Z Setting up libopus0:amd64 (1.4-1build1) ...
2025-10-25T20:50:02.7748486Z Setting up libfaad2:amd64 (2.11.1-1build1) ...
2025-10-25T20:50:02.7769739Z Setting up libxkbcommon-x11-0:amd64 (1.6.0-1build1) ...
2025-10-25T20:50:02.7792181Z Setting up libdc1394-25:amd64 (2.2.6-4build1) ...
2025-10-25T20:50:02.7813731Z Setting up libimath-3-1-29t64:amd64 (3.1.9-3.1ubuntu2) ...
2025-10-25T20:50:02.7834210Z Setting up libunibreak5:amd64 (5.1-2build1) ...
2025-10-25T20:50:02.7864629Z Setting up libdv4t64:amd64 (1.0.0-17.1build1) ...
2025-10-25T20:50:02.7885797Z Setting up libjxl0.7:amd64 (0.7.0-10.2ubuntu6.1) ...
2025-10-25T20:50:02.7908699Z Setting up libopenh264-7:amd64 (2.4.1+dfsg-1) ...
2025-10-25T20:50:02.7929837Z Setting up libltc11:amd64 (1.3.2-1build1) ...
2025-10-25T20:50:02.7951098Z Setting up libx265-199:amd64 (3.5-2build1) ...
2025-10-25T20:50:02.7972080Z Setting up libv4l-0t64:amd64 (1.26.1-4build3) ...
2025-10-25T20:50:02.7994545Z Setting up libavtp0:amd64 (0.2.0-1build1) ...
2025-10-25T20:50:02.8021084Z Setting up libsndio7.0:amd64 (1.9.0-0.3build3) ...
2025-10-25T20:50:02.8044179Z Setting up libdirectfb-1.7-7t64:amd64 (1.7.7-11.1ubuntu2) ...
2025-10-25T20:50:02.8184426Z Setting up libspandsp2t64:amd64 (0.0.6+dfsg-2.1build1) ...
2025-10-25T20:50:02.8205050Z Setting up libvidstab1.1:amd64 (1.1.0-2build1) ...
2025-10-25T20:50:02.8226013Z Setting up libvpx9:amd64 (1.14.0-1ubuntu2.2) ...
2025-10-25T20:50:02.8247112Z Setting up libsrt1.5-gnutls:amd64 (1.5.3-1build2) ...
2025-10-25T20:50:02.8266111Z Setting up libtag1v5:amd64 (1.13.1-1build1) ...
2025-10-25T20:50:02.8286154Z Setting up libflite1:amd64 (2.2-6build3) ...
2025-10-25T20:50:02.8306385Z Setting up libdav1d7:amd64 (1.4.1-1build1) ...
2025-10-25T20:50:02.8340659Z Setting up libva-drm2:amd64 (2.20.0-2build1) ...
2025-10-25T20:50:02.8364371Z Setting up fonts-ipafont-gothic (00303-21ubuntu1) ...
2025-10-25T20:50:02.8434405Z update-alternatives: using /usr/share/fonts/opentype/ipafont-gothic/ipag.ttf to provide /usr/share/fonts/truetype/fonts-japanese-gothic.ttf (fonts-japanese-gothic.ttf) in auto mode
2025-10-25T20:50:02.8451845Z Setting up ocl-icd-libopencl1:amd64 (2.3.2-1build1) ...
2025-10-25T20:50:02.8470591Z Setting up libasyncns0:amd64 (0.8-6build4) ...
2025-10-25T20:50:02.8496057Z Setting up libwildmidi2:amd64 (0.4.3-1build3) ...
2025-10-25T20:50:02.8516067Z Setting up libvdpau1:amd64 (1.5-2build1) ...
2025-10-25T20:50:02.8544662Z Setting up libwavpack1:amd64 (5.6.0-1build1) ...
2025-10-25T20:50:02.8564888Z Setting up libbs2b0:amd64 (3.1.0+dfsg-7build1) ...
2025-10-25T20:50:02.8586124Z Setting up libtheora0:amd64 (1.1.1+dfsg.1-16.1build3) ...
2025-10-25T20:50:02.8606730Z Setting up libegl1:amd64 (1.7.0-1build1) ...
2025-10-25T20:50:02.8628511Z Setting up libdecor-0-0:amd64 (0.2.2-1build2) ...
2025-10-25T20:50:02.8653568Z Setting up libdca0:amd64 (0.0.7-2build1) ...
2025-10-25T20:50:02.8673726Z Setting up libzimg2:amd64 (3.0.5+ds1-1build1) ...
2025-10-25T20:50:02.8695142Z Setting up libopenal-data (1:1.23.1-4build1) ...
2025-10-25T20:50:02.8724658Z Setting up libabsl20220623t64:amd64 (20220623.1-3.1ubuntu3.2) ...
2025-10-25T20:50:02.8748983Z Setting up libflac12t64:amd64 (1.4.3+ds-2.1ubuntu2) ...
2025-10-25T20:50:02.8772162Z Setting up libgtk-4-common (4.14.5+ds-0ubuntu0.5) ...
2025-10-25T20:50:02.8795370Z Setting up libmpeg2encpp-2.1-0t64:amd64 (1:2.1.0+debian-8.1build1) ...
2025-10-25T20:50:02.8818642Z Setting up glib-networking-common (2.80.0-1build1) ...
2025-10-25T20:50:02.8838171Z Setting up libmfx1:amd64 (22.5.4-1) ...
2025-10-25T20:50:02.8860562Z Setting up libbluray2:amd64 (1:1.3.4-1build1) ...
2025-10-25T20:50:02.8882566Z Setting up libsamplerate0:amd64 (0.2.2-4build1) ...
2025-10-25T20:50:02.8904673Z Setting up timgm6mb-soundfont (1.3-5) ...
2025-10-25T20:50:02.8985714Z update-alternatives: using /usr/share/sounds/sf2/TimGM6mb.sf2 to provide /usr/share/sounds/sf2/default-GM.sf2 (default-GM.sf2) in auto mode
2025-10-25T20:50:02.9030964Z update-alternatives: using /usr/share/sounds/sf2/TimGM6mb.sf2 to provide /usr/share/sounds/sf3/default-GM.sf3 (default-GM.sf3) in auto mode
2025-10-25T20:50:02.9046369Z Setting up libva-x11-2:amd64 (2.20.0-2build1) ...
2025-10-25T20:50:02.9067717Z Setting up libyuv0:amd64 (0.0~git202401110.af6ac82-1) ...
2025-10-25T20:50:02.9092452Z Setting up libmplex2-2.1-0t64:amd64 (1:2.1.0+debian-8.1build1) ...
2025-10-25T20:50:02.9113919Z Setting up libpipewire-0.3-0t64:amd64 (1.0.5-1ubuntu3.1) ...
2025-10-25T20:50:02.9134937Z Setting up libopenmpt0t64:amd64 (0.7.3-1.1build3) ...
2025-10-25T20:50:02.9157297Z Setting up libzvbi-common (0.2.42-2) ...
2025-10-25T20:50:02.9177419Z Setting up libsecret-common (0.21.4-1build3) ...
2025-10-25T20:50:02.9197166Z Setting up libmp3lame0:amd64 (3.100-6build1) ...
2025-10-25T20:50:02.9217712Z Setting up libgraphene-1.0-0:amd64 (1.10.8-3build2) ...
2025-10-25T20:50:02.9240141Z Setting up libvorbisenc2:amd64 (1.3.7-1build3) ...
2025-10-25T20:50:02.9261015Z Setting up libdvdnav4:amd64 (6.1.1-3build1) ...
2025-10-25T20:50:02.9282293Z Setting up fonts-unifont (1:15.1.01-1build1) ...
2025-10-25T20:50:02.9304479Z Setting up libaa1:amd64 (1.4p5-51.1) ...
2025-10-25T20:50:02.9327195Z Setting up libiec61883-0:amd64 (1.2.0-6build1) ...
2025-10-25T20:50:02.9348934Z Setting up libserd-0-0:amd64 (0.32.2-1) ...
2025-10-25T20:50:02.9372035Z Setting up libavc1394-0:amd64 (0.5.4-5build3) ...
2025-10-25T20:50:02.9394092Z Setting up gsettings-desktop-schemas (46.1-0ubuntu1) ...
2025-10-25T20:50:02.9416560Z Setting up glib-networking-services (2.80.0-1build1) ...
2025-10-25T20:50:02.9462003Z Setting up liblapack3:amd64 (3.12.0-3build1.1) ...
2025-10-25T20:50:02.9522373Z update-alternatives: using /usr/lib/x86_64-linux-gnu/lapack/liblapack.so.3 to provide /usr/lib/x86_64-linux-gnu/liblapack.so.3 (liblapack.so.3-x86_64-linux-gnu) in auto mode
2025-10-25T20:50:02.9539891Z Setting up libzvbi0t64:amd64 (0.2.42-2) ...
2025-10-25T20:50:02.9559534Z Setting up liblrdf0:amd64 (0.6.1-4build1) ...
2025-10-25T20:50:02.9582154Z Setting up libzbar0t64:amd64 (0.23.93-4build3) ...
2025-10-25T20:50:02.9605355Z Setting up libgstreamer-plugins-base1.0-0:amd64 (1.24.2-1ubuntu0.3) ...
2025-10-25T20:50:02.9624188Z Setting up libavutil58:amd64 (7:6.1.1-3ubuntu5) ...
2025-10-25T20:50:02.9644454Z Setting up libopenal1:amd64 (1:1.23.1-4build1) ...
2025-10-25T20:50:02.9664602Z Setting up xfonts-utils (1:7.7+6build3) ...
2025-10-25T20:50:02.9707131Z Setting up libsecret-1-0:amd64 (0.21.4-1build3) ...
2025-10-25T20:50:02.9729081Z Setting up libgstreamer-plugins-good1.0-0:amd64 (1.24.2-1ubuntu1.2) ...
2025-10-25T20:50:02.9753822Z Setting up libgstreamer-gl1.0-0:amd64 (1.24.2-1ubuntu0.3) ...
2025-10-25T20:50:02.9775054Z Setting up gstreamer1.0-plugins-base:amd64 (1.24.2-1ubuntu0.3) ...
2025-10-25T20:50:02.9796409Z Setting up libass9:amd64 (1:0.17.1-2build1) ...
2025-10-25T20:50:02.9818394Z Setting up libswresample4:amd64 (7:6.1.1-3ubuntu5) ...
2025-10-25T20:50:02.9839982Z Setting up libopenexr-3-1-30:amd64 (3.1.5-5.1build3) ...
2025-10-25T20:50:02.9861491Z Setting up libshout3:amd64 (2.4.6-1build2) ...
2025-10-25T20:50:02.9884167Z Setting up libgav1-1:amd64 (0.18.0-1build3) ...
2025-10-25T20:50:02.9905259Z Setting up libavcodec60:amd64 (7:6.1.1-3ubuntu5) ...
2025-10-25T20:50:02.9932329Z Setting up librubberband2:amd64 (3.3.0+dfsg-2build1) ...
2025-10-25T20:50:02.9955393Z Setting up libjack-jackd2-0:amd64 (1.9.21~dfsg-3ubuntu3) ...
2025-10-25T20:50:02.9977503Z Setting up libsord-0-0:amd64 (0.16.16-2build1) ...
2025-10-25T20:50:02.9997879Z Setting up xfonts-cyrillic (1:1.0.5+nmu1) ...
2025-10-25T20:50:03.0598485Z Setting up libpostproc57:amd64 (7:6.1.1-3ubuntu5) ...
2025-10-25T20:50:03.0621618Z Setting up libsratom-0-0:amd64 (0.6.16-1build1) ...
2025-10-25T20:50:03.0645090Z Setting up libsndfile1:amd64 (1.2.2-1ubuntu5.24.04.1) ...
2025-10-25T20:50:03.0668652Z Setting up liblilv-0-0:amd64 (0.24.22-1build1) ...
2025-10-25T20:50:03.0691845Z Setting up libinstpatch-1.0-2:amd64 (1.1.6-1build2) ...
2025-10-25T20:50:03.0716057Z Setting up xfonts-scalable (1:1.0.3-1.3) ...
2025-10-25T20:50:03.1135119Z Setting up libswscale7:amd64 (7:6.1.1-3ubuntu5) ...
2025-10-25T20:50:03.1157225Z Setting up libavif16:amd64 (1.0.4-1ubuntu3) ...
2025-10-25T20:50:03.1182212Z Setting up libpulse0:amd64 (1:16.1+dfsg1-2ubuntu10.1) ...
2025-10-25T20:50:03.1261462Z Setting up libavformat60:amd64 (7:6.1.1-3ubuntu5) ...
2025-10-25T20:50:03.1285779Z Setting up libsphinxbase3t64:amd64 (0.8+5prealpha+1-17build2) ...
2025-10-25T20:50:03.1426178Z Setting up libsdl2-2.0-0:amd64 (2.30.0+dfsg-1ubuntu3.1) ...
2025-10-25T20:50:03.1448974Z Setting up libfluidsynth3:amd64 (2.3.4-1build3) ...
2025-10-25T20:50:03.1473854Z Setting up libpocketsphinx3:amd64 (0.8.0+real5prealpha+1-15ubuntu5) ...
2025-10-25T20:50:03.1507164Z Setting up libavfilter9:amd64 (7:6.1.1-3ubuntu5) ...
2025-10-25T20:50:03.1532892Z Setting up gstreamer1.0-libav:amd64 (1.24.1-1build1) ...
2025-10-25T20:50:03.1823198Z Processing triggers for fontconfig (2.15.0-1.1ubuntu2) ...
2025-10-25T20:50:03.6087410Z Processing triggers for libc-bin (2.39-0ubuntu8.6) ...
2025-10-25T20:50:05.5646347Z Processing triggers for man-db (2.12.0-4build2) ...
2025-10-25T20:51:49.2655200Z Processing triggers for libglib2.0-0t64:amd64 (2.80.0-6ubuntu3.4) ...
2025-10-25T20:51:49.3262281Z Setting up libgtk-4-1:amd64 (4.14.5+ds-0ubuntu0.5) ...
2025-10-25T20:51:49.4045274Z Setting up glib-networking:amd64 (2.80.0-1build1) ...
2025-10-25T20:51:49.4086607Z Setting up libsoup-3.0-0:amd64 (3.4.4-5ubuntu0.5) ...
2025-10-25T20:51:49.4119153Z Setting up libgssdp-1.6-0:amd64 (1.6.3-1build3) ...
2025-10-25T20:51:49.4191696Z Setting up gstreamer1.0-plugins-good:amd64 (1.24.2-1ubuntu1.2) ...
2025-10-25T20:51:49.4239544Z Setting up libgupnp-1.6-0:amd64 (1.6.6-1build3) ...
2025-10-25T20:51:49.4300929Z Setting up libgupnp-igd-1.6-0:amd64 (1.6.0-3build3) ...
2025-10-25T20:51:49.4337358Z Setting up libnice10:amd64 (0.1.21-2build3) ...
2025-10-25T20:51:49.4394181Z Setting up libgstreamer-plugins-bad1.0-0:amd64 (1.24.2-1ubuntu4) ...
2025-10-25T20:51:49.4435098Z Setting up gstreamer1.0-plugins-bad:amd64 (1.24.2-1ubuntu4) ...
2025-10-25T20:51:49.4459544Z Processing triggers for libc-bin (2.39-0ubuntu8.6) ...
2025-10-25T20:51:50.1298322Z 
2025-10-25T20:51:50.1299110Z Running kernel seems to be up-to-date.
2025-10-25T20:51:50.1300252Z 
2025-10-25T20:51:50.1301559Z Restarting services...
2025-10-25T20:51:50.1369052Z 
2025-10-25T20:51:50.1370058Z Service restarts being deferred:
2025-10-25T20:51:50.1373458Z  systemctl restart hosted-compute-agent.service
2025-10-25T20:51:50.1374929Z 
2025-10-25T20:51:50.1375208Z No containers need to be restarted.
2025-10-25T20:51:50.1375506Z 
2025-10-25T20:51:50.1375803Z No user sessions are running outdated binaries.
2025-10-25T20:51:50.1376138Z 
2025-10-25T20:51:50.1376604Z No VM guests are running outdated hypervisor (qemu) binaries on this host.
2025-10-25T20:51:51.0557252Z Downloading Chromium 141.0.7390.37 (playwright build v1194) from https://cdn.playwright.dev/dbazure/download/playwright/builds/chromium/1194/chromium-linux.zip
2025-10-25T20:51:51.3962445Z |                                                                                |   0% of 173.9 MiB
2025-10-25T20:51:51.6953829Z |■■■■■■■■                                                                        |  10% of 173.9 MiB
2025-10-25T20:51:51.8726330Z |■■■■■■■■■■■■■■■■                                                                |  20% of 173.9 MiB
2025-10-25T20:51:51.9997257Z |■■■■■■■■■■■■■■■■■■■■■■■■                                                        |  30% of 173.9 MiB
2025-10-25T20:51:52.1235813Z |■■■■■■■■■■■■■■■■■■■■■■■■■■■■■■■■                                                |  40% of 173.9 MiB
2025-10-25T20:51:52.2403066Z |■■■■■■■■■■■■■■■■■■■■■■■■■■■■■■■■■■■■■■■■                                        |  50% of 173.9 MiB
2025-10-25T20:51:52.3554323Z |■■■■■■■■■■■■■■■■■■■■■■■■■■■■■■■■■■■■■■■■■■■■■■■■                                |  60% of 173.9 MiB
2025-10-25T20:51:52.4803441Z |■■■■■■■■■■■■■■■■■■■■■■■■■■■■■■■■■■■■■■■■■■■■■■■■■■■■■■■■                        |  70% of 173.9 MiB
2025-10-25T20:51:52.6038313Z |■■■■■■■■■■■■■■■■■■■■■■■■■■■■■■■■■■■■■■■■■■■■■■■■■■■■■■■■■■■■■■■■                |  80% of 173.9 MiB
2025-10-25T20:51:52.7153610Z |■■■■■■■■■■■■■■■■■■■■■■■■■■■■■■■■■■■■■■■■■■■■■■■■■■■■■■■■■■■■■■■■■■■■■■■■        |  90% of 173.9 MiB
2025-10-25T20:51:52.8280761Z |■■■■■■■■■■■■■■■■■■■■■■■■■■■■■■■■■■■■■■■■■■■■■■■■■■■■■■■■■■■■■■■■■■■■■■■■■■■■■■■■| 100% of 173.9 MiB
2025-10-25T20:51:57.7733821Z Chromium 141.0.7390.37 (playwright build v1194) downloaded to /home/runner/.cache/ms-playwright/chromium-1194
2025-10-25T20:51:57.7739611Z Downloading Chromium Headless Shell 141.0.7390.37 (playwright build v1194) from https://cdn.playwright.dev/dbazure/download/playwright/builds/chromium/1194/chromium-headless-shell-linux.zip
2025-10-25T20:51:58.1955666Z |                                                                                |   0% of 104.3 MiB
2025-10-25T20:51:58.4591942Z |■■■■■■■■                                                                        |  10% of 104.3 MiB
2025-10-25T20:51:58.5618989Z |■■■■■■■■■■■■■■■■                                                                |  20% of 104.3 MiB
2025-10-25T20:51:58.6530674Z |■■■■■■■■■■■■■■■■■■■■■■■■                                                        |  30% of 104.3 MiB
2025-10-25T20:51:58.7343604Z |■■■■■■■■■■■■■■■■■■■■■■■■■■■■■■■■                                                |  40% of 104.3 MiB
2025-10-25T20:51:58.8038333Z |■■■■■■■■■■■■■■■■■■■■■■■■■■■■■■■■■■■■■■■■                                        |  50% of 104.3 MiB
2025-10-25T20:51:58.8721607Z |■■■■■■■■■■■■■■■■■■■■■■■■■■■■■■■■■■■■■■■■■■■■■■■■                                |  60% of 104.3 MiB
2025-10-25T20:51:58.9490939Z |■■■■■■■■■■■■■■■■■■■■■■■■■■■■■■■■■■■■■■■■■■■■■■■■■■■■■■■■                        |  70% of 104.3 MiB
2025-10-25T20:51:59.0251748Z |■■■■■■■■■■■■■■■■■■■■■■■■■■■■■■■■■■■■■■■■■■■■■■■■■■■■■■■■■■■■■■■■                |  80% of 104.3 MiB
2025-10-25T20:51:59.1725975Z |■■■■■■■■■■■■■■■■■■■■■■■■■■■■■■■■■■■■■■■■■■■■■■■■■■■■■■■■■■■■■■■■■■■■■■■■        |  90% of 104.3 MiB
2025-10-25T20:51:59.2409240Z |■■■■■■■■■■■■■■■■■■■■■■■■■■■■■■■■■■■■■■■■■■■■■■■■■■■■■■■■■■■■■■■■■■■■■■■■■■■■■■■■| 100% of 104.3 MiB
2025-10-25T20:52:01.8801378Z Chromium Headless Shell 141.0.7390.37 (playwright build v1194) downloaded to /home/runner/.cache/ms-playwright/chromium_headless_shell-1194
2025-10-25T20:52:01.8806509Z Downloading Firefox 142.0.1 (playwright build v1495) from https://cdn.playwright.dev/dbazure/download/playwright/builds/firefox/1495/firefox-ubuntu-24.04.zip
2025-10-25T20:52:02.0852845Z |                                                                                |   0% of 96.7 MiB
2025-10-25T20:52:02.3049416Z |■■■■■■■■                                                                        |  10% of 96.7 MiB
2025-10-25T20:52:02.5554675Z |■■■■■■■■■■■■■■■■                                                                |  20% of 96.7 MiB
2025-10-25T20:52:02.6565587Z |■■■■■■■■■■■■■■■■■■■■■■■■                                                        |  30% of 96.7 MiB
2025-10-25T20:52:02.7385842Z |■■■■■■■■■■■■■■■■■■■■■■■■■■■■■■■■                                                |  40% of 96.7 MiB
2025-10-25T20:52:02.8067530Z |■■■■■■■■■■■■■■■■■■■■■■■■■■■■■■■■■■■■■■■■                                        |  50% of 96.7 MiB
2025-10-25T20:52:02.8714610Z |■■■■■■■■■■■■■■■■■■■■■■■■■■■■■■■■■■■■■■■■■■■■■■■■                                |  60% of 96.7 MiB
2025-10-25T20:52:02.9391890Z |■■■■■■■■■■■■■■■■■■■■■■■■■■■■■■■■■■■■■■■■■■■■■■■■■■■■■■■■                        |  70% of 96.7 MiB
2025-10-25T20:52:03.0016310Z |■■■■■■■■■■■■■■■■■■■■■■■■■■■■■■■■■■■■■■■■■■■■■■■■■■■■■■■■■■■■■■■■                |  80% of 96.7 MiB
2025-10-25T20:52:03.0699390Z |■■■■■■■■■■■■■■■■■■■■■■■■■■■■■■■■■■■■■■■■■■■■■■■■■■■■■■■■■■■■■■■■■■■■■■■■        |  90% of 96.7 MiB
2025-10-25T20:52:03.1339866Z |■■■■■■■■■■■■■■■■■■■■■■■■■■■■■■■■■■■■■■■■■■■■■■■■■■■■■■■■■■■■■■■■■■■■■■■■■■■■■■■■| 100% of 96.7 MiB
2025-10-25T20:52:05.5712602Z Firefox 142.0.1 (playwright build v1495) downloaded to /home/runner/.cache/ms-playwright/firefox-1495
2025-10-25T20:52:05.5718530Z Downloading Webkit 26.0 (playwright build v2215) from https://cdn.playwright.dev/dbazure/download/playwright/builds/webkit/2215/webkit-ubuntu-24.04.zip
2025-10-25T20:52:05.7866658Z |                                                                                |   0% of 94.6 MiB
2025-10-25T20:52:06.0028050Z |■■■■■■■■                                                                        |  10% of 94.6 MiB
2025-10-25T20:52:06.0891397Z |■■■■■■■■■■■■■■■■                                                                |  20% of 94.6 MiB
2025-10-25T20:52:06.1686479Z |■■■■■■■■■■■■■■■■■■■■■■■■                                                        |  30% of 94.6 MiB
2025-10-25T20:52:06.2440271Z |■■■■■■■■■■■■■■■■■■■■■■■■■■■■■■■■                                                |  40% of 94.6 MiB
2025-10-25T20:52:06.3132553Z |■■■■■■■■■■■■■■■■■■■■■■■■■■■■■■■■■■■■■■■■                                        |  50% of 94.6 MiB
2025-10-25T20:52:06.3777283Z |■■■■■■■■■■■■■■■■■■■■■■■■■■■■■■■■■■■■■■■■■■■■■■■■                                |  60% of 94.6 MiB
2025-10-25T20:52:06.4396132Z |■■■■■■■■■■■■■■■■■■■■■■■■■■■■■■■■■■■■■■■■■■■■■■■■■■■■■■■■                        |  70% of 94.6 MiB
2025-10-25T20:52:06.5017404Z |■■■■■■■■■■■■■■■■■■■■■■■■■■■■■■■■■■■■■■■■■■■■■■■■■■■■■■■■■■■■■■■■                |  80% of 94.6 MiB
2025-10-25T20:52:06.5635308Z |■■■■■■■■■■■■■■■■■■■■■■■■■■■■■■■■■■■■■■■■■■■■■■■■■■■■■■■■■■■■■■■■■■■■■■■■        |  90% of 94.6 MiB
2025-10-25T20:52:06.6249243Z |■■■■■■■■■■■■■■■■■■■■■■■■■■■■■■■■■■■■■■■■■■■■■■■■■■■■■■■■■■■■■■■■■■■■■■■■■■■■■■■■| 100% of 94.6 MiB
2025-10-25T20:52:09.0459603Z Webkit 26.0 (playwright build v2215) downloaded to /home/runner/.cache/ms-playwright/webkit-2215
2025-10-25T20:52:09.0462886Z Downloading FFMPEG playwright build v1011 from https://cdn.playwright.dev/dbazure/download/playwright/builds/ffmpeg/1011/ffmpeg-linux.zip
2025-10-25T20:52:09.2636513Z |                                                                                |   0% of 2.3 MiB
2025-10-25T20:52:09.3154757Z |■■■■■■■■                                                                        |  10% of 2.3 MiB
2025-10-25T20:52:09.3360109Z |■■■■■■■■■■■■■■■■                                                                |  20% of 2.3 MiB
2025-10-25T20:52:09.3511878Z |■■■■■■■■■■■■■■■■■■■■■■■■                                                        |  30% of 2.3 MiB
2025-10-25T20:52:09.3571643Z |■■■■■■■■■■■■■■■■■■■■■■■■■■■■■■■■                                                |  40% of 2.3 MiB
2025-10-25T20:52:09.3617699Z |■■■■■■■■■■■■■■■■■■■■■■■■■■■■■■■■■■■■■■■■                                        |  50% of 2.3 MiB
2025-10-25T20:52:09.3729696Z |■■■■■■■■■■■■■■■■■■■■■■■■■■■■■■■■■■■■■■■■■■■■■■■■                                |  60% of 2.3 MiB
2025-10-25T20:52:09.3756460Z |■■■■■■■■■■■■■■■■■■■■■■■■■■■■■■■■■■■■■■■■■■■■■■■■■■■■■■■■                        |  70% of 2.3 MiB
2025-10-25T20:52:09.3786755Z |■■■■■■■■■■■■■■■■■■■■■■■■■■■■■■■■■■■■■■■■■■■■■■■■■■■■■■■■■■■■■■■■                |  80% of 2.3 MiB
2025-10-25T20:52:09.3820450Z |■■■■■■■■■■■■■■■■■■■■■■■■■■■■■■■■■■■■■■■■■■■■■■■■■■■■■■■■■■■■■■■■■■■■■■■■        |  90% of 2.3 MiB
2025-10-25T20:52:09.3848454Z |■■■■■■■■■■■■■■■■■■■■■■■■■■■■■■■■■■■■■■■■■■■■■■■■■■■■■■■■■■■■■■■■■■■■■■■■■■■■■■■■| 100% of 2.3 MiB
2025-10-25T20:52:09.4692293Z FFMPEG playwright build v1011 downloaded to /home/runner/.cache/ms-playwright/ffmpeg-1011
2025-10-25T20:52:10.1845941Z ##[debug]Finishing: Install Playwright
2025-10-25T20:52:10.1858036Z ##[debug]Evaluating condition for step: 'Start preview server'
2025-10-25T20:52:10.1860867Z ##[debug]Evaluating: success()
2025-10-25T20:52:10.1861501Z ##[debug]Evaluating success:
2025-10-25T20:52:10.1862072Z ##[debug]=> true
2025-10-25T20:52:10.1862462Z ##[debug]Result: true
2025-10-25T20:52:10.1863121Z ##[debug]Starting: Start preview server
2025-10-25T20:52:10.1871973Z ##[debug]Loading inputs
2025-10-25T20:52:10.1872996Z ##[debug]Loading env
2025-10-25T20:52:10.1876927Z ##[group]Run npm run preview &
2025-10-25T20:52:10.1877200Z [36;1mnpm run preview &[0m
2025-10-25T20:52:10.1877446Z [36;1mecho "PREVIEW_PID=$!" >> $GITHUB_ENV[0m
2025-10-25T20:52:10.1877728Z [36;1m# Wait for server to be ready[0m
2025-10-25T20:52:10.1878161Z [36;1mtimeout 60 bash -c 'until curl -s http://localhost:4173 > /dev/null; do sleep 1; done'[0m
2025-10-25T20:52:10.1910858Z shell: /usr/bin/bash -e {0}
2025-10-25T20:52:10.1911100Z ##[endgroup]
2025-10-25T20:52:10.1944957Z ##[debug]/usr/bin/bash -e /home/runner/work/_temp/0763b742-7f6a-4dff-8935-7cdfb74a4e6a.sh
2025-10-25T20:52:10.3134559Z 
2025-10-25T20:52:10.3135143Z > coordination-ui@0.1.0 prepreview
2025-10-25T20:52:10.3135798Z > node ../../scripts/generate-showcase.js
2025-10-25T20:52:10.3136152Z 
2025-10-25T20:52:10.3600921Z ✅ Wrote /home/runner/work/Eden_erp/Eden_erp/apps/coordination_ui/src/showcase/routes.json with 24 routes.
2025-10-25T20:52:10.3640069Z 
2025-10-25T20:52:10.3641818Z > coordination-ui@0.1.0 preview
2025-10-25T20:52:10.3645735Z > vite preview
2025-10-25T20:52:10.3645964Z 
2025-10-25T20:52:10.5592303Z [33mThe CJS build of Vite's Node API is deprecated. See https://vite.dev/guide/troubleshooting.html#vite-cjs-node-api-deprecated for more details.[39m
2025-10-25T20:52:10.5771885Z   [32m➜[39m  [1mLocal[22m:   [36mhttp://localhost:[1m4173[22m/[39m
2025-10-25T20:52:10.5775484Z   [32m➜[39m  [1mNetwork[22m: [36mhttp://10.1.0.174:[1m4173[22m/[39m
2025-10-25T20:52:16.2364312Z ##[debug]PREVIEW_PID='5843'
2025-10-25T20:52:16.2365975Z ##[debug]Finishing: Start preview server
2025-10-25T20:52:16.2375488Z ##[debug]Evaluating: secrets.PW_EMAIL
2025-10-25T20:52:16.2375868Z ##[debug]Evaluating Index:
2025-10-25T20:52:16.2376111Z ##[debug]..Evaluating secrets:
2025-10-25T20:52:16.2376391Z ##[debug]..=> Object
2025-10-25T20:52:16.2376631Z ##[debug]..Evaluating String:
2025-10-25T20:52:16.2376897Z ##[debug]..=> 'PW_EMAIL'
2025-10-25T20:52:16.2377366Z ##[debug]=> '***'
2025-10-25T20:52:16.2377630Z ##[debug]Result: '***'
2025-10-25T20:52:16.2378258Z ##[debug]Evaluating: secrets.PW_PASSWORD
2025-10-25T20:52:16.2378544Z ##[debug]Evaluating Index:
2025-10-25T20:52:16.2378771Z ##[debug]..Evaluating secrets:
2025-10-25T20:52:16.2379014Z ##[debug]..=> Object
2025-10-25T20:52:16.2379237Z ##[debug]..Evaluating String:
2025-10-25T20:52:16.2379471Z ##[debug]..=> 'PW_PASSWORD'
2025-10-25T20:52:16.2379760Z ##[debug]=> '***'
2025-10-25T20:52:16.2379989Z ##[debug]Result: '***'
2025-10-25T20:52:16.2384091Z ##[debug]Evaluating condition for step: 'Smoke navigation (contract-driven)'
2025-10-25T20:52:16.2385408Z ##[debug]Evaluating: success()
2025-10-25T20:52:16.2385761Z ##[debug]Evaluating success:
2025-10-25T20:52:16.2386107Z ##[debug]=> true
2025-10-25T20:52:16.2386422Z ##[debug]Result: true
2025-10-25T20:52:16.2386984Z ##[debug]Starting: Smoke navigation (contract-driven)
2025-10-25T20:52:16.2394955Z ##[debug]Loading inputs
2025-10-25T20:52:16.2395736Z ##[debug]Loading env
2025-10-25T20:52:16.2400408Z ##[group]Run npm run test:smoke
2025-10-25T20:52:16.2400663Z [36;1mnpm run test:smoke[0m
2025-10-25T20:52:16.2432522Z shell: /usr/bin/bash -e {0}
2025-10-25T20:52:16.2432757Z env:
2025-10-25T20:52:16.2432935Z   PREVIEW_PID: 5843
2025-10-25T20:52:16.2433189Z   PW_EMAIL: ***
2025-10-25T20:52:16.2433723Z   PW_PASSWORD: ***
2025-10-25T20:52:16.2433926Z   PW_SKIP_WEBSERVER: 1
2025-10-25T20:52:16.2434155Z   BASE_URL: http://localhost:4173
2025-10-25T20:52:16.2434392Z ##[endgroup]
2025-10-25T20:52:16.2465822Z ##[debug]/usr/bin/bash -e /home/runner/work/_temp/b76e0939-8509-4fde-bdaf-274ac4f7210b.sh
2025-10-25T20:52:16.3575210Z 
2025-10-25T20:52:16.3580243Z > eden_erp@0.1.0 test:smoke
2025-10-25T20:52:16.3581516Z > playwright test --project=chromium -g 'contract routes'
2025-10-25T20:52:16.3582350Z 
2025-10-25T20:52:17.2044746Z Error: Project(s) "chromium" not found. Available projects: ""
2025-10-25T20:52:17.2046359Z     at filterProjects (/home/runner/work/Eden_erp/Eden_erp/node_modules/playwright/lib/runner/projectUtils.js:80:11)
2025-10-25T20:52:17.2050589Z     at runTests (/home/runner/work/Eden_erp/Eden_erp/node_modules/playwright/lib/program.js:217:42)
2025-10-25T20:52:17.2051939Z     at i.<anonymous> (/home/runner/work/Eden_erp/Eden_erp/node_modules/playwright/lib/program.js:71:7)
2025-10-25T20:52:17.2254970Z ##[error]Process completed with exit code 1.
2025-10-25T20:52:17.2266189Z ##[debug]Finishing: Smoke navigation (contract-driven)
2025-10-25T20:52:17.2284269Z ##[debug]Evaluating condition for step: 'Upload Playwright report'
2025-10-25T20:52:17.2286564Z ##[debug]Evaluating: always()
2025-10-25T20:52:17.2287106Z ##[debug]Evaluating always:
2025-10-25T20:52:17.2287849Z ##[debug]=> true
2025-10-25T20:52:17.2288205Z ##[debug]Result: true
2025-10-25T20:52:17.2288808Z ##[debug]Starting: Upload Playwright report
2025-10-25T20:52:17.2320408Z ##[debug]Loading inputs
2025-10-25T20:52:17.2323911Z ##[debug]Loading env
2025-10-25T20:52:17.2327833Z ##[group]Run actions/upload-artifact@v4
2025-10-25T20:52:17.2328083Z with:
2025-10-25T20:52:17.2328274Z   name: playwright-report
2025-10-25T20:52:17.2328515Z   path: coverage/playwright-report
2025-10-25T20:52:17.2328771Z   if-no-files-found: warn
2025-10-25T20:52:17.2328982Z   compression-level: 6
2025-10-25T20:52:17.2329182Z   overwrite: false
2025-10-25T20:52:17.2329377Z   include-hidden-files: false
2025-10-25T20:52:17.2329592Z env:
2025-10-25T20:52:17.2329771Z   PREVIEW_PID: 5843
2025-10-25T20:52:17.2329986Z ##[endgroup]
2025-10-25T20:52:17.4975367Z ##[debug]followSymbolicLinks 'true'
2025-10-25T20:52:17.4977685Z ##[debug]implicitDescendants 'true'
2025-10-25T20:52:17.4980978Z ##[debug]omitBrokenSymbolicLinks 'true'
2025-10-25T20:52:17.4982315Z ##[debug]excludeHiddenFiles 'true'
2025-10-25T20:52:17.5010549Z ##[debug]followSymbolicLinks 'true'
2025-10-25T20:52:17.5011712Z ##[debug]implicitDescendants 'true'
2025-10-25T20:52:17.5012803Z ##[debug]matchDirectories 'true'
2025-10-25T20:52:17.5014957Z ##[debug]omitBrokenSymbolicLinks 'true'
2025-10-25T20:52:17.5016086Z ##[debug]excludeHiddenFiles 'true'
2025-10-25T20:52:17.5019172Z ##[debug]Search path '/home/runner/work/Eden_erp/Eden_erp/coverage/playwright-report'
2025-10-25T20:52:17.5041720Z ##[warning]No files were found with the provided path: coverage/playwright-report. No artifacts will be uploaded.
2025-10-25T20:52:18.3709092Z ##[debug]Node Action run completed with exit code 0
2025-10-25T20:52:18.3712634Z ##[debug]Finishing: Upload Playwright report
2025-10-25T20:52:18.3724891Z ##[debug]Evaluating condition for step: 'Upload UI gaps (if any)'
2025-10-25T20:52:18.3726974Z ##[debug]Evaluating: always()
2025-10-25T20:52:18.3727554Z ##[debug]Evaluating always:
2025-10-25T20:52:18.3728090Z ##[debug]=> true
2025-10-25T20:52:18.3728604Z ##[debug]Result: true
2025-10-25T20:52:18.3729435Z ##[debug]Starting: Upload UI gaps (if any)
2025-10-25T20:52:18.3762964Z ##[debug]Loading inputs
2025-10-25T20:52:18.3767727Z ##[debug]Loading env
2025-10-25T20:52:18.3774642Z ##[group]Run actions/upload-artifact@v4
2025-10-25T20:52:18.3775065Z with:
2025-10-25T20:52:18.3775358Z   name: ui-gaps
2025-10-25T20:52:18.3775706Z   path: coverage/ui-gaps.*
2025-10-25T20:52:18.3776100Z   if-no-files-found: ignore
2025-10-25T20:52:18.3776481Z   compression-level: 6
2025-10-25T20:52:18.3776836Z   overwrite: false
2025-10-25T20:52:18.3777181Z   include-hidden-files: false
2025-10-25T20:52:18.3777553Z env:
2025-10-25T20:52:18.3777838Z   PREVIEW_PID: 5843
2025-10-25T20:52:18.3778203Z ##[endgroup]
2025-10-25T20:52:19.3729645Z ##[debug]followSymbolicLinks 'true'
2025-10-25T20:52:19.3844271Z ##[debug]implicitDescendants 'true'
2025-10-25T20:52:19.3845005Z ##[debug]omitBrokenSymbolicLinks 'true'
2025-10-25T20:52:19.3845688Z ##[debug]excludeHiddenFiles 'true'
2025-10-25T20:52:19.3846346Z ##[debug]followSymbolicLinks 'true'
2025-10-25T20:52:19.3846984Z ##[debug]implicitDescendants 'true'
2025-10-25T20:52:19.3847608Z ##[debug]matchDirectories 'true'
2025-10-25T20:52:19.3848222Z ##[debug]omitBrokenSymbolicLinks 'true'
2025-10-25T20:52:19.3848862Z ##[debug]excludeHiddenFiles 'true'
2025-10-25T20:52:19.3849552Z ##[debug]Search path '/home/runner/work/Eden_erp/Eden_erp/coverage'
2025-10-25T20:52:19.3850611Z No files were found with the provided path: coverage/ui-gaps.*. No artifacts will be uploaded.
2025-10-25T20:52:19.3851996Z ##[debug]Node Action run completed with exit code 0
2025-10-25T20:52:19.3854369Z ##[debug]Finishing: Upload UI gaps (if any)
2025-10-25T20:52:19.3861258Z ##[debug]Evaluating condition for step: 'Post Setup Node'
2025-10-25T20:52:19.3862530Z ##[debug]Evaluating: success()
2025-10-25T20:52:19.3862873Z ##[debug]Evaluating success:
2025-10-25T20:52:19.3863745Z ##[debug]=> false
2025-10-25T20:52:19.3864114Z ##[debug]Result: false
2025-10-25T20:52:19.3868922Z ##[debug]Evaluating condition for step: 'Post Checkout'
2025-10-25T20:52:19.3869913Z ##[debug]Evaluating: always()
2025-10-25T20:52:19.3870238Z ##[debug]Evaluating always:
2025-10-25T20:52:19.3870539Z ##[debug]=> true
2025-10-25T20:52:19.3870846Z ##[debug]Result: true
2025-10-25T20:52:19.3871244Z ##[debug]Starting: Post Checkout
2025-10-25T20:52:19.3897358Z ##[debug]Loading inputs
2025-10-25T20:52:19.3898237Z ##[debug]Evaluating: github.repository
2025-10-25T20:52:19.3898527Z ##[debug]Evaluating Index:
2025-10-25T20:52:19.3898760Z ##[debug]..Evaluating github:
2025-10-25T20:52:19.3899011Z ##[debug]..=> Object
2025-10-25T20:52:19.3899247Z ##[debug]..Evaluating String:
2025-10-25T20:52:19.3899477Z ##[debug]..=> 'repository'
2025-10-25T20:52:19.3899806Z ##[debug]=> 'edenplumbinginc-svg/Eden_erp'
2025-10-25T20:52:19.3900107Z ##[debug]Result: 'edenplumbinginc-svg/Eden_erp'
2025-10-25T20:52:19.3901400Z ##[debug]Evaluating: github.token
2025-10-25T20:52:19.3901688Z ##[debug]Evaluating Index:
2025-10-25T20:52:19.3901917Z ##[debug]..Evaluating github:
2025-10-25T20:52:19.3902156Z ##[debug]..=> Object
2025-10-25T20:52:19.3902367Z ##[debug]..Evaluating String:
2025-10-25T20:52:19.3902584Z ##[debug]..=> 'token'
2025-10-25T20:52:19.3902960Z ##[debug]=> '***'
2025-10-25T20:52:19.3903519Z ##[debug]Result: '***'
2025-10-25T20:52:19.3910532Z ##[debug]Loading env
2025-10-25T20:52:19.3914319Z Post job cleanup.
2025-10-25T20:52:19.5646029Z ##[debug]Getting git version
2025-10-25T20:52:19.5646632Z [command]/usr/bin/git version
2025-10-25T20:52:19.5647105Z git version 2.51.0
2025-10-25T20:52:19.5647753Z ##[debug]0
2025-10-25T20:52:19.5648362Z ##[debug]git version 2.51.0
2025-10-25T20:52:19.5648581Z ##[debug]
2025-10-25T20:52:19.5649216Z ##[debug]Set git useragent to: git/2.51.0 (github-actions-checkout)
2025-10-25T20:52:19.5650102Z ::add-mask::***
2025-10-25T20:52:19.5652094Z Temporarily overriding HOME='/home/runner/work/_temp/1334aa57-8ec2-4ad4-bd2e-4ebf2dc093fc' before making global git config changes
2025-10-25T20:52:19.5653178Z Adding repository directory to the temporary git global config as a safe directory
2025-10-25T20:52:19.5654713Z [command]/usr/bin/git config --global --add safe.directory /home/runner/work/Eden_erp/Eden_erp
2025-10-25T20:52:19.5655531Z ##[debug]0
2025-10-25T20:52:19.5656081Z ##[debug]
2025-10-25T20:52:19.5656712Z [command]/usr/bin/git config --local --name-only --get-regexp core\.sshCommand
2025-10-25T20:52:19.5657447Z ##[debug]1
2025-10-25T20:52:19.5658010Z ##[debug]
2025-10-25T20:52:19.5659091Z [command]/usr/bin/git submodule foreach --recursive sh -c "git config --local --name-only --get-regexp 'core\.sshCommand' && git config --local --unset-all 'core.sshCommand' || :"
2025-10-25T20:52:19.5660094Z ##[debug]0
2025-10-25T20:52:19.5660619Z ##[debug]
2025-10-25T20:52:19.5661362Z [command]/usr/bin/git config --local --name-only --get-regexp http\.https\:\/\/github\.com\/\.extraheader
2025-10-25T20:52:19.5662092Z http.https://github.com/.extraheader
2025-10-25T20:52:19.5662937Z ##[debug]0
2025-10-25T20:52:19.5663762Z ##[debug]http.https://github.com/.extraheader
2025-10-25T20:52:19.5664094Z ##[debug]
2025-10-25T20:52:19.5664800Z [command]/usr/bin/git config --local --unset-all http.https://github.com/.extraheader
2025-10-25T20:52:19.5665573Z ##[debug]0
2025-10-25T20:52:19.5666101Z ##[debug]
2025-10-25T20:52:19.5667336Z [command]/usr/bin/git submodule foreach --recursive sh -c "git config --local --name-only --get-regexp 'http\.https\:\/\/github\.com\/\.extraheader' && git config --local --unset-all 'http.https://github.com/.extraheader' || :"
2025-10-25T20:52:19.5668518Z ##[debug]0
2025-10-25T20:52:19.5669040Z ##[debug]
2025-10-25T20:52:19.5669600Z ##[debug]Unsetting HOME override
2025-10-25T20:52:19.5670715Z ##[debug]Node Action run completed with exit code 0
2025-10-25T20:52:19.5672774Z ##[debug]Finishing: Post Checkout
2025-10-25T20:52:19.5711817Z ##[debug]Starting: Complete job
2025-10-25T20:52:19.5714116Z Uploading runner diagnostic logs
2025-10-25T20:52:19.5725468Z ##[debug]Starting diagnostic file upload.
2025-10-25T20:52:19.5725802Z ##[debug]Setting up diagnostic log folders.
2025-10-25T20:52:19.5727415Z ##[debug]Creating diagnostic log files folder.
2025-10-25T20:52:19.5735198Z ##[debug]Copying 1 worker diagnostic logs.
2025-10-25T20:52:19.5744099Z ##[debug]Copying 1 runner diagnostic logs.
2025-10-25T20:52:19.5745177Z ##[debug]Zipping diagnostic files.
2025-10-25T20:52:19.5830176Z ##[debug]Uploading diagnostic metadata file.
2025-10-25T20:52:19.5856409Z ##[debug]Diagnostic file upload complete.
2025-10-25T20:52:19.5913553Z Completed runner diagnostic log upload
2025-10-25T20:52:19.5914025Z Cleaning up orphan processes
2025-10-25T20:52:19.6158836Z Terminate orphan process: pid (5843) (npm run preview)
2025-10-25T20:52:19.6194625Z Terminate orphan process: pid (5866) (sh)
2025-10-25T20:52:19.6225076Z Terminate orphan process: pid (5867) (node)
2025-10-25T20:52:19.6260329Z Terminate orphan process: pid (5878) (esbuild)
2025-10-25T20:52:19.6262107Z ##[debug]Finishing: Complete job
2025-10-25T20:52:19.6302382Z ##[debug]Finishing: gates
